Mar 21 16:03:38 debian-min kernel: [    0.000000] Linux version 4.19.0-8-amd64 (debian-kernel@lists.debian.org) (gcc version 8.3.0 (Debian 8.3.0-6)) #1 SMP Debian 4.19.98-1 (2020-01-26)
Mar 21 16:03:38 debian-min kernel: [    0.000000] Command line: BOOT_IMAGE=/boot/vmlinuz-4.19.0-8-amd64 root=UUID=d98a5368-a598-4b23-8c2c-1d90a6f6d4dd ro quiet
Mar 21 16:03:38 debian-min kernel: [    0.000000] x86/fpu: Supporting XSAVE feature 0x001: 'x87 floating point registers'
Mar 21 16:03:38 debian-min kernel: [    0.000000] x86/fpu: Supporting XSAVE feature 0x002: 'SSE registers'
Mar 21 16:03:38 debian-min kernel: [    0.000000] x86/fpu: Supporting XSAVE feature 0x004: 'AVX registers'
Mar 21 16:03:38 debian-min kernel: [    0.000000] x86/fpu: xstate_offset[2]:  576, xstate_sizes[2]:  256
Mar 21 16:03:38 debian-min kernel: [    0.000000] x86/fpu: Enabled xstate features 0x7, context size is 832 bytes, using 'compacted' format.
Mar 21 16:03:38 debian-min kernel: [    0.000000] BIOS-provided physical RAM map:
Mar 21 16:03:38 debian-min kernel: [    0.000000] BIOS-e820: [mem 0x0000000000000000-0x000000000009ebff] usable
Mar 21 16:03:38 debian-min kernel: [    0.000000] BIOS-e820: [mem 0x000000000009ec00-0x000000000009ffff] reserved
Mar 21 16:03:38 debian-min kernel: [    0.000000] BIOS-e820: [mem 0x00000000000dc000-0x00000000000fffff] reserved
Mar 21 16:03:38 debian-min kernel: [    0.000000] BIOS-e820: [mem 0x0000000000100000-0x00000000bfedffff] usable
Mar 21 16:03:38 debian-min kernel: [    0.000000] BIOS-e820: [mem 0x00000000bfee0000-0x00000000bfefefff] ACPI data
Mar 21 16:03:38 debian-min kernel: [    0.000000] BIOS-e820: [mem 0x00000000bfeff000-0x00000000bfefffff] ACPI NVS
Mar 21 16:03:38 debian-min kernel: [    0.000000] BIOS-e820: [mem 0x00000000bff00000-0x00000000bfffffff] usable
Mar 21 16:03:38 debian-min kernel: [    0.000000] BIOS-e820: [mem 0x00000000f0000000-0x00000000f7ffffff] reserved
Mar 21 16:03:38 debian-min kernel: [    0.000000] BIOS-e820: [mem 0x00000000fec00000-0x00000000fec0ffff] reserved
Mar 21 16:03:38 debian-min kernel: [    0.000000] BIOS-e820: [mem 0x00000000fee00000-0x00000000fee00fff] reserved
Mar 21 16:03:38 debian-min kernel: [    0.000000] BIOS-e820: [mem 0x00000000fffe0000-0x00000000ffffffff] reserved
Mar 21 16:03:38 debian-min kernel: [    0.000000] BIOS-e820: [mem 0x0000000100000000-0x000000013fffffff] usable
Mar 21 16:03:38 debian-min kernel: [    0.000000] NX (Execute Disable) protection: active
Mar 21 16:03:38 debian-min kernel: [    0.000000] SMBIOS 2.7 present.
Mar 21 16:03:38 debian-min kernel: [    0.000000] DMI: VMware, Inc. VMware Virtual Platform/440BX Desktop Reference Platform, BIOS 6.00 07/29/2019
Mar 21 16:03:38 debian-min kernel: [    0.000000] Hypervisor detected: VMware
Mar 21 16:03:38 debian-min kernel: [    0.000000] vmware: TSC freq read from hypervisor : 3792.874 MHz
Mar 21 16:03:38 debian-min kernel: [    0.000000] vmware: Host bus clock speed read from hypervisor : 66000000 Hz
Mar 21 16:03:38 debian-min kernel: [    0.000000] vmware: using sched offset of 3756631210 ns
Mar 21 16:03:38 debian-min kernel: [    0.000000] tsc: Detected 3792.874 MHz processor
Mar 21 16:03:38 debian-min kernel: [    0.001854] last_pfn = 0x140000 max_arch_pfn = 0x400000000
Mar 21 16:03:38 debian-min kernel: [    0.001886] x86/PAT: Configuration [0-7]: WB  WC  UC- UC  WB  WP  UC- WT  
Mar 21 16:03:38 debian-min kernel: [    0.001898] last_pfn = 0xc0000 max_arch_pfn = 0x400000000
Mar 21 16:03:38 debian-min kernel: [    0.003886] found SMP MP-table at [mem 0x000f6a70-0x000f6a7f]
Mar 21 16:03:38 debian-min kernel: [    0.003958] Using GB pages for direct mapping
Mar 21 16:03:38 debian-min kernel: [    0.004113] RAMDISK: [mem 0x34eb5000-0x36751fff]
Mar 21 16:03:38 debian-min kernel: [    0.004125] ACPI: Early table checksum verification disabled
Mar 21 16:03:38 debian-min kernel: [    0.004154] ACPI: RSDP 0x00000000000F6A00 000024 (v02 PTLTD )
Mar 21 16:03:38 debian-min kernel: [    0.004158] ACPI: XSDT 0x00000000BFEEA65B 00005C (v01 INTEL  440BX    06040000 VMW  01324272)
Mar 21 16:03:38 debian-min kernel: [    0.004162] ACPI: FACP 0x00000000BFEFEE73 0000F4 (v04 INTEL  440BX    06040000 PTL  000F4240)
Mar 21 16:03:38 debian-min kernel: [    0.004165] ACPI: DSDT 0x00000000BFEEB7E9 01368A (v01 PTLTD  Custom   06040000 MSFT 03000001)
Mar 21 16:03:38 debian-min kernel: [    0.004168] ACPI: FACS 0x00000000BFEFFFC0 000040
Mar 21 16:03:38 debian-min kernel: [    0.004169] ACPI: FACS 0x00000000BFEFFFC0 000040
Mar 21 16:03:38 debian-min kernel: [    0.004170] ACPI: BOOT 0x00000000BFEEB7C1 000028 (v01 PTLTD  $SBFTBL$ 06040000  LTP 00000001)
Mar 21 16:03:38 debian-min kernel: [    0.004172] ACPI: APIC 0x00000000BFEEB07F 000742 (v01 PTLTD  ? APIC   06040000  LTP 00000000)
Mar 21 16:03:38 debian-min kernel: [    0.004173] ACPI: MCFG 0x00000000BFEEB043 00003C (v01 PTLTD  $PCITBL$ 06040000  LTP 00000001)
Mar 21 16:03:38 debian-min kernel: [    0.004174] ACPI: SRAT 0x00000000BFEEA757 0008A8 (v02 VMWARE MEMPLUG  06040000 VMW  00000001)
Mar 21 16:03:38 debian-min kernel: [    0.004176] ACPI: HPET 0x00000000BFEEA71F 000038 (v01 VMWARE VMW HPET 06040000 VMW  00000001)
Mar 21 16:03:38 debian-min kernel: [    0.004177] ACPI: WAET 0x00000000BFEEA6F7 000028 (v01 VMWARE VMW WAET 06040000 VMW  00000001)
Mar 21 16:03:38 debian-min kernel: [    0.004183] Setting APIC routing to physical flat.
Mar 21 16:03:38 debian-min kernel: [    0.004217] SRAT: PXM 0 -> APIC 0x00 -> Node 0
Mar 21 16:03:38 debian-min kernel: [    0.004218] SRAT: PXM 0 -> APIC 0x01 -> Node 0
Mar 21 16:03:38 debian-min kernel: [    0.004218] SRAT: PXM 0 -> APIC 0x02 -> Node 0
Mar 21 16:03:38 debian-min kernel: [    0.004219] SRAT: PXM 0 -> APIC 0x03 -> Node 0
Mar 21 16:03:38 debian-min kernel: [    0.004219] SRAT: PXM 0 -> APIC 0x04 -> Node 0
Mar 21 16:03:38 debian-min kernel: [    0.004219] SRAT: PXM 0 -> APIC 0x05 -> Node 0
Mar 21 16:03:38 debian-min kernel: [    0.004219] SRAT: PXM 0 -> APIC 0x06 -> Node 0
Mar 21 16:03:38 debian-min kernel: [    0.004220] SRAT: PXM 0 -> APIC 0x07 -> Node 0
Mar 21 16:03:38 debian-min kernel: [    0.004220] SRAT: PXM 0 -> APIC 0x08 -> Node 0
Mar 21 16:03:38 debian-min kernel: [    0.004220] SRAT: PXM 0 -> APIC 0x09 -> Node 0
Mar 21 16:03:38 debian-min kernel: [    0.004221] SRAT: PXM 0 -> APIC 0x0a -> Node 0
Mar 21 16:03:38 debian-min kernel: [    0.004221] SRAT: PXM 0 -> APIC 0x0b -> Node 0
Mar 21 16:03:38 debian-min kernel: [    0.004221] SRAT: PXM 0 -> APIC 0x0c -> Node 0
Mar 21 16:03:38 debian-min kernel: [    0.004222] SRAT: PXM 0 -> APIC 0x0d -> Node 0
Mar 21 16:03:38 debian-min kernel: [    0.004222] SRAT: PXM 0 -> APIC 0x0e -> Node 0
Mar 21 16:03:38 debian-min kernel: [    0.004222] SRAT: PXM 0 -> APIC 0x0f -> Node 0
Mar 21 16:03:38 debian-min kernel: [    0.004222] SRAT: PXM 0 -> APIC 0x10 -> Node 0
Mar 21 16:03:38 debian-min kernel: [    0.004223] SRAT: PXM 0 -> APIC 0x11 -> Node 0
Mar 21 16:03:38 debian-min kernel: [    0.004223] SRAT: PXM 0 -> APIC 0x12 -> Node 0
Mar 21 16:03:38 debian-min kernel: [    0.004223] SRAT: PXM 0 -> APIC 0x13 -> Node 0
Mar 21 16:03:38 debian-min kernel: [    0.004224] SRAT: PXM 0 -> APIC 0x14 -> Node 0
Mar 21 16:03:38 debian-min kernel: [    0.004224] SRAT: PXM 0 -> APIC 0x15 -> Node 0
Mar 21 16:03:38 debian-min kernel: [    0.004224] SRAT: PXM 0 -> APIC 0x16 -> Node 0
Mar 21 16:03:38 debian-min kernel: [    0.004225] SRAT: PXM 0 -> APIC 0x17 -> Node 0
Mar 21 16:03:38 debian-min kernel: [    0.004225] SRAT: PXM 0 -> APIC 0x18 -> Node 0
Mar 21 16:03:38 debian-min kernel: [    0.004225] SRAT: PXM 0 -> APIC 0x19 -> Node 0
Mar 21 16:03:38 debian-min kernel: [    0.004225] SRAT: PXM 0 -> APIC 0x1a -> Node 0
Mar 21 16:03:38 debian-min kernel: [    0.004226] SRAT: PXM 0 -> APIC 0x1b -> Node 0
Mar 21 16:03:38 debian-min kernel: [    0.004226] SRAT: PXM 0 -> APIC 0x1c -> Node 0
Mar 21 16:03:38 debian-min kernel: [    0.004226] SRAT: PXM 0 -> APIC 0x1d -> Node 0
Mar 21 16:03:38 debian-min kernel: [    0.004227] SRAT: PXM 0 -> APIC 0x1e -> Node 0
Mar 21 16:03:38 debian-min kernel: [    0.004227] SRAT: PXM 0 -> APIC 0x1f -> Node 0
Mar 21 16:03:38 debian-min kernel: [    0.004227] SRAT: PXM 0 -> APIC 0x20 -> Node 0
Mar 21 16:03:38 debian-min kernel: [    0.004228] SRAT: PXM 0 -> APIC 0x21 -> Node 0
Mar 21 16:03:38 debian-min kernel: [    0.004228] SRAT: PXM 0 -> APIC 0x22 -> Node 0
Mar 21 16:03:38 debian-min kernel: [    0.004228] SRAT: PXM 0 -> APIC 0x23 -> Node 0
Mar 21 16:03:38 debian-min kernel: [    0.004228] SRAT: PXM 0 -> APIC 0x24 -> Node 0
Mar 21 16:03:38 debian-min kernel: [    0.004229] SRAT: PXM 0 -> APIC 0x25 -> Node 0
Mar 21 16:03:38 debian-min kernel: [    0.004229] SRAT: PXM 0 -> APIC 0x26 -> Node 0
Mar 21 16:03:38 debian-min kernel: [    0.004229] SRAT: PXM 0 -> APIC 0x27 -> Node 0
Mar 21 16:03:38 debian-min kernel: [    0.004230] SRAT: PXM 0 -> APIC 0x28 -> Node 0
Mar 21 16:03:38 debian-min kernel: [    0.004230] SRAT: PXM 0 -> APIC 0x29 -> Node 0
Mar 21 16:03:38 debian-min kernel: [    0.004230] SRAT: PXM 0 -> APIC 0x2a -> Node 0
Mar 21 16:03:38 debian-min kernel: [    0.004231] SRAT: PXM 0 -> APIC 0x2b -> Node 0
Mar 21 16:03:38 debian-min kernel: [    0.004231] SRAT: PXM 0 -> APIC 0x2c -> Node 0
Mar 21 16:03:38 debian-min kernel: [    0.004231] SRAT: PXM 0 -> APIC 0x2d -> Node 0
Mar 21 16:03:38 debian-min kernel: [    0.004231] SRAT: PXM 0 -> APIC 0x2e -> Node 0
Mar 21 16:03:38 debian-min kernel: [    0.004232] SRAT: PXM 0 -> APIC 0x2f -> Node 0
Mar 21 16:03:38 debian-min kernel: [    0.004232] SRAT: PXM 0 -> APIC 0x30 -> Node 0
Mar 21 16:03:38 debian-min kernel: [    0.004232] SRAT: PXM 0 -> APIC 0x31 -> Node 0
Mar 21 16:03:38 debian-min kernel: [    0.004233] SRAT: PXM 0 -> APIC 0x32 -> Node 0
Mar 21 16:03:38 debian-min kernel: [    0.004233] SRAT: PXM 0 -> APIC 0x33 -> Node 0
Mar 21 16:03:38 debian-min kernel: [    0.004233] SRAT: PXM 0 -> APIC 0x34 -> Node 0
Mar 21 16:03:38 debian-min kernel: [    0.004234] SRAT: PXM 0 -> APIC 0x35 -> Node 0
Mar 21 16:03:38 debian-min kernel: [    0.004234] SRAT: PXM 0 -> APIC 0x36 -> Node 0
Mar 21 16:03:38 debian-min kernel: [    0.004234] SRAT: PXM 0 -> APIC 0x37 -> Node 0
Mar 21 16:03:38 debian-min kernel: [    0.004234] SRAT: PXM 0 -> APIC 0x38 -> Node 0
Mar 21 16:03:38 debian-min kernel: [    0.004235] SRAT: PXM 0 -> APIC 0x39 -> Node 0
Mar 21 16:03:38 debian-min kernel: [    0.004235] SRAT: PXM 0 -> APIC 0x3a -> Node 0
Mar 21 16:03:38 debian-min kernel: [    0.004235] SRAT: PXM 0 -> APIC 0x3b -> Node 0
Mar 21 16:03:38 debian-min kernel: [    0.004236] SRAT: PXM 0 -> APIC 0x3c -> Node 0
Mar 21 16:03:38 debian-min kernel: [    0.004236] SRAT: PXM 0 -> APIC 0x3d -> Node 0
Mar 21 16:03:38 debian-min kernel: [    0.004236] SRAT: PXM 0 -> APIC 0x3e -> Node 0
Mar 21 16:03:38 debian-min kernel: [    0.004237] SRAT: PXM 0 -> APIC 0x3f -> Node 0
Mar 21 16:03:38 debian-min kernel: [    0.004237] SRAT: PXM 0 -> APIC 0x40 -> Node 0
Mar 21 16:03:38 debian-min kernel: [    0.004237] SRAT: PXM 0 -> APIC 0x41 -> Node 0
Mar 21 16:03:38 debian-min kernel: [    0.004237] SRAT: PXM 0 -> APIC 0x42 -> Node 0
Mar 21 16:03:38 debian-min kernel: [    0.004238] SRAT: PXM 0 -> APIC 0x43 -> Node 0
Mar 21 16:03:38 debian-min kernel: [    0.004238] SRAT: PXM 0 -> APIC 0x44 -> Node 0
Mar 21 16:03:38 debian-min kernel: [    0.004238] SRAT: PXM 0 -> APIC 0x45 -> Node 0
Mar 21 16:03:38 debian-min kernel: [    0.004239] SRAT: PXM 0 -> APIC 0x46 -> Node 0
Mar 21 16:03:38 debian-min kernel: [    0.004239] SRAT: PXM 0 -> APIC 0x47 -> Node 0
Mar 21 16:03:38 debian-min kernel: [    0.004239] SRAT: PXM 0 -> APIC 0x48 -> Node 0
Mar 21 16:03:38 debian-min kernel: [    0.004239] SRAT: PXM 0 -> APIC 0x49 -> Node 0
Mar 21 16:03:38 debian-min kernel: [    0.004240] SRAT: PXM 0 -> APIC 0x4a -> Node 0
Mar 21 16:03:38 debian-min kernel: [    0.004240] SRAT: PXM 0 -> APIC 0x4b -> Node 0
Mar 21 16:03:38 debian-min kernel: [    0.004240] SRAT: PXM 0 -> APIC 0x4c -> Node 0
Mar 21 16:03:38 debian-min kernel: [    0.004241] SRAT: PXM 0 -> APIC 0x4d -> Node 0
Mar 21 16:03:38 debian-min kernel: [    0.004241] SRAT: PXM 0 -> APIC 0x4e -> Node 0
Mar 21 16:03:38 debian-min kernel: [    0.004241] SRAT: PXM 0 -> APIC 0x4f -> Node 0
Mar 21 16:03:38 debian-min kernel: [    0.004242] SRAT: PXM 0 -> APIC 0x50 -> Node 0
Mar 21 16:03:38 debian-min kernel: [    0.004242] SRAT: PXM 0 -> APIC 0x51 -> Node 0
Mar 21 16:03:38 debian-min kernel: [    0.004242] SRAT: PXM 0 -> APIC 0x52 -> Node 0
Mar 21 16:03:38 debian-min kernel: [    0.004242] SRAT: PXM 0 -> APIC 0x53 -> Node 0
Mar 21 16:03:38 debian-min kernel: [    0.004243] SRAT: PXM 0 -> APIC 0x54 -> Node 0
Mar 21 16:03:38 debian-min kernel: [    0.004243] SRAT: PXM 0 -> APIC 0x55 -> Node 0
Mar 21 16:03:38 debian-min kernel: [    0.004243] SRAT: PXM 0 -> APIC 0x56 -> Node 0
Mar 21 16:03:38 debian-min kernel: [    0.004244] SRAT: PXM 0 -> APIC 0x57 -> Node 0
Mar 21 16:03:38 debian-min kernel: [    0.004244] SRAT: PXM 0 -> APIC 0x58 -> Node 0
Mar 21 16:03:38 debian-min kernel: [    0.004244] SRAT: PXM 0 -> APIC 0x59 -> Node 0
Mar 21 16:03:38 debian-min kernel: [    0.004245] SRAT: PXM 0 -> APIC 0x5a -> Node 0
Mar 21 16:03:38 debian-min kernel: [    0.004245] SRAT: PXM 0 -> APIC 0x5b -> Node 0
Mar 21 16:03:38 debian-min kernel: [    0.004245] SRAT: PXM 0 -> APIC 0x5c -> Node 0
Mar 21 16:03:38 debian-min kernel: [    0.004245] SRAT: PXM 0 -> APIC 0x5d -> Node 0
Mar 21 16:03:38 debian-min kernel: [    0.004246] SRAT: PXM 0 -> APIC 0x5e -> Node 0
Mar 21 16:03:38 debian-min kernel: [    0.004246] SRAT: PXM 0 -> APIC 0x5f -> Node 0
Mar 21 16:03:38 debian-min kernel: [    0.004246] SRAT: PXM 0 -> APIC 0x60 -> Node 0
Mar 21 16:03:38 debian-min kernel: [    0.004247] SRAT: PXM 0 -> APIC 0x61 -> Node 0
Mar 21 16:03:38 debian-min kernel: [    0.004247] SRAT: PXM 0 -> APIC 0x62 -> Node 0
Mar 21 16:03:38 debian-min kernel: [    0.004247] SRAT: PXM 0 -> APIC 0x63 -> Node 0
Mar 21 16:03:38 debian-min kernel: [    0.004248] SRAT: PXM 0 -> APIC 0x64 -> Node 0
Mar 21 16:03:38 debian-min kernel: [    0.004248] SRAT: PXM 0 -> APIC 0x65 -> Node 0
Mar 21 16:03:38 debian-min kernel: [    0.004248] SRAT: PXM 0 -> APIC 0x66 -> Node 0
Mar 21 16:03:38 debian-min kernel: [    0.004248] SRAT: PXM 0 -> APIC 0x67 -> Node 0
Mar 21 16:03:38 debian-min kernel: [    0.004249] SRAT: PXM 0 -> APIC 0x68 -> Node 0
Mar 21 16:03:38 debian-min kernel: [    0.004249] SRAT: PXM 0 -> APIC 0x69 -> Node 0
Mar 21 16:03:38 debian-min kernel: [    0.004249] SRAT: PXM 0 -> APIC 0x6a -> Node 0
Mar 21 16:03:38 debian-min kernel: [    0.004250] SRAT: PXM 0 -> APIC 0x6b -> Node 0
Mar 21 16:03:38 debian-min kernel: [    0.004250] SRAT: PXM 0 -> APIC 0x6c -> Node 0
Mar 21 16:03:38 debian-min kernel: [    0.004250] SRAT: PXM 0 -> APIC 0x6d -> Node 0
Mar 21 16:03:38 debian-min kernel: [    0.004250] SRAT: PXM 0 -> APIC 0x6e -> Node 0
Mar 21 16:03:38 debian-min kernel: [    0.004251] SRAT: PXM 0 -> APIC 0x6f -> Node 0
Mar 21 16:03:38 debian-min kernel: [    0.004251] SRAT: PXM 0 -> APIC 0x70 -> Node 0
Mar 21 16:03:38 debian-min kernel: [    0.004251] SRAT: PXM 0 -> APIC 0x71 -> Node 0
Mar 21 16:03:38 debian-min kernel: [    0.004252] SRAT: PXM 0 -> APIC 0x72 -> Node 0
Mar 21 16:03:38 debian-min kernel: [    0.004252] SRAT: PXM 0 -> APIC 0x73 -> Node 0
Mar 21 16:03:38 debian-min kernel: [    0.004252] SRAT: PXM 0 -> APIC 0x74 -> Node 0
Mar 21 16:03:38 debian-min kernel: [    0.004253] SRAT: PXM 0 -> APIC 0x75 -> Node 0
Mar 21 16:03:38 debian-min kernel: [    0.004253] SRAT: PXM 0 -> APIC 0x76 -> Node 0
Mar 21 16:03:38 debian-min kernel: [    0.004253] SRAT: PXM 0 -> APIC 0x77 -> Node 0
Mar 21 16:03:38 debian-min kernel: [    0.004253] SRAT: PXM 0 -> APIC 0x78 -> Node 0
Mar 21 16:03:38 debian-min kernel: [    0.004254] SRAT: PXM 0 -> APIC 0x79 -> Node 0
Mar 21 16:03:38 debian-min kernel: [    0.004254] SRAT: PXM 0 -> APIC 0x7a -> Node 0
Mar 21 16:03:38 debian-min kernel: [    0.004254] SRAT: PXM 0 -> APIC 0x7b -> Node 0
Mar 21 16:03:38 debian-min kernel: [    0.004255] SRAT: PXM 0 -> APIC 0x7c -> Node 0
Mar 21 16:03:38 debian-min kernel: [    0.004255] SRAT: PXM 0 -> APIC 0x7d -> Node 0
Mar 21 16:03:38 debian-min kernel: [    0.004255] SRAT: PXM 0 -> APIC 0x7e -> Node 0
Mar 21 16:03:38 debian-min kernel: [    0.004256] SRAT: PXM 0 -> APIC 0x7f -> Node 0
Mar 21 16:03:38 debian-min kernel: [    0.004257] ACPI: SRAT: Node 0 PXM 0 [mem 0x00000000-0x0009ffff]
Mar 21 16:03:38 debian-min kernel: [    0.004258] ACPI: SRAT: Node 0 PXM 0 [mem 0x00100000-0xbfffffff]
Mar 21 16:03:38 debian-min kernel: [    0.004258] ACPI: SRAT: Node 0 PXM 0 [mem 0x100000000-0x13fffffff]
Mar 21 16:03:38 debian-min kernel: [    0.004259] NUMA: Node 0 [mem 0x00000000-0x0009ffff] + [mem 0x00100000-0xbfffffff] -> [mem 0x00000000-0xbfffffff]
Mar 21 16:03:38 debian-min kernel: [    0.004260] NUMA: Node 0 [mem 0x00000000-0xbfffffff] + [mem 0x100000000-0x13fffffff] -> [mem 0x00000000-0x13fffffff]
Mar 21 16:03:38 debian-min kernel: [    0.004262] NODE_DATA(0) allocated [mem 0x13fff9000-0x13fffdfff]
Mar 21 16:03:38 debian-min rsyslogd: imuxsock: Acquired UNIX socket '/run/systemd/journal/syslog' (fd 3) from systemd.  [v8.1901.0]
Mar 21 16:03:38 debian-min kernel: [    0.004288] Zone ranges:
Mar 21 16:03:38 debian-min kernel: [    0.004288]   DMA      [mem 0x0000000000001000-0x0000000000ffffff]
Mar 21 16:03:38 debian-min kernel: [    0.004289]   DMA32    [mem 0x0000000001000000-0x00000000ffffffff]
Mar 21 16:03:38 debian-min kernel: [    0.004289]   Normal   [mem 0x0000000100000000-0x000000013fffffff]
Mar 21 16:03:38 debian-min kernel: [    0.004290]   Device   empty
Mar 21 16:03:38 debian-min kernel: [    0.004290] Movable zone start for each node
Mar 21 16:03:38 debian-min kernel: [    0.004291] Early memory node ranges
Mar 21 16:03:38 debian-min kernel: [    0.004291]   node   0: [mem 0x0000000000001000-0x000000000009dfff]
Mar 21 16:03:38 debian-min kernel: [    0.004292]   node   0: [mem 0x0000000000100000-0x00000000bfedffff]
Mar 21 16:03:38 debian-min kernel: [    0.004292]   node   0: [mem 0x00000000bff00000-0x00000000bfffffff]
Mar 21 16:03:38 debian-min kernel: [    0.004292]   node   0: [mem 0x0000000100000000-0x000000013fffffff]
Mar 21 16:03:38 debian-min kernel: [    0.004297] Reserved but unavailable: 99 pages
Mar 21 16:03:38 debian-min kernel: [    0.004298] Initmem setup node 0 [mem 0x0000000000001000-0x000000013fffffff]
Mar 21 16:03:38 debian-min kernel: [    0.031315] ACPI: PM-Timer IO Port: 0x1008
Mar 21 16:03:38 debian-min kernel: [    0.031327] ACPI: LAPIC_NMI (acpi_id[0x00] high edge lint[0x1])
Mar 21 16:03:38 debian-min kernel: [    0.031328] ACPI: LAPIC_NMI (acpi_id[0x01] high edge lint[0x1])
Mar 21 16:03:38 debian-min kernel: [    0.031328] ACPI: LAPIC_NMI (acpi_id[0x02] high edge lint[0x1])
Mar 21 16:03:38 debian-min kernel: [    0.031328] ACPI: LAPIC_NMI (acpi_id[0x03] high edge lint[0x1])
Mar 21 16:03:38 debian-min kernel: [    0.031329] ACPI: LAPIC_NMI (acpi_id[0x04] high edge lint[0x1])
Mar 21 16:03:38 debian-min kernel: [    0.031329] ACPI: LAPIC_NMI (acpi_id[0x05] high edge lint[0x1])
Mar 21 16:03:38 debian-min kernel: [    0.031329] ACPI: LAPIC_NMI (acpi_id[0x06] high edge lint[0x1])
Mar 21 16:03:38 debian-min kernel: [    0.031330] ACPI: LAPIC_NMI (acpi_id[0x07] high edge lint[0x1])
Mar 21 16:03:38 debian-min kernel: [    0.031330] ACPI: LAPIC_NMI (acpi_id[0x08] high edge lint[0x1])
Mar 21 16:03:38 debian-min kernel: [    0.031330] ACPI: LAPIC_NMI (acpi_id[0x09] high edge lint[0x1])
Mar 21 16:03:38 debian-min kernel: [    0.031330] ACPI: LAPIC_NMI (acpi_id[0x0a] high edge lint[0x1])
Mar 21 16:03:38 debian-min kernel: [    0.031331] ACPI: LAPIC_NMI (acpi_id[0x0b] high edge lint[0x1])
Mar 21 16:03:38 debian-min kernel: [    0.031331] ACPI: LAPIC_NMI (acpi_id[0x0c] high edge lint[0x1])
Mar 21 16:03:38 debian-min kernel: [    0.031331] ACPI: LAPIC_NMI (acpi_id[0x0d] high edge lint[0x1])
Mar 21 16:03:38 debian-min kernel: [    0.031332] ACPI: LAPIC_NMI (acpi_id[0x0e] high edge lint[0x1])
Mar 21 16:03:38 debian-min kernel: [    0.031332] ACPI: LAPIC_NMI (acpi_id[0x0f] high edge lint[0x1])
Mar 21 16:03:38 debian-min kernel: [    0.031332] ACPI: LAPIC_NMI (acpi_id[0x10] high edge lint[0x1])
Mar 21 16:03:38 debian-min kernel: [    0.031333] ACPI: LAPIC_NMI (acpi_id[0x11] high edge lint[0x1])
Mar 21 16:03:38 debian-min kernel: [    0.031333] ACPI: LAPIC_NMI (acpi_id[0x12] high edge lint[0x1])
Mar 21 16:03:38 debian-min kernel: [    0.031333] ACPI: LAPIC_NMI (acpi_id[0x13] high edge lint[0x1])
Mar 21 16:03:38 debian-min kernel: [    0.031334] ACPI: LAPIC_NMI (acpi_id[0x14] high edge lint[0x1])
Mar 21 16:03:38 debian-min kernel: [    0.031334] ACPI: LAPIC_NMI (acpi_id[0x15] high edge lint[0x1])
Mar 21 16:03:38 debian-min kernel: [    0.031334] ACPI: LAPIC_NMI (acpi_id[0x16] high edge lint[0x1])
Mar 21 16:03:38 debian-min kernel: [    0.031334] ACPI: LAPIC_NMI (acpi_id[0x17] high edge lint[0x1])
Mar 21 16:03:38 debian-min kernel: [    0.031335] ACPI: LAPIC_NMI (acpi_id[0x18] high edge lint[0x1])
Mar 21 16:03:38 debian-min kernel: [    0.031335] ACPI: LAPIC_NMI (acpi_id[0x19] high edge lint[0x1])
Mar 21 16:03:38 debian-min kernel: [    0.031335] ACPI: LAPIC_NMI (acpi_id[0x1a] high edge lint[0x1])
Mar 21 16:03:38 debian-min rsyslogd:  [origin software="rsyslogd" swVersion="8.1901.0" x-pid="438" x-info="https://www.rsyslog.com"] start
Mar 21 16:03:38 debian-min kernel: [    0.031336] ACPI: LAPIC_NMI (acpi_id[0x1b] high edge lint[0x1])
Mar 21 16:03:38 debian-min kernel: [    0.031336] ACPI: LAPIC_NMI (acpi_id[0x1c] high edge lint[0x1])
Mar 21 16:03:38 debian-min kernel: [    0.031336] ACPI: LAPIC_NMI (acpi_id[0x1d] high edge lint[0x1])
Mar 21 16:03:38 debian-min kernel: [    0.031337] ACPI: LAPIC_NMI (acpi_id[0x1e] high edge lint[0x1])
Mar 21 16:03:38 debian-min kernel: [    0.031337] ACPI: LAPIC_NMI (acpi_id[0x1f] high edge lint[0x1])
Mar 21 16:03:38 debian-min kernel: [    0.031337] ACPI: LAPIC_NMI (acpi_id[0x20] high edge lint[0x1])
Mar 21 16:03:38 debian-min kernel: [    0.031338] ACPI: LAPIC_NMI (acpi_id[0x21] high edge lint[0x1])
Mar 21 16:03:38 debian-min kernel: [    0.031338] ACPI: LAPIC_NMI (acpi_id[0x22] high edge lint[0x1])
Mar 21 16:03:38 debian-min kernel: [    0.031338] ACPI: LAPIC_NMI (acpi_id[0x23] high edge lint[0x1])
Mar 21 16:03:38 debian-min kernel: [    0.031338] ACPI: LAPIC_NMI (acpi_id[0x24] high edge lint[0x1])
Mar 21 16:03:38 debian-min kernel: [    0.031339] ACPI: LAPIC_NMI (acpi_id[0x25] high edge lint[0x1])
Mar 21 16:03:38 debian-min kernel: [    0.031339] ACPI: LAPIC_NMI (acpi_id[0x26] high edge lint[0x1])
Mar 21 16:03:38 debian-min kernel: [    0.031339] ACPI: LAPIC_NMI (acpi_id[0x27] high edge lint[0x1])
Mar 21 16:03:38 debian-min kernel: [    0.031340] ACPI: LAPIC_NMI (acpi_id[0x28] high edge lint[0x1])
Mar 21 16:03:38 debian-min kernel: [    0.031340] ACPI: LAPIC_NMI (acpi_id[0x29] high edge lint[0x1])
Mar 21 16:03:38 debian-min kernel: [    0.031340] ACPI: LAPIC_NMI (acpi_id[0x2a] high edge lint[0x1])
Mar 21 16:03:38 debian-min kernel: [    0.031341] ACPI: LAPIC_NMI (acpi_id[0x2b] high edge lint[0x1])
Mar 21 16:03:38 debian-min kernel: [    0.031341] ACPI: LAPIC_NMI (acpi_id[0x2c] high edge lint[0x1])
Mar 21 16:03:38 debian-min kernel: [    0.031341] ACPI: LAPIC_NMI (acpi_id[0x2d] high edge lint[0x1])
Mar 21 16:03:38 debian-min kernel: [    0.031341] ACPI: LAPIC_NMI (acpi_id[0x2e] high edge lint[0x1])
Mar 21 16:03:38 debian-min kernel: [    0.031342] ACPI: LAPIC_NMI (acpi_id[0x2f] high edge lint[0x1])
Mar 21 16:03:38 debian-min kernel: [    0.031342] ACPI: LAPIC_NMI (acpi_id[0x30] high edge lint[0x1])
Mar 21 16:03:38 debian-min kernel: [    0.031342] ACPI: LAPIC_NMI (acpi_id[0x31] high edge lint[0x1])
Mar 21 16:03:38 debian-min kernel: [    0.031343] ACPI: LAPIC_NMI (acpi_id[0x32] high edge lint[0x1])
Mar 21 16:03:38 debian-min kernel: [    0.031343] ACPI: LAPIC_NMI (acpi_id[0x33] high edge lint[0x1])
Mar 21 16:03:38 debian-min kernel: [    0.031343] ACPI: LAPIC_NMI (acpi_id[0x34] high edge lint[0x1])
Mar 21 16:03:38 debian-min kernel: [    0.031344] ACPI: LAPIC_NMI (acpi_id[0x35] high edge lint[0x1])
Mar 21 16:03:38 debian-min kernel: [    0.031344] ACPI: LAPIC_NMI (acpi_id[0x36] high edge lint[0x1])
Mar 21 16:03:38 debian-min kernel: [    0.031344] ACPI: LAPIC_NMI (acpi_id[0x37] high edge lint[0x1])
Mar 21 16:03:38 debian-min kernel: [    0.031345] ACPI: LAPIC_NMI (acpi_id[0x38] high edge lint[0x1])
Mar 21 16:03:38 debian-min kernel: [    0.031345] ACPI: LAPIC_NMI (acpi_id[0x39] high edge lint[0x1])
Mar 21 16:03:38 debian-min kernel: [    0.031345] ACPI: LAPIC_NMI (acpi_id[0x3a] high edge lint[0x1])
Mar 21 16:03:38 debian-min kernel: [    0.031345] ACPI: LAPIC_NMI (acpi_id[0x3b] high edge lint[0x1])
Mar 21 16:03:38 debian-min kernel: [    0.031346] ACPI: LAPIC_NMI (acpi_id[0x3c] high edge lint[0x1])
Mar 21 16:03:38 debian-min kernel: [    0.031346] ACPI: LAPIC_NMI (acpi_id[0x3d] high edge lint[0x1])
Mar 21 16:03:38 debian-min kernel: [    0.031346] ACPI: LAPIC_NMI (acpi_id[0x3e] high edge lint[0x1])
Mar 21 16:03:38 debian-min kernel: [    0.031347] ACPI: LAPIC_NMI (acpi_id[0x3f] high edge lint[0x1])
Mar 21 16:03:38 debian-min kernel: [    0.031347] ACPI: LAPIC_NMI (acpi_id[0x40] high edge lint[0x1])
Mar 21 16:03:38 debian-min kernel: [    0.031347] ACPI: LAPIC_NMI (acpi_id[0x41] high edge lint[0x1])
Mar 21 16:03:38 debian-min kernel: [    0.031348] ACPI: LAPIC_NMI (acpi_id[0x42] high edge lint[0x1])
Mar 21 16:03:38 debian-min kernel: [    0.031348] ACPI: LAPIC_NMI (acpi_id[0x43] high edge lint[0x1])
Mar 21 16:03:38 debian-min kernel: [    0.031348] ACPI: LAPIC_NMI (acpi_id[0x44] high edge lint[0x1])
Mar 21 16:03:38 debian-min kernel: [    0.031348] ACPI: LAPIC_NMI (acpi_id[0x45] high edge lint[0x1])
Mar 21 16:03:38 debian-min kernel: [    0.031349] ACPI: LAPIC_NMI (acpi_id[0x46] high edge lint[0x1])
Mar 21 16:03:38 debian-min kernel: [    0.031349] ACPI: LAPIC_NMI (acpi_id[0x47] high edge lint[0x1])
Mar 21 16:03:38 debian-min kernel: [    0.031349] ACPI: LAPIC_NMI (acpi_id[0x48] high edge lint[0x1])
Mar 21 16:03:38 debian-min kernel: [    0.031350] ACPI: LAPIC_NMI (acpi_id[0x49] high edge lint[0x1])
Mar 21 16:03:38 debian-min kernel: [    0.031350] ACPI: LAPIC_NMI (acpi_id[0x4a] high edge lint[0x1])
Mar 21 16:03:38 debian-min kernel: [    0.031350] ACPI: LAPIC_NMI (acpi_id[0x4b] high edge lint[0x1])
Mar 21 16:03:38 debian-min kernel: [    0.031351] ACPI: LAPIC_NMI (acpi_id[0x4c] high edge lint[0x1])
Mar 21 16:03:38 debian-min kernel: [    0.031351] ACPI: LAPIC_NMI (acpi_id[0x4d] high edge lint[0x1])
Mar 21 16:03:38 debian-min kernel: [    0.031351] ACPI: LAPIC_NMI (acpi_id[0x4e] high edge lint[0x1])
Mar 21 16:03:38 debian-min kernel: [    0.031352] ACPI: LAPIC_NMI (acpi_id[0x4f] high edge lint[0x1])
Mar 21 16:03:38 debian-min kernel: [    0.031352] ACPI: LAPIC_NMI (acpi_id[0x50] high edge lint[0x1])
Mar 21 16:03:38 debian-min kernel: [    0.031352] ACPI: LAPIC_NMI (acpi_id[0x51] high edge lint[0x1])
Mar 21 16:03:38 debian-min kernel: [    0.031352] ACPI: LAPIC_NMI (acpi_id[0x52] high edge lint[0x1])
Mar 21 16:03:38 debian-min kernel: [    0.031353] ACPI: LAPIC_NMI (acpi_id[0x53] high edge lint[0x1])
Mar 21 16:03:38 debian-min kernel: [    0.031353] ACPI: LAPIC_NMI (acpi_id[0x54] high edge lint[0x1])
Mar 21 16:03:38 debian-min kernel: [    0.031353] ACPI: LAPIC_NMI (acpi_id[0x55] high edge lint[0x1])
Mar 21 16:03:38 debian-min kernel: [    0.031354] ACPI: LAPIC_NMI (acpi_id[0x56] high edge lint[0x1])
Mar 21 16:03:38 debian-min kernel: [    0.031354] ACPI: LAPIC_NMI (acpi_id[0x57] high edge lint[0x1])
Mar 21 16:03:38 debian-min kernel: [    0.031354] ACPI: LAPIC_NMI (acpi_id[0x58] high edge lint[0x1])
Mar 21 16:03:38 debian-min kernel: [    0.031355] ACPI: LAPIC_NMI (acpi_id[0x59] high edge lint[0x1])
Mar 21 16:03:38 debian-min kernel: [    0.031355] ACPI: LAPIC_NMI (acpi_id[0x5a] high edge lint[0x1])
Mar 21 16:03:38 debian-min kernel: [    0.031355] ACPI: LAPIC_NMI (acpi_id[0x5b] high edge lint[0x1])
Mar 21 16:03:38 debian-min kernel: [    0.031355] ACPI: LAPIC_NMI (acpi_id[0x5c] high edge lint[0x1])
Mar 21 16:03:38 debian-min kernel: [    0.031356] ACPI: LAPIC_NMI (acpi_id[0x5d] high edge lint[0x1])
Mar 21 16:03:38 debian-min kernel: [    0.031356] ACPI: LAPIC_NMI (acpi_id[0x5e] high edge lint[0x1])
Mar 21 16:03:38 debian-min kernel: [    0.031356] ACPI: LAPIC_NMI (acpi_id[0x5f] high edge lint[0x1])
Mar 21 16:03:38 debian-min kernel: [    0.031357] ACPI: LAPIC_NMI (acpi_id[0x60] high edge lint[0x1])
Mar 21 16:03:38 debian-min kernel: [    0.031357] ACPI: LAPIC_NMI (acpi_id[0x61] high edge lint[0x1])
Mar 21 16:03:38 debian-min kernel: [    0.031357] ACPI: LAPIC_NMI (acpi_id[0x62] high edge lint[0x1])
Mar 21 16:03:38 debian-min kernel: [    0.031358] ACPI: LAPIC_NMI (acpi_id[0x63] high edge lint[0x1])
Mar 21 16:03:38 debian-min kernel: [    0.031358] ACPI: LAPIC_NMI (acpi_id[0x64] high edge lint[0x1])
Mar 21 16:03:38 debian-min kernel: [    0.031358] ACPI: LAPIC_NMI (acpi_id[0x65] high edge lint[0x1])
Mar 21 16:03:38 debian-min kernel: [    0.031359] ACPI: LAPIC_NMI (acpi_id[0x66] high edge lint[0x1])
Mar 21 16:03:38 debian-min kernel: [    0.031359] ACPI: LAPIC_NMI (acpi_id[0x67] high edge lint[0x1])
Mar 21 16:03:38 debian-min kernel: [    0.031359] ACPI: LAPIC_NMI (acpi_id[0x68] high edge lint[0x1])
Mar 21 16:03:38 debian-min kernel: [    0.031359] ACPI: LAPIC_NMI (acpi_id[0x69] high edge lint[0x1])
Mar 21 16:03:38 debian-min kernel: [    0.031360] ACPI: LAPIC_NMI (acpi_id[0x6a] high edge lint[0x1])
Mar 21 16:03:38 debian-min kernel: [    0.031360] ACPI: LAPIC_NMI (acpi_id[0x6b] high edge lint[0x1])
Mar 21 16:03:38 debian-min kernel: [    0.031360] ACPI: LAPIC_NMI (acpi_id[0x6c] high edge lint[0x1])
Mar 21 16:03:38 debian-min kernel: [    0.031361] ACPI: LAPIC_NMI (acpi_id[0x6d] high edge lint[0x1])
Mar 21 16:03:38 debian-min kernel: [    0.031361] ACPI: LAPIC_NMI (acpi_id[0x6e] high edge lint[0x1])
Mar 21 16:03:38 debian-min kernel: [    0.031361] ACPI: LAPIC_NMI (acpi_id[0x6f] high edge lint[0x1])
Mar 21 16:03:38 debian-min kernel: [    0.031362] ACPI: LAPIC_NMI (acpi_id[0x70] high edge lint[0x1])
Mar 21 16:03:38 debian-min kernel: [    0.031362] ACPI: LAPIC_NMI (acpi_id[0x71] high edge lint[0x1])
Mar 21 16:03:38 debian-min kernel: [    0.031362] ACPI: LAPIC_NMI (acpi_id[0x72] high edge lint[0x1])
Mar 21 16:03:38 debian-min kernel: [    0.031362] ACPI: LAPIC_NMI (acpi_id[0x73] high edge lint[0x1])
Mar 21 16:03:38 debian-min kernel: [    0.031363] ACPI: LAPIC_NMI (acpi_id[0x74] high edge lint[0x1])
Mar 21 16:03:38 debian-min kernel: [    0.031363] ACPI: LAPIC_NMI (acpi_id[0x75] high edge lint[0x1])
Mar 21 16:03:38 debian-min kernel: [    0.031363] ACPI: LAPIC_NMI (acpi_id[0x76] high edge lint[0x1])
Mar 21 16:03:38 debian-min kernel: [    0.031364] ACPI: LAPIC_NMI (acpi_id[0x77] high edge lint[0x1])
Mar 21 16:03:38 debian-min kernel: [    0.031364] ACPI: LAPIC_NMI (acpi_id[0x78] high edge lint[0x1])
Mar 21 16:03:38 debian-min kernel: [    0.031364] ACPI: LAPIC_NMI (acpi_id[0x79] high edge lint[0x1])
Mar 21 16:03:38 debian-min kernel: [    0.031365] ACPI: LAPIC_NMI (acpi_id[0x7a] high edge lint[0x1])
Mar 21 16:03:38 debian-min kernel: [    0.031365] ACPI: LAPIC_NMI (acpi_id[0x7b] high edge lint[0x1])
Mar 21 16:03:38 debian-min kernel: [    0.031365] ACPI: LAPIC_NMI (acpi_id[0x7c] high edge lint[0x1])
Mar 21 16:03:38 debian-min kernel: [    0.031366] ACPI: LAPIC_NMI (acpi_id[0x7d] high edge lint[0x1])
Mar 21 16:03:38 debian-min kernel: [    0.031366] ACPI: LAPIC_NMI (acpi_id[0x7e] high edge lint[0x1])
Mar 21 16:03:38 debian-min kernel: [    0.031366] ACPI: LAPIC_NMI (acpi_id[0x7f] high edge lint[0x1])
Mar 21 16:03:38 debian-min kernel: [    0.031399] IOAPIC[0]: apic_id 128, version 32, address 0xfec00000, GSI 0-23
Mar 21 16:03:38 debian-min kernel: [    0.031401] ACPI: INT_SRC_OVR (bus 0 bus_irq 0 global_irq 2 high edge)
Mar 21 16:03:38 debian-min kernel: [    0.031405] Using ACPI (MADT) for SMP configuration information
Mar 21 16:03:38 debian-min kernel: [    0.031406] ACPI: HPET id: 0x8086af01 base: 0xfed00000
Mar 21 16:03:38 debian-min kernel: [    0.031414] smpboot: Allowing 128 CPUs, 124 hotplug CPUs
Mar 21 16:03:38 debian-min kernel: [    0.031426] PM: Registered nosave memory: [mem 0x00000000-0x00000fff]
Mar 21 16:03:38 debian-min kernel: [    0.031426] PM: Registered nosave memory: [mem 0x0009e000-0x0009efff]
Mar 21 16:03:38 debian-min kernel: [    0.031427] PM: Registered nosave memory: [mem 0x0009f000-0x0009ffff]
Mar 21 16:03:38 debian-min kernel: [    0.031427] PM: Registered nosave memory: [mem 0x000a0000-0x000dbfff]
Mar 21 16:03:38 debian-min kernel: [    0.031427] PM: Registered nosave memory: [mem 0x000dc000-0x000fffff]
Mar 21 16:03:38 debian-min kernel: [    0.031428] PM: Registered nosave memory: [mem 0xbfee0000-0xbfefefff]
Mar 21 16:03:38 debian-min kernel: [    0.031428] PM: Registered nosave memory: [mem 0xbfeff000-0xbfefffff]
Mar 21 16:03:38 debian-min kernel: [    0.031429] PM: Registered nosave memory: [mem 0xc0000000-0xefffffff]
Mar 21 16:03:38 debian-min kernel: [    0.031429] PM: Registered nosave memory: [mem 0xf0000000-0xf7ffffff]
Mar 21 16:03:38 debian-min kernel: [    0.031429] PM: Registered nosave memory: [mem 0xf8000000-0xfebfffff]
Mar 21 16:03:38 debian-min kernel: [    0.031430] PM: Registered nosave memory: [mem 0xfec00000-0xfec0ffff]
Mar 21 16:03:38 debian-min kernel: [    0.031430] PM: Registered nosave memory: [mem 0xfec10000-0xfedfffff]
Mar 21 16:03:38 debian-min kernel: [    0.031430] PM: Registered nosave memory: [mem 0xfee00000-0xfee00fff]
Mar 21 16:03:38 debian-min kernel: [    0.031430] PM: Registered nosave memory: [mem 0xfee01000-0xfffdffff]
Mar 21 16:03:38 debian-min kernel: [    0.031431] PM: Registered nosave memory: [mem 0xfffe0000-0xffffffff]
Mar 21 16:03:38 debian-min kernel: [    0.031432] [mem 0xc0000000-0xefffffff] available for PCI devices
Mar 21 16:03:38 debian-min kernel: [    0.031433] Booting paravirtualized kernel on VMware hypervisor
Mar 21 16:03:38 debian-min kernel: [    0.031435] clocksource: refined-jiffies: mask: 0xffffffff max_cycles: 0xffffffff, max_idle_ns: 7645519600211568 ns
Mar 21 16:03:38 debian-min kernel: [    0.091438] random: get_random_bytes called from start_kernel+0x93/0x52c with crng_init=0
Mar 21 16:03:38 debian-min kernel: [    0.091446] setup_percpu: NR_CPUS:512 nr_cpumask_bits:512 nr_cpu_ids:128 nr_node_ids:1
Mar 21 16:03:38 debian-min kernel: [    0.099922] percpu: Embedded 45 pages/cpu s144408 r8192 d31720 u262144
Mar 21 16:03:38 debian-min kernel: [    0.099977] Built 1 zonelists, mobility grouping on.  Total pages: 1032040
Mar 21 16:03:38 debian-min kernel: [    0.099978] Policy zone: Normal
Mar 21 16:03:38 debian-min kernel: [    0.099979] Kernel command line: BOOT_IMAGE=/boot/vmlinuz-4.19.0-8-amd64 root=UUID=d98a5368-a598-4b23-8c2c-1d90a6f6d4dd ro quiet
Mar 21 16:03:38 debian-min kernel: [    0.100004] log_buf_len individual max cpu contribution: 4096 bytes
Mar 21 16:03:38 debian-min kernel: [    0.100004] log_buf_len total cpu_extra contributions: 520192 bytes
Mar 21 16:03:38 debian-min kernel: [    0.100005] log_buf_len min size: 131072 bytes
Mar 21 16:03:38 debian-min kernel: [    0.100231] log_buf_len: 1048576 bytes
Mar 21 16:03:38 debian-min kernel: [    0.100232] early log buf free: 105224(80%)
Mar 21 16:03:38 debian-min kernel: [    0.117244] Memory: 3988096K/4193780K available (10252K kernel code, 1241K rwdata, 3320K rodata, 1592K init, 2276K bss, 205684K reserved, 0K cma-reserved)
Mar 21 16:03:38 debian-min kernel: [    0.117462] SLUB: HWalign=64, Order=0-3, MinObjects=0, CPUs=128, Nodes=1
Mar 21 16:03:38 debian-min kernel: [    0.117476] ftrace: allocating 31847 entries in 125 pages
Mar 21 16:03:38 debian-min kernel: [    0.125920] rcu: Hierarchical RCU implementation.
Mar 21 16:03:38 debian-min kernel: [    0.125921] rcu: 	RCU restricting CPUs from NR_CPUS=512 to nr_cpu_ids=128.
Mar 21 16:03:38 debian-min kernel: [    0.125922] rcu: Adjusting geometry for rcu_fanout_leaf=16, nr_cpu_ids=128
Mar 21 16:03:38 debian-min kernel: [    0.127731] NR_IRQS: 33024, nr_irqs: 1448, preallocated irqs: 16
Mar 21 16:03:38 debian-min kernel: [    0.129287] Console: colour VGA+ 80x25
Mar 21 16:03:38 debian-min kernel: [    0.129290] console [tty0] enabled
Mar 21 16:03:38 debian-min kernel: [    0.129321] ACPI: Core revision 20180810
Mar 21 16:03:38 debian-min kernel: [    0.129601] clocksource: hpet: mask: 0xffffffff max_cycles: 0xffffffff, max_idle_ns: 133484882848 ns
Mar 21 16:03:38 debian-min kernel: [    0.129667] APIC: Switch to symmetric I/O mode setup
Mar 21 16:03:38 debian-min kernel: [    0.129792] x2apic enabled
Mar 21 16:03:38 debian-min kernel: [    0.129947] Switched APIC routing to physical x2apic.
Mar 21 16:03:38 debian-min kernel: [    0.130678] ..TIMER: vector=0x30 apic1=0 pin1=2 apic2=-1 pin2=-1
Mar 21 16:03:38 debian-min kernel: [    0.130697] clocksource: tsc-early: mask: 0xffffffffffffffff max_cycles: 0x6d5818a734c, max_idle_ns: 881590694765 ns
Mar 21 16:03:38 debian-min kernel: [    0.130703] Calibrating delay loop (skipped) preset value.. 7585.74 BogoMIPS (lpj=15171496)
Mar 21 16:03:38 debian-min kernel: [    0.130705] pid_max: default: 131072 minimum: 1024
Mar 21 16:03:38 debian-min kernel: [    0.130777] Security Framework initialized
Mar 21 16:03:38 debian-min kernel: [    0.130777] Yama: disabled by default; enable with sysctl kernel.yama.*
Mar 21 16:03:38 debian-min kernel: [    0.130985] AppArmor: AppArmor initialized
Mar 21 16:03:38 debian-min kernel: [    0.131944] Dentry cache hash table entries: 524288 (order: 10, 4194304 bytes)
Mar 21 16:03:38 debian-min kernel: [    0.132424] Inode-cache hash table entries: 262144 (order: 9, 2097152 bytes)
Mar 21 16:03:38 debian-min kernel: [    0.132453] Mount-cache hash table entries: 8192 (order: 4, 65536 bytes)
Mar 21 16:03:38 debian-min kernel: [    0.132468] Mountpoint-cache hash table entries: 8192 (order: 4, 65536 bytes)
Mar 21 16:03:38 debian-min kernel: [    0.132726] LVT offset 2 assigned for vector 0xf4
Mar 21 16:03:38 debian-min kernel: [    0.132732] Last level iTLB entries: 4KB 1024, 2MB 1024, 4MB 512
Mar 21 16:03:38 debian-min kernel: [    0.132732] Last level dTLB entries: 4KB 2048, 2MB 2048, 4MB 1024, 1GB 0
Mar 21 16:03:38 debian-min kernel: [    0.132733] Spectre V1 : Mitigation: usercopy/swapgs barriers and __user pointer sanitization
Mar 21 16:03:38 debian-min kernel: [    0.132734] Spectre V2 : Mitigation: Full AMD retpoline
Mar 21 16:03:38 debian-min kernel: [    0.132734] Spectre V2 : Spectre v2 / SpectreRSB mitigation: Filling RSB on context switch
Mar 21 16:03:38 debian-min kernel: [    0.132737] Spectre V2 : mitigation: Enabling conditional Indirect Branch Prediction Barrier
Mar 21 16:03:38 debian-min kernel: [    0.132738] Speculative Store Bypass: Mitigation: Speculative Store Bypass disabled via prctl and seccomp
Mar 21 16:03:38 debian-min kernel: [    0.136530] Freeing SMP alternatives memory: 24K
Mar 21 16:03:38 debian-min kernel: [    0.138844] smpboot: CPU0: AMD Ryzen 9 3900X 12-Core Processor (family: 0x17, model: 0x71, stepping: 0x0)
Mar 21 16:03:38 debian-min kernel: [    0.138956] Performance Events: AMD PMU driver.
Mar 21 16:03:38 debian-min kernel: [    0.138962] ... version:                0
Mar 21 16:03:38 debian-min kernel: [    0.138962] ... bit width:              48
Mar 21 16:03:38 debian-min kernel: [    0.138962] ... generic registers:      4
Mar 21 16:03:38 debian-min kernel: [    0.138963] ... value mask:             0000ffffffffffff
Mar 21 16:03:38 debian-min kernel: [    0.138963] ... max period:             00007fffffffffff
Mar 21 16:03:38 debian-min kernel: [    0.138963] ... fixed-purpose events:   0
Mar 21 16:03:38 debian-min kernel: [    0.138963] ... event mask:             000000000000000f
Mar 21 16:03:38 debian-min kernel: [    0.139014] rcu: Hierarchical SRCU implementation.
Mar 21 16:03:38 debian-min kernel: [    0.139331] random: crng done (trusting CPU's manufacturer)
Mar 21 16:03:38 debian-min kernel: [    0.139375] NMI watchdog: Enabled. Permanently consumes one hw-PMU counter.
Mar 21 16:03:38 debian-min kernel: [    0.143797] smp: Bringing up secondary CPUs ...
Mar 21 16:03:38 debian-min kernel: [    0.143875] x86: Booting SMP configuration:
Mar 21 16:03:38 debian-min kernel: [    0.143875] .... node  #0, CPUs:          #1   #2   #3
Mar 21 16:03:38 debian-min kernel: [    0.146736] smp: Brought up 1 node, 4 CPUs
Mar 21 16:03:38 debian-min kernel: [    0.146736] smpboot: Max logical packages: 32
Mar 21 16:03:38 debian-min kernel: [    0.146736] smpboot: Total of 4 processors activated (30342.99 BogoMIPS)
Mar 21 16:03:38 debian-min kernel: [    0.147258] devtmpfs: initialized
Mar 21 16:03:38 debian-min kernel: [    0.147258] x86/mm: Memory block size: 128MB
Mar 21 16:03:38 debian-min kernel: [    0.147258] PM: Registering ACPI NVS region [mem 0xbfeff000-0xbfefffff] (4096 bytes)
Mar 21 16:03:38 debian-min kernel: [    0.147258] clocksource: jiffies: mask: 0xffffffff max_cycles: 0xffffffff, max_idle_ns: 7645041785100000 ns
Mar 21 16:03:38 debian-min kernel: [    0.147258] futex hash table entries: 32768 (order: 9, 2097152 bytes)
Mar 21 16:03:38 debian-min kernel: [    0.147667] pinctrl core: initialized pinctrl subsystem
Mar 21 16:03:38 debian-min kernel: [    0.148585] NET: Registered protocol family 16
Mar 21 16:03:38 debian-min kernel: [    0.148640] audit: initializing netlink subsys (disabled)
Mar 21 16:03:38 debian-min kernel: [    0.148653] audit: type=2000 audit(1584795815.016:1): state=initialized audit_enabled=0 res=1
Mar 21 16:03:38 debian-min kernel: [    0.148653] cpuidle: using governor ladder
Mar 21 16:03:38 debian-min kernel: [    0.148653] cpuidle: using governor menu
Mar 21 16:03:38 debian-min kernel: [    0.148653] Simple Boot Flag at 0x36 set to 0x80
Mar 21 16:03:38 debian-min kernel: [    0.148653] ACPI: bus type PCI registered
Mar 21 16:03:38 debian-min kernel: [    0.148653] acpiphp: ACPI Hot Plug PCI Controller Driver version: 0.5
Mar 21 16:03:38 debian-min kernel: [    0.150748] PCI: MMCONFIG for domain 0000 [bus 00-7f] at [mem 0xf0000000-0xf7ffffff] (base 0xf0000000)
Mar 21 16:03:38 debian-min kernel: [    0.150750] PCI: MMCONFIG at [mem 0xf0000000-0xf7ffffff] reserved in E820
Mar 21 16:03:38 debian-min kernel: [    0.150754] pmd_set_huge: Cannot satisfy [mem 0xf0000000-0xf0200000] with a huge-page mapping due to MTRR override.
Mar 21 16:03:38 debian-min kernel: [    0.150885] PCI: Using configuration type 1 for base access
Mar 21 16:03:38 debian-min kernel: [    0.151100] HugeTLB registered 1.00 GiB page size, pre-allocated 0 pages
Mar 21 16:03:38 debian-min kernel: [    0.151100] HugeTLB registered 2.00 MiB page size, pre-allocated 0 pages
Mar 21 16:03:38 debian-min kernel: [    0.151100] ACPI: Added _OSI(Module Device)
Mar 21 16:03:38 debian-min kernel: [    0.151100] ACPI: Added _OSI(Processor Device)
Mar 21 16:03:38 debian-min kernel: [    0.151100] ACPI: Added _OSI(3.0 _SCP Extensions)
Mar 21 16:03:38 debian-min kernel: [    0.151100] ACPI: Added _OSI(Processor Aggregator Device)
Mar 21 16:03:38 debian-min kernel: [    0.151100] ACPI: Added _OSI(Linux-Dell-Video)
Mar 21 16:03:38 debian-min kernel: [    0.151100] ACPI: Added _OSI(Linux-Lenovo-NV-HDMI-Audio)
Mar 21 16:03:38 debian-min kernel: [    0.154701] ACPI: 1 ACPI AML tables successfully acquired and loaded
Mar 21 16:03:38 debian-min kernel: [    0.155275] ACPI: [Firmware Bug]: BIOS _OSI(Linux) query ignored
Mar 21 16:03:38 debian-min kernel: [    0.171098] ACPI: Interpreter enabled
Mar 21 16:03:38 debian-min kernel: [    0.171106] ACPI: (supports S0 S1 S4 S5)
Mar 21 16:03:38 debian-min kernel: [    0.171107] ACPI: Using IOAPIC for interrupt routing
Mar 21 16:03:38 debian-min kernel: [    0.171122] PCI: Using host bridge windows from ACPI; if necessary, use "pci=nocrs" and report a bug
Mar 21 16:03:38 debian-min kernel: [    0.171444] ACPI: Enabled 4 GPEs in block 00 to 0F
Mar 21 16:03:38 debian-min kernel: [    0.203392] ACPI: PCI Root Bridge [PCI0] (domain 0000 [bus 00-7f])
Mar 21 16:03:38 debian-min kernel: [    0.203396] acpi PNP0A03:00: _OSC: OS supports [ExtendedConfig ASPM ClockPM Segments MSI]
Mar 21 16:03:38 debian-min kernel: [    0.203500] acpi PNP0A03:00: _OSC: platform does not support [AER LTR]
Mar 21 16:03:38 debian-min kernel: [    0.203609] acpi PNP0A03:00: _OSC: OS now controls [PCIeHotplug SHPCHotplug PME PCIeCapability]
Mar 21 16:03:38 debian-min kernel: [    0.204726] PCI host bridge to bus 0000:00
Mar 21 16:03:38 debian-min kernel: [    0.204727] pci_bus 0000:00: root bus resource [mem 0x000a0000-0x000bffff window]
Mar 21 16:03:38 debian-min kernel: [    0.204728] pci_bus 0000:00: root bus resource [mem 0x000cc000-0x000cffff window]
Mar 21 16:03:38 debian-min kernel: [    0.204728] pci_bus 0000:00: root bus resource [mem 0x000d0000-0x000d3fff window]
Mar 21 16:03:38 debian-min kernel: [    0.204729] pci_bus 0000:00: root bus resource [mem 0x000d4000-0x000d7fff window]
Mar 21 16:03:38 debian-min kernel: [    0.204729] pci_bus 0000:00: root bus resource [mem 0x000d8000-0x000dbfff window]
Mar 21 16:03:38 debian-min kernel: [    0.204730] pci_bus 0000:00: root bus resource [mem 0xc0000000-0xfebfffff window]
Mar 21 16:03:38 debian-min kernel: [    0.204730] pci_bus 0000:00: root bus resource [io  0x0000-0x0cf7 window]
Mar 21 16:03:38 debian-min kernel: [    0.204731] pci_bus 0000:00: root bus resource [io  0x0d00-0xfeff window]
Mar 21 16:03:38 debian-min kernel: [    0.204732] pci_bus 0000:00: root bus resource [bus 00-7f]
Mar 21 16:03:38 debian-min kernel: [    0.207424] pci 0000:00:07.1: legacy IDE quirk: reg 0x10: [io  0x01f0-0x01f7]
Mar 21 16:03:38 debian-min kernel: [    0.207425] pci 0000:00:07.1: legacy IDE quirk: reg 0x14: [io  0x03f6]
Mar 21 16:03:38 debian-min kernel: [    0.207425] pci 0000:00:07.1: legacy IDE quirk: reg 0x18: [io  0x0170-0x0177]
Mar 21 16:03:38 debian-min kernel: [    0.207426] pci 0000:00:07.1: legacy IDE quirk: reg 0x1c: [io  0x0376]
Mar 21 16:03:38 debian-min kernel: [    0.208800] pci 0000:00:07.3: quirk: [io  0x1000-0x103f] claimed by PIIX4 ACPI
Mar 21 16:03:38 debian-min kernel: [    0.208809] pci 0000:00:07.3: quirk: [io  0x1040-0x104f] claimed by PIIX4 SMB
Mar 21 16:03:38 debian-min kernel: [    0.248434] pci_bus 0000:01: extended config space not accessible
Mar 21 16:03:38 debian-min kernel: [    0.248463] pci 0000:00:01.0: PCI bridge to [bus 01]
Mar 21 16:03:38 debian-min kernel: [    0.248619] pci_bus 0000:02: extended config space not accessible
Mar 21 16:03:38 debian-min kernel: [    0.248751] acpiphp: Slot [32] registered
Mar 21 16:03:38 debian-min kernel: [    0.248778] acpiphp: Slot [33] registered
Mar 21 16:03:38 debian-min kernel: [    0.248806] acpiphp: Slot [34] registered
Mar 21 16:03:38 debian-min kernel: [    0.248832] acpiphp: Slot [35] registered
Mar 21 16:03:38 debian-min kernel: [    0.248858] acpiphp: Slot [36] registered
Mar 21 16:03:38 debian-min kernel: [    0.248883] acpiphp: Slot [37] registered
Mar 21 16:03:38 debian-min kernel: [    0.248912] acpiphp: Slot [38] registered
Mar 21 16:03:38 debian-min kernel: [    0.248937] acpiphp: Slot [39] registered
Mar 21 16:03:38 debian-min kernel: [    0.248962] acpiphp: Slot [40] registered
Mar 21 16:03:38 debian-min kernel: [    0.248988] acpiphp: Slot [41] registered
Mar 21 16:03:38 debian-min kernel: [    0.249013] acpiphp: Slot [42] registered
Mar 21 16:03:38 debian-min kernel: [    0.249039] acpiphp: Slot [43] registered
Mar 21 16:03:38 debian-min kernel: [    0.249064] acpiphp: Slot [44] registered
Mar 21 16:03:38 debian-min kernel: [    0.249089] acpiphp: Slot [45] registered
Mar 21 16:03:38 debian-min kernel: [    0.249114] acpiphp: Slot [46] registered
Mar 21 16:03:38 debian-min kernel: [    0.249140] acpiphp: Slot [47] registered
Mar 21 16:03:38 debian-min kernel: [    0.249168] acpiphp: Slot [48] registered
Mar 21 16:03:38 debian-min kernel: [    0.249193] acpiphp: Slot [49] registered
Mar 21 16:03:38 debian-min kernel: [    0.249221] acpiphp: Slot [50] registered
Mar 21 16:03:38 debian-min kernel: [    0.249247] acpiphp: Slot [51] registered
Mar 21 16:03:38 debian-min kernel: [    0.249272] acpiphp: Slot [52] registered
Mar 21 16:03:38 debian-min kernel: [    0.249297] acpiphp: Slot [53] registered
Mar 21 16:03:38 debian-min kernel: [    0.249323] acpiphp: Slot [54] registered
Mar 21 16:03:38 debian-min kernel: [    0.249348] acpiphp: Slot [55] registered
Mar 21 16:03:38 debian-min kernel: [    0.249374] acpiphp: Slot [56] registered
Mar 21 16:03:38 debian-min kernel: [    0.249399] acpiphp: Slot [57] registered
Mar 21 16:03:38 debian-min kernel: [    0.249424] acpiphp: Slot [58] registered
Mar 21 16:03:38 debian-min kernel: [    0.249450] acpiphp: Slot [59] registered
Mar 21 16:03:38 debian-min kernel: [    0.249475] acpiphp: Slot [60] registered
Mar 21 16:03:38 debian-min kernel: [    0.249500] acpiphp: Slot [61] registered
Mar 21 16:03:38 debian-min kernel: [    0.249534] acpiphp: Slot [62] registered
Mar 21 16:03:38 debian-min kernel: [    0.249560] acpiphp: Slot [63] registered
Mar 21 16:03:38 debian-min kernel: [    0.258145] pci 0000:00:11.0: PCI bridge to [bus 02] (subtractive decode)
Mar 21 16:03:38 debian-min kernel: [    0.258440] pci 0000:00:15.0: PCI bridge to [bus 03]
Mar 21 16:03:38 debian-min kernel: [    0.258766] pci 0000:00:15.1: PCI bridge to [bus 04]
Mar 21 16:03:38 debian-min kernel: [    0.259043] pci 0000:00:15.2: PCI bridge to [bus 05]
Mar 21 16:03:38 debian-min kernel: [    0.259316] pci 0000:00:15.3: PCI bridge to [bus 06]
Mar 21 16:03:38 debian-min kernel: [    0.259603] pci 0000:00:15.4: PCI bridge to [bus 07]
Mar 21 16:03:38 debian-min kernel: [    0.259882] pci 0000:00:15.5: PCI bridge to [bus 08]
Mar 21 16:03:38 debian-min kernel: [    0.260153] pci 0000:00:15.6: PCI bridge to [bus 09]
Mar 21 16:03:38 debian-min kernel: [    0.260431] pci 0000:00:15.7: PCI bridge to [bus 0a]
Mar 21 16:03:38 debian-min kernel: [    0.260705] pci 0000:00:16.0: PCI bridge to [bus 0b]
Mar 21 16:03:38 debian-min kernel: [    0.260984] pci 0000:00:16.1: PCI bridge to [bus 0c]
Mar 21 16:03:38 debian-min kernel: [    0.261256] pci 0000:00:16.2: PCI bridge to [bus 0d]
Mar 21 16:03:38 debian-min kernel: [    0.261528] pci 0000:00:16.3: PCI bridge to [bus 0e]
Mar 21 16:03:38 debian-min kernel: [    0.261814] pci 0000:00:16.4: PCI bridge to [bus 0f]
Mar 21 16:03:38 debian-min kernel: [    0.262085] pci 0000:00:16.5: PCI bridge to [bus 10]
Mar 21 16:03:38 debian-min kernel: [    0.262356] pci 0000:00:16.6: PCI bridge to [bus 11]
Mar 21 16:03:38 debian-min kernel: [    0.262680] pci 0000:00:16.7: PCI bridge to [bus 12]
Mar 21 16:03:38 debian-min kernel: [    0.263022] pci 0000:00:17.0: PCI bridge to [bus 13]
Mar 21 16:03:38 debian-min kernel: [    0.263335] pci 0000:00:17.1: PCI bridge to [bus 14]
Mar 21 16:03:38 debian-min kernel: [    0.263627] pci 0000:00:17.2: PCI bridge to [bus 15]
Mar 21 16:03:38 debian-min kernel: [    0.263899] pci 0000:00:17.3: PCI bridge to [bus 16]
Mar 21 16:03:38 debian-min kernel: [    0.264172] pci 0000:00:17.4: PCI bridge to [bus 17]
Mar 21 16:03:38 debian-min kernel: [    0.264443] pci 0000:00:17.5: PCI bridge to [bus 18]
Mar 21 16:03:38 debian-min kernel: [    0.264719] pci 0000:00:17.6: PCI bridge to [bus 19]
Mar 21 16:03:38 debian-min kernel: [    0.264992] pci 0000:00:17.7: PCI bridge to [bus 1a]
Mar 21 16:03:38 debian-min kernel: [    0.265262] pci 0000:00:18.0: PCI bridge to [bus 1b]
Mar 21 16:03:38 debian-min kernel: [    0.265543] pci 0000:00:18.1: PCI bridge to [bus 1c]
Mar 21 16:03:38 debian-min kernel: [    0.265807] pci 0000:00:18.2: PCI bridge to [bus 1d]
Mar 21 16:03:38 debian-min kernel: [    0.266064] pci 0000:00:18.3: PCI bridge to [bus 1e]
Mar 21 16:03:38 debian-min kernel: [    0.266325] pci 0000:00:18.4: PCI bridge to [bus 1f]
Mar 21 16:03:38 debian-min kernel: [    0.266598] pci 0000:00:18.5: PCI bridge to [bus 20]
Mar 21 16:03:38 debian-min kernel: [    0.266876] pci 0000:00:18.6: PCI bridge to [bus 21]
Mar 21 16:03:38 debian-min kernel: [    0.267150] pci 0000:00:18.7: PCI bridge to [bus 22]
Mar 21 16:03:38 debian-min kernel: [    0.268941] ACPI: PCI Interrupt Link [LNKA] (IRQs 3 4 5 6 7 *9 10 11 14 15)
Mar 21 16:03:38 debian-min kernel: [    0.268992] ACPI: PCI Interrupt Link [LNKB] (IRQs 3 4 5 6 7 9 10 *11 14 15)
Mar 21 16:03:38 debian-min kernel: [    0.269040] ACPI: PCI Interrupt Link [LNKC] (IRQs 3 4 5 6 7 9 *10 11 14 15)
Mar 21 16:03:38 debian-min kernel: [    0.269088] ACPI: PCI Interrupt Link [LNKD] (IRQs 3 4 5 6 *7 9 10 11 14 15)
Mar 21 16:03:38 debian-min kernel: [    0.276068] pci 0000:00:0f.0: vgaarb: setting as boot VGA device
Mar 21 16:03:38 debian-min kernel: [    0.276068] pci 0000:00:0f.0: vgaarb: VGA device added: decodes=io+mem,owns=io+mem,locks=none
Mar 21 16:03:38 debian-min kernel: [    0.276068] pci 0000:00:0f.0: vgaarb: bridge control possible
Mar 21 16:03:38 debian-min kernel: [    0.276068] vgaarb: loaded
Mar 21 16:03:38 debian-min kernel: [    0.276068] pps_core: LinuxPPS API ver. 1 registered
Mar 21 16:03:38 debian-min kernel: [    0.276068] pps_core: Software ver. 5.3.6 - Copyright 2005-2007 Rodolfo Giometti <giometti@linux.it>
Mar 21 16:03:38 debian-min kernel: [    0.276068] PTP clock support registered
Mar 21 16:03:38 debian-min kernel: [    0.276068] EDAC MC: Ver: 3.0.0
Mar 21 16:03:38 debian-min kernel: [    0.276068] PCI: Using ACPI for IRQ routing
Mar 21 16:03:38 debian-min kernel: [    0.279478] hpet0: at MMIO 0xfed00000, IRQs 2, 8, 0, 0, 0, 0, 0, 0, 0, 0, 0, 0, 0, 0, 0, 0
Mar 21 16:03:38 debian-min kernel: [    0.279478] hpet0: 16 comparators, 64-bit 14.318180 MHz counter
Mar 21 16:03:38 debian-min kernel: [    0.280839] clocksource: Switched to clocksource tsc-early
Mar 21 16:03:38 debian-min kernel: [    0.285962] VFS: Disk quotas dquot_6.6.0
Mar 21 16:03:38 debian-min kernel: [    0.285989] VFS: Dquot-cache hash table entries: 512 (order 0, 4096 bytes)
Mar 21 16:03:38 debian-min kernel: [    0.286118] AppArmor: AppArmor Filesystem Enabled
Mar 21 16:03:38 debian-min kernel: [    0.286125] pnp: PnP ACPI init
Mar 21 16:03:38 debian-min kernel: [    0.286229] system 00:00: [io  0x1000-0x103f] has been reserved
Mar 21 16:03:38 debian-min kernel: [    0.286230] system 00:00: [io  0x1040-0x104f] has been reserved
Mar 21 16:03:38 debian-min kernel: [    0.286233] system 00:00: [io  0x0cf0-0x0cf1] has been reserved
Mar 21 16:03:38 debian-min kernel: [    0.286391] system 00:04: [mem 0xfed00000-0xfed003ff] has been reserved
Mar 21 16:03:38 debian-min kernel: [    0.287495] system 00:06: [io  0xfce0-0xfcff] has been reserved
Mar 21 16:03:38 debian-min kernel: [    0.287497] system 00:06: [mem 0xf0000000-0xf7ffffff] has been reserved
Mar 21 16:03:38 debian-min kernel: [    0.287498] system 00:06: [mem 0xfe800000-0xfe9fffff] has been reserved
Mar 21 16:03:38 debian-min kernel: [    0.290073] pnp: PnP ACPI: found 7 devices
Mar 21 16:03:38 debian-min kernel: [    0.297981] clocksource: acpi_pm: mask: 0xffffff max_cycles: 0xffffff, max_idle_ns: 2085701024 ns
Mar 21 16:03:38 debian-min kernel: [    0.299520] pci 0000:00:0f.0: BAR 6: assigned [mem 0xc0000000-0xc0007fff pref]
Mar 21 16:03:38 debian-min kernel: [    0.299522] pci 0000:00:10.0: BAR 6: assigned [mem 0xc0008000-0xc000bfff pref]
Mar 21 16:03:38 debian-min kernel: [    0.299524] pci 0000:00:15.3: BAR 13: no space for [io  size 0x1000]
Mar 21 16:03:38 debian-min kernel: [    0.299525] pci 0000:00:15.3: BAR 13: failed to assign [io  size 0x1000]
Mar 21 16:03:38 debian-min kernel: [    0.299526] pci 0000:00:15.4: BAR 13: no space for [io  size 0x1000]
Mar 21 16:03:38 debian-min kernel: [    0.299526] pci 0000:00:15.4: BAR 13: failed to assign [io  size 0x1000]
Mar 21 16:03:38 debian-min kernel: [    0.299528] pci 0000:00:15.5: BAR 13: no space for [io  size 0x1000]
Mar 21 16:03:38 debian-min kernel: [    0.299528] pci 0000:00:15.5: BAR 13: failed to assign [io  size 0x1000]
Mar 21 16:03:38 debian-min kernel: [    0.299529] pci 0000:00:15.6: BAR 13: no space for [io  size 0x1000]
Mar 21 16:03:38 debian-min kernel: [    0.299530] pci 0000:00:15.6: BAR 13: failed to assign [io  size 0x1000]
Mar 21 16:03:38 debian-min kernel: [    0.299531] pci 0000:00:15.7: BAR 13: no space for [io  size 0x1000]
Mar 21 16:03:38 debian-min kernel: [    0.299531] pci 0000:00:15.7: BAR 13: failed to assign [io  size 0x1000]
Mar 21 16:03:38 debian-min kernel: [    0.299532] pci 0000:00:16.3: BAR 13: no space for [io  size 0x1000]
Mar 21 16:03:38 debian-min kernel: [    0.299533] pci 0000:00:16.3: BAR 13: failed to assign [io  size 0x1000]
Mar 21 16:03:38 debian-min kernel: [    0.299534] pci 0000:00:16.4: BAR 13: no space for [io  size 0x1000]
Mar 21 16:03:38 debian-min kernel: [    0.299535] pci 0000:00:16.4: BAR 13: failed to assign [io  size 0x1000]
Mar 21 16:03:38 debian-min kernel: [    0.299536] pci 0000:00:16.5: BAR 13: no space for [io  size 0x1000]
Mar 21 16:03:38 debian-min kernel: [    0.299536] pci 0000:00:16.5: BAR 13: failed to assign [io  size 0x1000]
Mar 21 16:03:38 debian-min kernel: [    0.299537] pci 0000:00:16.6: BAR 13: no space for [io  size 0x1000]
Mar 21 16:03:38 debian-min kernel: [    0.299538] pci 0000:00:16.6: BAR 13: failed to assign [io  size 0x1000]
Mar 21 16:03:38 debian-min kernel: [    0.299539] pci 0000:00:16.7: BAR 13: no space for [io  size 0x1000]
Mar 21 16:03:38 debian-min kernel: [    0.299539] pci 0000:00:16.7: BAR 13: failed to assign [io  size 0x1000]
Mar 21 16:03:38 debian-min kernel: [    0.299540] pci 0000:00:17.3: BAR 13: no space for [io  size 0x1000]
Mar 21 16:03:38 debian-min kernel: [    0.299541] pci 0000:00:17.3: BAR 13: failed to assign [io  size 0x1000]
Mar 21 16:03:38 debian-min kernel: [    0.299542] pci 0000:00:17.4: BAR 13: no space for [io  size 0x1000]
Mar 21 16:03:38 debian-min kernel: [    0.299542] pci 0000:00:17.4: BAR 13: failed to assign [io  size 0x1000]
Mar 21 16:03:38 debian-min kernel: [    0.299543] pci 0000:00:17.5: BAR 13: no space for [io  size 0x1000]
Mar 21 16:03:38 debian-min kernel: [    0.299544] pci 0000:00:17.5: BAR 13: failed to assign [io  size 0x1000]
Mar 21 16:03:38 debian-min kernel: [    0.299545] pci 0000:00:17.6: BAR 13: no space for [io  size 0x1000]
Mar 21 16:03:38 debian-min kernel: [    0.299546] pci 0000:00:17.6: BAR 13: failed to assign [io  size 0x1000]
Mar 21 16:03:38 debian-min kernel: [    0.299547] pci 0000:00:17.7: BAR 13: no space for [io  size 0x1000]
Mar 21 16:03:38 debian-min kernel: [    0.299547] pci 0000:00:17.7: BAR 13: failed to assign [io  size 0x1000]
Mar 21 16:03:38 debian-min kernel: [    0.299548] pci 0000:00:18.2: BAR 13: no space for [io  size 0x1000]
Mar 21 16:03:38 debian-min kernel: [    0.299549] pci 0000:00:18.2: BAR 13: failed to assign [io  size 0x1000]
Mar 21 16:03:38 debian-min kernel: [    0.299550] pci 0000:00:18.3: BAR 13: no space for [io  size 0x1000]
Mar 21 16:03:38 debian-min kernel: [    0.299550] pci 0000:00:18.3: BAR 13: failed to assign [io  size 0x1000]
Mar 21 16:03:38 debian-min kernel: [    0.299551] pci 0000:00:18.4: BAR 13: no space for [io  size 0x1000]
Mar 21 16:03:38 debian-min kernel: [    0.299552] pci 0000:00:18.4: BAR 13: failed to assign [io  size 0x1000]
Mar 21 16:03:38 debian-min kernel: [    0.299553] pci 0000:00:18.5: BAR 13: no space for [io  size 0x1000]
Mar 21 16:03:38 debian-min kernel: [    0.299553] pci 0000:00:18.5: BAR 13: failed to assign [io  size 0x1000]
Mar 21 16:03:38 debian-min kernel: [    0.299554] pci 0000:00:18.6: BAR 13: no space for [io  size 0x1000]
Mar 21 16:03:38 debian-min kernel: [    0.299555] pci 0000:00:18.6: BAR 13: failed to assign [io  size 0x1000]
Mar 21 16:03:38 debian-min kernel: [    0.299556] pci 0000:00:18.7: BAR 13: no space for [io  size 0x1000]
Mar 21 16:03:38 debian-min kernel: [    0.299556] pci 0000:00:18.7: BAR 13: failed to assign [io  size 0x1000]
Mar 21 16:03:38 debian-min kernel: [    0.299558] pci 0000:00:18.7: BAR 13: no space for [io  size 0x1000]
Mar 21 16:03:38 debian-min kernel: [    0.299559] pci 0000:00:18.7: BAR 13: failed to assign [io  size 0x1000]
Mar 21 16:03:38 debian-min kernel: [    0.299560] pci 0000:00:18.6: BAR 13: no space for [io  size 0x1000]
Mar 21 16:03:38 debian-min kernel: [    0.299561] pci 0000:00:18.6: BAR 13: failed to assign [io  size 0x1000]
Mar 21 16:03:38 debian-min kernel: [    0.299562] pci 0000:00:18.5: BAR 13: no space for [io  size 0x1000]
Mar 21 16:03:38 debian-min kernel: [    0.299562] pci 0000:00:18.5: BAR 13: failed to assign [io  size 0x1000]
Mar 21 16:03:38 debian-min kernel: [    0.299563] pci 0000:00:18.4: BAR 13: no space for [io  size 0x1000]
Mar 21 16:03:38 debian-min kernel: [    0.299564] pci 0000:00:18.4: BAR 13: failed to assign [io  size 0x1000]
Mar 21 16:03:38 debian-min kernel: [    0.299565] pci 0000:00:18.3: BAR 13: no space for [io  size 0x1000]
Mar 21 16:03:38 debian-min kernel: [    0.299565] pci 0000:00:18.3: BAR 13: failed to assign [io  size 0x1000]
Mar 21 16:03:38 debian-min kernel: [    0.299566] pci 0000:00:18.2: BAR 13: no space for [io  size 0x1000]
Mar 21 16:03:38 debian-min kernel: [    0.299567] pci 0000:00:18.2: BAR 13: failed to assign [io  size 0x1000]
Mar 21 16:03:38 debian-min kernel: [    0.299568] pci 0000:00:17.7: BAR 13: no space for [io  size 0x1000]
Mar 21 16:03:38 debian-min kernel: [    0.299568] pci 0000:00:17.7: BAR 13: failed to assign [io  size 0x1000]
Mar 21 16:03:38 debian-min kernel: [    0.299569] pci 0000:00:17.6: BAR 13: no space for [io  size 0x1000]
Mar 21 16:03:38 debian-min kernel: [    0.299570] pci 0000:00:17.6: BAR 13: failed to assign [io  size 0x1000]
Mar 21 16:03:38 debian-min kernel: [    0.299571] pci 0000:00:17.5: BAR 13: no space for [io  size 0x1000]
Mar 21 16:03:38 debian-min kernel: [    0.299571] pci 0000:00:17.5: BAR 13: failed to assign [io  size 0x1000]
Mar 21 16:03:38 debian-min kernel: [    0.299572] pci 0000:00:17.4: BAR 13: no space for [io  size 0x1000]
Mar 21 16:03:38 debian-min kernel: [    0.299573] pci 0000:00:17.4: BAR 13: failed to assign [io  size 0x1000]
Mar 21 16:03:38 debian-min kernel: [    0.299574] pci 0000:00:17.3: BAR 13: no space for [io  size 0x1000]
Mar 21 16:03:38 debian-min kernel: [    0.299574] pci 0000:00:17.3: BAR 13: failed to assign [io  size 0x1000]
Mar 21 16:03:38 debian-min kernel: [    0.299575] pci 0000:00:16.7: BAR 13: no space for [io  size 0x1000]
Mar 21 16:03:38 debian-min kernel: [    0.299576] pci 0000:00:16.7: BAR 13: failed to assign [io  size 0x1000]
Mar 21 16:03:38 debian-min kernel: [    0.299577] pci 0000:00:16.6: BAR 13: no space for [io  size 0x1000]
Mar 21 16:03:38 debian-min kernel: [    0.299577] pci 0000:00:16.6: BAR 13: failed to assign [io  size 0x1000]
Mar 21 16:03:38 debian-min kernel: [    0.299578] pci 0000:00:16.5: BAR 13: no space for [io  size 0x1000]
Mar 21 16:03:38 debian-min kernel: [    0.299579] pci 0000:00:16.5: BAR 13: failed to assign [io  size 0x1000]
Mar 21 16:03:38 debian-min kernel: [    0.299580] pci 0000:00:16.4: BAR 13: no space for [io  size 0x1000]
Mar 21 16:03:38 debian-min kernel: [    0.299580] pci 0000:00:16.4: BAR 13: failed to assign [io  size 0x1000]
Mar 21 16:03:38 debian-min kernel: [    0.299581] pci 0000:00:16.3: BAR 13: no space for [io  size 0x1000]
Mar 21 16:03:38 debian-min kernel: [    0.299582] pci 0000:00:16.3: BAR 13: failed to assign [io  size 0x1000]
Mar 21 16:03:38 debian-min kernel: [    0.299583] pci 0000:00:15.7: BAR 13: no space for [io  size 0x1000]
Mar 21 16:03:38 debian-min kernel: [    0.299583] pci 0000:00:15.7: BAR 13: failed to assign [io  size 0x1000]
Mar 21 16:03:38 debian-min kernel: [    0.299584] pci 0000:00:15.6: BAR 13: no space for [io  size 0x1000]
Mar 21 16:03:38 debian-min kernel: [    0.299585] pci 0000:00:15.6: BAR 13: failed to assign [io  size 0x1000]
Mar 21 16:03:38 debian-min kernel: [    0.299586] pci 0000:00:15.5: BAR 13: no space for [io  size 0x1000]
Mar 21 16:03:38 debian-min kernel: [    0.299586] pci 0000:00:15.5: BAR 13: failed to assign [io  size 0x1000]
Mar 21 16:03:38 debian-min kernel: [    0.299587] pci 0000:00:15.4: BAR 13: no space for [io  size 0x1000]
Mar 21 16:03:38 debian-min kernel: [    0.299588] pci 0000:00:15.4: BAR 13: failed to assign [io  size 0x1000]
Mar 21 16:03:38 debian-min kernel: [    0.299589] pci 0000:00:15.3: BAR 13: no space for [io  size 0x1000]
Mar 21 16:03:38 debian-min kernel: [    0.299589] pci 0000:00:15.3: BAR 13: failed to assign [io  size 0x1000]
Mar 21 16:03:38 debian-min kernel: [    0.299591] pci 0000:00:01.0: PCI bridge to [bus 01]
Mar 21 16:03:38 debian-min kernel: [    0.299666] pci 0000:02:01.0: BAR 6: assigned [mem 0xfd500000-0xfd50ffff pref]
Mar 21 16:03:38 debian-min kernel: [    0.299667] pci 0000:00:11.0: PCI bridge to [bus 02]
Mar 21 16:03:38 debian-min kernel: [    0.299676] pci 0000:00:11.0:   bridge window [io  0x2000-0x3fff]
Mar 21 16:03:38 debian-min kernel: [    0.299701] pci 0000:00:11.0:   bridge window [mem 0xfd500000-0xfdffffff]
Mar 21 16:03:38 debian-min kernel: [    0.299718] pci 0000:00:11.0:   bridge window [mem 0xe7b00000-0xe7ffffff 64bit pref]
Mar 21 16:03:38 debian-min kernel: [    0.299750] pci 0000:00:15.0: PCI bridge to [bus 03]
Mar 21 16:03:38 debian-min kernel: [    0.299759] pci 0000:00:15.0:   bridge window [io  0x4000-0x4fff]
Mar 21 16:03:38 debian-min kernel: [    0.299784] pci 0000:00:15.0:   bridge window [mem 0xfd400000-0xfd4fffff]
Mar 21 16:03:38 debian-min kernel: [    0.299801] pci 0000:00:15.0:   bridge window [mem 0xe7a00000-0xe7afffff 64bit pref]
Mar 21 16:03:38 debian-min kernel: [    0.299850] pci 0000:00:15.1: PCI bridge to [bus 04]
Mar 21 16:03:38 debian-min kernel: [    0.299860] pci 0000:00:15.1:   bridge window [io  0x8000-0x8fff]
Mar 21 16:03:38 debian-min kernel: [    0.299884] pci 0000:00:15.1:   bridge window [mem 0xfd000000-0xfd0fffff]
Mar 21 16:03:38 debian-min kernel: [    0.299901] pci 0000:00:15.1:   bridge window [mem 0xe7600000-0xe76fffff 64bit pref]
Mar 21 16:03:38 debian-min kernel: [    0.299942] pci 0000:00:15.2: PCI bridge to [bus 05]
Mar 21 16:03:38 debian-min kernel: [    0.299951] pci 0000:00:15.2:   bridge window [io  0xc000-0xcfff]
Mar 21 16:03:38 debian-min kernel: [    0.299976] pci 0000:00:15.2:   bridge window [mem 0xfcc00000-0xfccfffff]
Mar 21 16:03:38 debian-min kernel: [    0.299992] pci 0000:00:15.2:   bridge window [mem 0xe7200000-0xe72fffff 64bit pref]
Mar 21 16:03:38 debian-min kernel: [    0.300032] pci 0000:00:15.3: PCI bridge to [bus 06]
Mar 21 16:03:38 debian-min kernel: [    0.300057] pci 0000:00:15.3:   bridge window [mem 0xfc800000-0xfc8fffff]
Mar 21 16:03:38 debian-min kernel: [    0.300074] pci 0000:00:15.3:   bridge window [mem 0xe6e00000-0xe6efffff 64bit pref]
Mar 21 16:03:38 debian-min kernel: [    0.300114] pci 0000:00:15.4: PCI bridge to [bus 07]
Mar 21 16:03:38 debian-min kernel: [    0.300139] pci 0000:00:15.4:   bridge window [mem 0xfc400000-0xfc4fffff]
Mar 21 16:03:38 debian-min kernel: [    0.300155] pci 0000:00:15.4:   bridge window [mem 0xe6a00000-0xe6afffff 64bit pref]
Mar 21 16:03:38 debian-min kernel: [    0.300195] pci 0000:00:15.5: PCI bridge to [bus 08]
Mar 21 16:03:38 debian-min kernel: [    0.300220] pci 0000:00:15.5:   bridge window [mem 0xfc000000-0xfc0fffff]
Mar 21 16:03:38 debian-min kernel: [    0.300237] pci 0000:00:15.5:   bridge window [mem 0xe6600000-0xe66fffff 64bit pref]
Mar 21 16:03:38 debian-min kernel: [    0.300285] pci 0000:00:15.6: PCI bridge to [bus 09]
Mar 21 16:03:38 debian-min kernel: [    0.300310] pci 0000:00:15.6:   bridge window [mem 0xfbc00000-0xfbcfffff]
Mar 21 16:03:38 debian-min kernel: [    0.300327] pci 0000:00:15.6:   bridge window [mem 0xe6200000-0xe62fffff 64bit pref]
Mar 21 16:03:38 debian-min kernel: [    0.300366] pci 0000:00:15.7: PCI bridge to [bus 0a]
Mar 21 16:03:38 debian-min kernel: [    0.300388] pci 0000:00:15.7:   bridge window [mem 0xfb800000-0xfb8fffff]
Mar 21 16:03:38 debian-min kernel: [    0.300403] pci 0000:00:15.7:   bridge window [mem 0xe5e00000-0xe5efffff 64bit pref]
Mar 21 16:03:38 debian-min kernel: [    0.300438] pci 0000:00:16.0: PCI bridge to [bus 0b]
Mar 21 16:03:38 debian-min kernel: [    0.300447] pci 0000:00:16.0:   bridge window [io  0x5000-0x5fff]
Mar 21 16:03:38 debian-min kernel: [    0.300469] pci 0000:00:16.0:   bridge window [mem 0xfd300000-0xfd3fffff]
Mar 21 16:03:38 debian-min kernel: [    0.300483] pci 0000:00:16.0:   bridge window [mem 0xe7900000-0xe79fffff 64bit pref]
Mar 21 16:03:38 debian-min kernel: [    0.300519] pci 0000:00:16.1: PCI bridge to [bus 0c]
Mar 21 16:03:38 debian-min kernel: [    0.300527] pci 0000:00:16.1:   bridge window [io  0x9000-0x9fff]
Mar 21 16:03:38 debian-min kernel: [    0.300549] pci 0000:00:16.1:   bridge window [mem 0xfcf00000-0xfcffffff]
Mar 21 16:03:38 debian-min kernel: [    0.300564] pci 0000:00:16.1:   bridge window [mem 0xe7500000-0xe75fffff 64bit pref]
Mar 21 16:03:38 debian-min kernel: [    0.300605] pci 0000:00:16.2: PCI bridge to [bus 0d]
Mar 21 16:03:38 debian-min kernel: [    0.300613] pci 0000:00:16.2:   bridge window [io  0xd000-0xdfff]
Mar 21 16:03:38 debian-min kernel: [    0.300635] pci 0000:00:16.2:   bridge window [mem 0xfcb00000-0xfcbfffff]
Mar 21 16:03:38 debian-min kernel: [    0.300650] pci 0000:00:16.2:   bridge window [mem 0xe7100000-0xe71fffff 64bit pref]
Mar 21 16:03:38 debian-min kernel: [    0.300685] pci 0000:00:16.3: PCI bridge to [bus 0e]
Mar 21 16:03:38 debian-min kernel: [    0.300708] pci 0000:00:16.3:   bridge window [mem 0xfc700000-0xfc7fffff]
Mar 21 16:03:38 debian-min kernel: [    0.300722] pci 0000:00:16.3:   bridge window [mem 0xe6d00000-0xe6dfffff 64bit pref]
Mar 21 16:03:38 debian-min kernel: [    0.300758] pci 0000:00:16.4: PCI bridge to [bus 0f]
Mar 21 16:03:38 debian-min kernel: [    0.300780] pci 0000:00:16.4:   bridge window [mem 0xfc300000-0xfc3fffff]
Mar 21 16:03:38 debian-min kernel: [    0.300795] pci 0000:00:16.4:   bridge window [mem 0xe6900000-0xe69fffff 64bit pref]
Mar 21 16:03:38 debian-min kernel: [    0.300831] pci 0000:00:16.5: PCI bridge to [bus 10]
Mar 21 16:03:38 debian-min kernel: [    0.300853] pci 0000:00:16.5:   bridge window [mem 0xfbf00000-0xfbffffff]
Mar 21 16:03:38 debian-min kernel: [    0.300868] pci 0000:00:16.5:   bridge window [mem 0xe6500000-0xe65fffff 64bit pref]
Mar 21 16:03:38 debian-min kernel: [    0.300903] pci 0000:00:16.6: PCI bridge to [bus 11]
Mar 21 16:03:38 debian-min kernel: [    0.300925] pci 0000:00:16.6:   bridge window [mem 0xfbb00000-0xfbbfffff]
Mar 21 16:03:38 debian-min kernel: [    0.300940] pci 0000:00:16.6:   bridge window [mem 0xe6100000-0xe61fffff 64bit pref]
Mar 21 16:03:38 debian-min kernel: [    0.300975] pci 0000:00:16.7: PCI bridge to [bus 12]
Mar 21 16:03:38 debian-min kernel: [    0.300998] pci 0000:00:16.7:   bridge window [mem 0xfb700000-0xfb7fffff]
Mar 21 16:03:38 debian-min kernel: [    0.301012] pci 0000:00:16.7:   bridge window [mem 0xe5d00000-0xe5dfffff 64bit pref]
Mar 21 16:03:38 debian-min kernel: [    0.301048] pci 0000:00:17.0: PCI bridge to [bus 13]
Mar 21 16:03:38 debian-min kernel: [    0.301056] pci 0000:00:17.0:   bridge window [io  0x6000-0x6fff]
Mar 21 16:03:38 debian-min kernel: [    0.301078] pci 0000:00:17.0:   bridge window [mem 0xfd200000-0xfd2fffff]
Mar 21 16:03:38 debian-min kernel: [    0.301093] pci 0000:00:17.0:   bridge window [mem 0xe7800000-0xe78fffff 64bit pref]
Mar 21 16:03:38 debian-min kernel: [    0.301128] pci 0000:00:17.1: PCI bridge to [bus 14]
Mar 21 16:03:38 debian-min kernel: [    0.301136] pci 0000:00:17.1:   bridge window [io  0xa000-0xafff]
Mar 21 16:03:38 debian-min kernel: [    0.301158] pci 0000:00:17.1:   bridge window [mem 0xfce00000-0xfcefffff]
Mar 21 16:03:38 debian-min kernel: [    0.301173] pci 0000:00:17.1:   bridge window [mem 0xe7400000-0xe74fffff 64bit pref]
Mar 21 16:03:38 debian-min kernel: [    0.301209] pci 0000:00:17.2: PCI bridge to [bus 15]
Mar 21 16:03:38 debian-min kernel: [    0.301217] pci 0000:00:17.2:   bridge window [io  0xe000-0xefff]
Mar 21 16:03:38 debian-min kernel: [    0.301239] pci 0000:00:17.2:   bridge window [mem 0xfca00000-0xfcafffff]
Mar 21 16:03:38 debian-min kernel: [    0.301259] pci 0000:00:17.2:   bridge window [mem 0xe7000000-0xe70fffff 64bit pref]
Mar 21 16:03:38 debian-min kernel: [    0.301295] pci 0000:00:17.3: PCI bridge to [bus 16]
Mar 21 16:03:38 debian-min kernel: [    0.301317] pci 0000:00:17.3:   bridge window [mem 0xfc600000-0xfc6fffff]
Mar 21 16:03:38 debian-min kernel: [    0.301332] pci 0000:00:17.3:   bridge window [mem 0xe6c00000-0xe6cfffff 64bit pref]
Mar 21 16:03:38 debian-min kernel: [    0.301368] pci 0000:00:17.4: PCI bridge to [bus 17]
Mar 21 16:03:38 debian-min kernel: [    0.301390] pci 0000:00:17.4:   bridge window [mem 0xfc200000-0xfc2fffff]
Mar 21 16:03:38 debian-min kernel: [    0.301404] pci 0000:00:17.4:   bridge window [mem 0xe6800000-0xe68fffff 64bit pref]
Mar 21 16:03:38 debian-min kernel: [    0.301440] pci 0000:00:17.5: PCI bridge to [bus 18]
Mar 21 16:03:38 debian-min kernel: [    0.301462] pci 0000:00:17.5:   bridge window [mem 0xfbe00000-0xfbefffff]
Mar 21 16:03:38 debian-min kernel: [    0.301477] pci 0000:00:17.5:   bridge window [mem 0xe6400000-0xe64fffff 64bit pref]
Mar 21 16:03:38 debian-min kernel: [    0.301512] pci 0000:00:17.6: PCI bridge to [bus 19]
Mar 21 16:03:38 debian-min kernel: [    0.301534] pci 0000:00:17.6:   bridge window [mem 0xfba00000-0xfbafffff]
Mar 21 16:03:38 debian-min kernel: [    0.301549] pci 0000:00:17.6:   bridge window [mem 0xe6000000-0xe60fffff 64bit pref]
Mar 21 16:03:38 debian-min kernel: [    0.301585] pci 0000:00:17.7: PCI bridge to [bus 1a]
Mar 21 16:03:38 debian-min kernel: [    0.301607] pci 0000:00:17.7:   bridge window [mem 0xfb600000-0xfb6fffff]
Mar 21 16:03:38 debian-min kernel: [    0.301622] pci 0000:00:17.7:   bridge window [mem 0xe5c00000-0xe5cfffff 64bit pref]
Mar 21 16:03:38 debian-min kernel: [    0.301657] pci 0000:00:18.0: PCI bridge to [bus 1b]
Mar 21 16:03:38 debian-min kernel: [    0.301665] pci 0000:00:18.0:   bridge window [io  0x7000-0x7fff]
Mar 21 16:03:38 debian-min kernel: [    0.301687] pci 0000:00:18.0:   bridge window [mem 0xfd100000-0xfd1fffff]
Mar 21 16:03:38 debian-min kernel: [    0.301702] pci 0000:00:18.0:   bridge window [mem 0xe7700000-0xe77fffff 64bit pref]
Mar 21 16:03:38 debian-min kernel: [    0.301738] pci 0000:00:18.1: PCI bridge to [bus 1c]
Mar 21 16:03:38 debian-min kernel: [    0.301746] pci 0000:00:18.1:   bridge window [io  0xb000-0xbfff]
Mar 21 16:03:38 debian-min kernel: [    0.301768] pci 0000:00:18.1:   bridge window [mem 0xfcd00000-0xfcdfffff]
Mar 21 16:03:38 debian-min kernel: [    0.301783] pci 0000:00:18.1:   bridge window [mem 0xe7300000-0xe73fffff 64bit pref]
Mar 21 16:03:38 debian-min kernel: [    0.301818] pci 0000:00:18.2: PCI bridge to [bus 1d]
Mar 21 16:03:38 debian-min kernel: [    0.301840] pci 0000:00:18.2:   bridge window [mem 0xfc900000-0xfc9fffff]
Mar 21 16:03:38 debian-min kernel: [    0.301855] pci 0000:00:18.2:   bridge window [mem 0xe6f00000-0xe6ffffff 64bit pref]
Mar 21 16:03:38 debian-min kernel: [    0.301890] pci 0000:00:18.3: PCI bridge to [bus 1e]
Mar 21 16:03:38 debian-min kernel: [    0.301912] pci 0000:00:18.3:   bridge window [mem 0xfc500000-0xfc5fffff]
Mar 21 16:03:38 debian-min kernel: [    0.301927] pci 0000:00:18.3:   bridge window [mem 0xe6b00000-0xe6bfffff 64bit pref]
Mar 21 16:03:38 debian-min kernel: [    0.301962] pci 0000:00:18.4: PCI bridge to [bus 1f]
Mar 21 16:03:38 debian-min kernel: [    0.301984] pci 0000:00:18.4:   bridge window [mem 0xfc100000-0xfc1fffff]
Mar 21 16:03:38 debian-min kernel: [    0.301999] pci 0000:00:18.4:   bridge window [mem 0xe6700000-0xe67fffff 64bit pref]
Mar 21 16:03:38 debian-min kernel: [    0.302035] pci 0000:00:18.5: PCI bridge to [bus 20]
Mar 21 16:03:38 debian-min kernel: [    0.302057] pci 0000:00:18.5:   bridge window [mem 0xfbd00000-0xfbdfffff]
Mar 21 16:03:38 debian-min kernel: [    0.302071] pci 0000:00:18.5:   bridge window [mem 0xe6300000-0xe63fffff 64bit pref]
Mar 21 16:03:38 debian-min kernel: [    0.302107] pci 0000:00:18.6: PCI bridge to [bus 21]
Mar 21 16:03:38 debian-min kernel: [    0.302129] pci 0000:00:18.6:   bridge window [mem 0xfb900000-0xfb9fffff]
Mar 21 16:03:38 debian-min kernel: [    0.302144] pci 0000:00:18.6:   bridge window [mem 0xe5f00000-0xe5ffffff 64bit pref]
Mar 21 16:03:38 debian-min kernel: [    0.302179] pci 0000:00:18.7: PCI bridge to [bus 22]
Mar 21 16:03:38 debian-min kernel: [    0.302201] pci 0000:00:18.7:   bridge window [mem 0xfb500000-0xfb5fffff]
Mar 21 16:03:38 debian-min kernel: [    0.302216] pci 0000:00:18.7:   bridge window [mem 0xe5b00000-0xe5bfffff 64bit pref]
Mar 21 16:03:38 debian-min kernel: [    0.302427] NET: Registered protocol family 2
Mar 21 16:03:38 debian-min kernel: [    0.302627] tcp_listen_portaddr_hash hash table entries: 2048 (order: 3, 32768 bytes)
Mar 21 16:03:38 debian-min kernel: [    0.302643] TCP established hash table entries: 32768 (order: 6, 262144 bytes)
Mar 21 16:03:38 debian-min kernel: [    0.302718] TCP bind hash table entries: 32768 (order: 7, 524288 bytes)
Mar 21 16:03:38 debian-min kernel: [    0.302830] TCP: Hash tables configured (established 32768 bind 32768)
Mar 21 16:03:38 debian-min kernel: [    0.302966] UDP hash table entries: 2048 (order: 4, 65536 bytes)
Mar 21 16:03:38 debian-min kernel: [    0.302986] UDP-Lite hash table entries: 2048 (order: 4, 65536 bytes)
Mar 21 16:03:38 debian-min kernel: [    0.303166] NET: Registered protocol family 1
Mar 21 16:03:38 debian-min kernel: [    0.303169] NET: Registered protocol family 44
Mar 21 16:03:38 debian-min kernel: [    0.303171] pci 0000:00:00.0: Limiting direct PCI/PCI transfers
Mar 21 16:03:38 debian-min kernel: [    0.303254] pci 0000:00:0f.0: Video device with shadowed ROM at [mem 0x000c0000-0x000dffff]
Mar 21 16:03:38 debian-min kernel: [    0.304337] Unpacking initramfs...
Mar 21 16:03:38 debian-min kernel: [    0.570458] Freeing initrd memory: 25204K
Mar 21 16:03:38 debian-min kernel: [    0.570462] PCI-DMA: Using software bounce buffering for IO (SWIOTLB)
Mar 21 16:03:38 debian-min kernel: [    0.570464] software IO TLB: mapped [mem 0xbbee0000-0xbfee0000] (64MB)
Mar 21 16:03:38 debian-min kernel: [    0.571543] Initialise system trusted keyrings
Mar 21 16:03:38 debian-min kernel: [    0.571554] Key type blacklist registered
Mar 21 16:03:38 debian-min kernel: [    0.571734] workingset: timestamp_bits=40 max_order=20 bucket_order=0
Mar 21 16:03:38 debian-min kernel: [    0.572467] zbud: loaded
Mar 21 16:03:38 debian-min kernel: [    0.649132] Key type asymmetric registered
Mar 21 16:03:38 debian-min kernel: [    0.649133] Asymmetric key parser 'x509' registered
Mar 21 16:03:38 debian-min kernel: [    0.649142] Block layer SCSI generic (bsg) driver version 0.4 loaded (major 247)
Mar 21 16:03:38 debian-min kernel: [    0.649261] io scheduler noop registered
Mar 21 16:03:38 debian-min kernel: [    0.649262] io scheduler deadline registered
Mar 21 16:03:38 debian-min kernel: [    0.649285] io scheduler cfq registered (default)
Mar 21 16:03:38 debian-min kernel: [    0.649285] io scheduler mq-deadline registered
Mar 21 16:03:38 debian-min kernel: [    0.649889] pcieport 0000:00:15.0: Signaling PME with IRQ 24
Mar 21 16:03:38 debian-min kernel: [    0.649937] pciehp 0000:00:15.0:pcie004: Slot #160 AttnBtn+ PwrCtrl+ MRL- AttnInd- PwrInd- HotPlug+ Surprise- Interlock- NoCompl+ LLActRep+
Mar 21 16:03:38 debian-min kernel: [    0.650685] pcieport 0000:00:15.1: Signaling PME with IRQ 25
Mar 21 16:03:38 debian-min kernel: [    0.650732] pciehp 0000:00:15.1:pcie004: Slot #161 AttnBtn+ PwrCtrl+ MRL- AttnInd- PwrInd- HotPlug+ Surprise- Interlock- NoCompl+ LLActRep+
Mar 21 16:03:38 debian-min kernel: [    0.651432] pcieport 0000:00:15.2: Signaling PME with IRQ 26
Mar 21 16:03:38 debian-min kernel: [    0.651487] pciehp 0000:00:15.2:pcie004: Slot #162 AttnBtn+ PwrCtrl+ MRL- AttnInd- PwrInd- HotPlug+ Surprise- Interlock- NoCompl+ LLActRep+
Mar 21 16:03:38 debian-min kernel: [    0.652182] pcieport 0000:00:15.3: Signaling PME with IRQ 27
Mar 21 16:03:38 debian-min kernel: [    0.652229] pciehp 0000:00:15.3:pcie004: Slot #163 AttnBtn+ PwrCtrl+ MRL- AttnInd- PwrInd- HotPlug+ Surprise- Interlock- NoCompl+ LLActRep+
Mar 21 16:03:38 debian-min kernel: [    0.652926] pcieport 0000:00:15.4: Signaling PME with IRQ 28
Mar 21 16:03:38 debian-min kernel: [    0.652973] pciehp 0000:00:15.4:pcie004: Slot #164 AttnBtn+ PwrCtrl+ MRL- AttnInd- PwrInd- HotPlug+ Surprise- Interlock- NoCompl+ LLActRep+
Mar 21 16:03:38 debian-min kernel: [    0.653679] pcieport 0000:00:15.5: Signaling PME with IRQ 29
Mar 21 16:03:38 debian-min kernel: [    0.653727] pciehp 0000:00:15.5:pcie004: Slot #165 AttnBtn+ PwrCtrl+ MRL- AttnInd- PwrInd- HotPlug+ Surprise- Interlock- NoCompl+ LLActRep+
Mar 21 16:03:38 debian-min kernel: [    0.654433] pcieport 0000:00:15.6: Signaling PME with IRQ 30
Mar 21 16:03:38 debian-min kernel: [    0.654489] pciehp 0000:00:15.6:pcie004: Slot #166 AttnBtn+ PwrCtrl+ MRL- AttnInd- PwrInd- HotPlug+ Surprise- Interlock- NoCompl+ LLActRep+
Mar 21 16:03:38 debian-min kernel: [    0.655164] pcieport 0000:00:15.7: Signaling PME with IRQ 31
Mar 21 16:03:38 debian-min kernel: [    0.655211] pciehp 0000:00:15.7:pcie004: Slot #167 AttnBtn+ PwrCtrl+ MRL- AttnInd- PwrInd- HotPlug+ Surprise- Interlock- NoCompl+ LLActRep+
Mar 21 16:03:38 debian-min kernel: [    0.655908] pcieport 0000:00:16.0: Signaling PME with IRQ 32
Mar 21 16:03:38 debian-min kernel: [    0.655958] pciehp 0000:00:16.0:pcie004: Slot #192 AttnBtn+ PwrCtrl+ MRL- AttnInd- PwrInd- HotPlug+ Surprise- Interlock- NoCompl+ LLActRep+
Mar 21 16:03:38 debian-min kernel: [    0.656687] pcieport 0000:00:16.1: Signaling PME with IRQ 33
Mar 21 16:03:38 debian-min kernel: [    0.656741] pciehp 0000:00:16.1:pcie004: Slot #193 AttnBtn+ PwrCtrl+ MRL- AttnInd- PwrInd- HotPlug+ Surprise- Interlock- NoCompl+ LLActRep+
Mar 21 16:03:38 debian-min kernel: [    0.657435] pcieport 0000:00:16.2: Signaling PME with IRQ 34
Mar 21 16:03:38 debian-min kernel: [    0.657486] pciehp 0000:00:16.2:pcie004: Slot #194 AttnBtn+ PwrCtrl+ MRL- AttnInd- PwrInd- HotPlug+ Surprise- Interlock- NoCompl+ LLActRep+
Mar 21 16:03:38 debian-min kernel: [    0.658151] pcieport 0000:00:16.3: Signaling PME with IRQ 35
Mar 21 16:03:38 debian-min kernel: [    0.658203] pciehp 0000:00:16.3:pcie004: Slot #195 AttnBtn+ PwrCtrl+ MRL- AttnInd- PwrInd- HotPlug+ Surprise- Interlock- NoCompl+ LLActRep+
Mar 21 16:03:38 debian-min kernel: [    0.658906] pcieport 0000:00:16.4: Signaling PME with IRQ 36
Mar 21 16:03:38 debian-min kernel: [    0.658952] pciehp 0000:00:16.4:pcie004: Slot #196 AttnBtn+ PwrCtrl+ MRL- AttnInd- PwrInd- HotPlug+ Surprise- Interlock- NoCompl+ LLActRep+
Mar 21 16:03:38 debian-min kernel: [    0.659646] pcieport 0000:00:16.5: Signaling PME with IRQ 37
Mar 21 16:03:38 debian-min kernel: [    0.659696] pciehp 0000:00:16.5:pcie004: Slot #197 AttnBtn+ PwrCtrl+ MRL- AttnInd- PwrInd- HotPlug+ Surprise- Interlock- NoCompl+ LLActRep+
Mar 21 16:03:38 debian-min kernel: [    0.660383] pcieport 0000:00:16.6: Signaling PME with IRQ 38
Mar 21 16:03:38 debian-min kernel: [    0.660430] pciehp 0000:00:16.6:pcie004: Slot #198 AttnBtn+ PwrCtrl+ MRL- AttnInd- PwrInd- HotPlug+ Surprise- Interlock- NoCompl+ LLActRep+
Mar 21 16:03:38 debian-min kernel: [    0.661127] pcieport 0000:00:16.7: Signaling PME with IRQ 39
Mar 21 16:03:38 debian-min kernel: [    0.661174] pciehp 0000:00:16.7:pcie004: Slot #199 AttnBtn+ PwrCtrl+ MRL- AttnInd- PwrInd- HotPlug+ Surprise- Interlock- NoCompl+ LLActRep+
Mar 21 16:03:38 debian-min kernel: [    0.661851] pcieport 0000:00:17.0: Signaling PME with IRQ 40
Mar 21 16:03:38 debian-min kernel: [    0.661902] pciehp 0000:00:17.0:pcie004: Slot #224 AttnBtn+ PwrCtrl+ MRL- AttnInd- PwrInd- HotPlug+ Surprise- Interlock- NoCompl+ LLActRep+
Mar 21 16:03:38 debian-min kernel: [    0.662607] pcieport 0000:00:17.1: Signaling PME with IRQ 41
Mar 21 16:03:38 debian-min kernel: [    0.662654] pciehp 0000:00:17.1:pcie004: Slot #225 AttnBtn+ PwrCtrl+ MRL- AttnInd- PwrInd- HotPlug+ Surprise- Interlock- NoCompl+ LLActRep+
Mar 21 16:03:38 debian-min kernel: [    0.663344] pcieport 0000:00:17.2: Signaling PME with IRQ 42
Mar 21 16:03:38 debian-min kernel: [    0.663396] pciehp 0000:00:17.2:pcie004: Slot #226 AttnBtn+ PwrCtrl+ MRL- AttnInd- PwrInd- HotPlug+ Surprise- Interlock- NoCompl+ LLActRep+
Mar 21 16:03:38 debian-min kernel: [    0.664137] pcieport 0000:00:17.3: Signaling PME with IRQ 43
Mar 21 16:03:38 debian-min kernel: [    0.664190] pciehp 0000:00:17.3:pcie004: Slot #227 AttnBtn+ PwrCtrl+ MRL- AttnInd- PwrInd- HotPlug+ Surprise- Interlock- NoCompl+ LLActRep+
Mar 21 16:03:38 debian-min kernel: [    0.664876] pcieport 0000:00:17.4: Signaling PME with IRQ 44
Mar 21 16:03:38 debian-min kernel: [    0.664923] pciehp 0000:00:17.4:pcie004: Slot #228 AttnBtn+ PwrCtrl+ MRL- AttnInd- PwrInd- HotPlug+ Surprise- Interlock- NoCompl+ LLActRep+
Mar 21 16:03:38 debian-min kernel: [    0.665621] pcieport 0000:00:17.5: Signaling PME with IRQ 45
Mar 21 16:03:38 debian-min kernel: [    0.665668] pciehp 0000:00:17.5:pcie004: Slot #229 AttnBtn+ PwrCtrl+ MRL- AttnInd- PwrInd- HotPlug+ Surprise- Interlock- NoCompl+ LLActRep+
Mar 21 16:03:38 debian-min kernel: [    0.666344] pcieport 0000:00:17.6: Signaling PME with IRQ 46
Mar 21 16:03:38 debian-min kernel: [    0.666395] pciehp 0000:00:17.6:pcie004: Slot #230 AttnBtn+ PwrCtrl+ MRL- AttnInd- PwrInd- HotPlug+ Surprise- Interlock- NoCompl+ LLActRep+
Mar 21 16:03:38 debian-min kernel: [    0.667061] pcieport 0000:00:17.7: Signaling PME with IRQ 47
Mar 21 16:03:38 debian-min kernel: [    0.667107] pciehp 0000:00:17.7:pcie004: Slot #231 AttnBtn+ PwrCtrl+ MRL- AttnInd- PwrInd- HotPlug+ Surprise- Interlock- NoCompl+ LLActRep+
Mar 21 16:03:38 debian-min kernel: [    0.667793] pcieport 0000:00:18.0: Signaling PME with IRQ 48
Mar 21 16:03:38 debian-min kernel: [    0.667839] pciehp 0000:00:18.0:pcie004: Slot #256 AttnBtn+ PwrCtrl+ MRL- AttnInd- PwrInd- HotPlug+ Surprise- Interlock- NoCompl+ LLActRep+
Mar 21 16:03:38 debian-min kernel: [    0.668564] pcieport 0000:00:18.1: Signaling PME with IRQ 49
Mar 21 16:03:38 debian-min kernel: [    0.668612] pciehp 0000:00:18.1:pcie004: Slot #257 AttnBtn+ PwrCtrl+ MRL- AttnInd- PwrInd- HotPlug+ Surprise- Interlock- NoCompl+ LLActRep+
Mar 21 16:03:38 debian-min kernel: [    0.669322] pcieport 0000:00:18.2: Signaling PME with IRQ 50
Mar 21 16:03:38 debian-min kernel: [    0.669372] pciehp 0000:00:18.2:pcie004: Slot #258 AttnBtn+ PwrCtrl+ MRL- AttnInd- PwrInd- HotPlug+ Surprise- Interlock- NoCompl+ LLActRep+
Mar 21 16:03:38 debian-min kernel: [    0.670100] pcieport 0000:00:18.3: Signaling PME with IRQ 51
Mar 21 16:03:38 debian-min kernel: [    0.670147] pciehp 0000:00:18.3:pcie004: Slot #259 AttnBtn+ PwrCtrl+ MRL- AttnInd- PwrInd- HotPlug+ Surprise- Interlock- NoCompl+ LLActRep+
Mar 21 16:03:38 debian-min kernel: [    0.670864] pcieport 0000:00:18.4: Signaling PME with IRQ 52
Mar 21 16:03:38 debian-min kernel: [    0.670912] pciehp 0000:00:18.4:pcie004: Slot #260 AttnBtn+ PwrCtrl+ MRL- AttnInd- PwrInd- HotPlug+ Surprise- Interlock- NoCompl+ LLActRep+
Mar 21 16:03:38 debian-min kernel: [    0.671673] pcieport 0000:00:18.5: Signaling PME with IRQ 53
Mar 21 16:03:38 debian-min kernel: [    0.671723] pciehp 0000:00:18.5:pcie004: Slot #261 AttnBtn+ PwrCtrl+ MRL- AttnInd- PwrInd- HotPlug+ Surprise- Interlock- NoCompl+ LLActRep+
Mar 21 16:03:38 debian-min kernel: [    0.672427] pcieport 0000:00:18.6: Signaling PME with IRQ 54
Mar 21 16:03:38 debian-min kernel: [    0.672474] pciehp 0000:00:18.6:pcie004: Slot #262 AttnBtn+ PwrCtrl+ MRL- AttnInd- PwrInd- HotPlug+ Surprise- Interlock- NoCompl+ LLActRep+
Mar 21 16:03:38 debian-min kernel: [    0.673162] pcieport 0000:00:18.7: Signaling PME with IRQ 55
Mar 21 16:03:38 debian-min kernel: [    0.673209] pciehp 0000:00:18.7:pcie004: Slot #263 AttnBtn+ PwrCtrl+ MRL- AttnInd- PwrInd- HotPlug+ Surprise- Interlock- NoCompl+ LLActRep+
Mar 21 16:03:38 debian-min kernel: [    0.673611] shpchp: Standard Hot Plug PCI Controller Driver version: 0.4
Mar 21 16:03:38 debian-min kernel: [    0.674070] Serial: 8250/16550 driver, 4 ports, IRQ sharing enabled
Mar 21 16:03:38 debian-min kernel: [    0.696462] 00:05: ttyS0 at I/O 0x3f8 (irq = 4, base_baud = 115200) is a 16550A
Mar 21 16:03:38 debian-min kernel: [    0.697048] Linux agpgart interface v0.103
Mar 21 16:03:38 debian-min kernel: [    0.697135] agpgart-intel 0000:00:00.0: Intel 440BX Chipset
Mar 21 16:03:38 debian-min kernel: [    0.697688] agpgart-intel 0000:00:00.0: AGP aperture is 256M @ 0x0
Mar 21 16:03:38 debian-min kernel: [    0.697715] AMD IOMMUv2 driver by Joerg Roedel <jroedel@suse.de>
Mar 21 16:03:38 debian-min kernel: [    0.697715] AMD IOMMUv2 functionality not available on this system
Mar 21 16:03:38 debian-min kernel: [    0.698038] i8042: PNP: PS/2 Controller [PNP0303:KBC,PNP0f13:MOUS] at 0x60,0x64 irq 1,12
Mar 21 16:03:38 debian-min kernel: [    0.698622] serio: i8042 KBD port at 0x60,0x64 irq 1
Mar 21 16:03:38 debian-min kernel: [    0.698644] serio: i8042 AUX port at 0x60,0x64 irq 12
Mar 21 16:03:38 debian-min kernel: [    0.698756] mousedev: PS/2 mouse device common for all mice
Mar 21 16:03:38 debian-min kernel: [    0.699146] rtc_cmos 00:01: registered as rtc0
Mar 21 16:03:38 debian-min kernel: [    0.699155] rtc_cmos 00:01: alarms up to one month, y3k, 114 bytes nvram, hpet irqs
Mar 21 16:03:38 debian-min kernel: [    0.699444] ledtrig-cpu: registered to indicate activity on CPUs
Mar 21 16:03:38 debian-min kernel: [    0.700851] NET: Registered protocol family 10
Mar 21 16:03:38 debian-min kernel: [    0.702417] input: AT Translated Set 2 keyboard as /devices/platform/i8042/serio0/input/input0
Mar 21 16:03:38 debian-min kernel: [    0.705586] Segment Routing with IPv6
Mar 21 16:03:38 debian-min kernel: [    0.705597] mip6: Mobile IPv6
Mar 21 16:03:38 debian-min kernel: [    0.705599] NET: Registered protocol family 17
Mar 21 16:03:38 debian-min kernel: [    0.705708] mpls_gso: MPLS GSO support
Mar 21 16:03:38 debian-min kernel: [    0.705924] mce: Using 8 MCE banks
Mar 21 16:03:38 debian-min kernel: [    0.705949] sched_clock: Marking stable (703240155, 2671790)->(705110121, 801824)
Mar 21 16:03:38 debian-min kernel: [    0.706663] registered taskstats version 1
Mar 21 16:03:38 debian-min kernel: [    0.706663] Loading compiled-in X.509 certificates
Mar 21 16:03:38 debian-min kernel: [    0.723881] Loaded X.509 cert 'Debian Secure Boot CA: 6ccece7e4c6c0d1f6149f3dd27dfcc5cbb419ea1'
Mar 21 16:03:38 debian-min kernel: [    0.723893] Loaded X.509 cert 'Debian Secure Boot Signer: 00a7468def'
Mar 21 16:03:38 debian-min kernel: [    0.723906] zswap: loaded using pool lzo/zbud
Mar 21 16:03:38 debian-min kernel: [    0.724329] AppArmor: AppArmor sha1 policy hashing enabled
Mar 21 16:03:38 debian-min kernel: [    0.725459] rtc_cmos 00:01: setting system clock to 2020-03-21 13:03:36 UTC (1584795816)
Mar 21 16:03:38 debian-min kernel: [    0.943745] Freeing unused kernel image memory: 1592K
Mar 21 16:03:38 debian-min kernel: [    0.968204] Write protecting the kernel read-only data: 16384k
Mar 21 16:03:38 debian-min kernel: [    0.969343] Freeing unused kernel image memory: 2028K
Mar 21 16:03:38 debian-min kernel: [    0.969467] Freeing unused kernel image memory: 776K
Mar 21 16:03:38 debian-min kernel: [    0.974633] x86/mm: Checked W+X mappings: passed, no W+X pages found.
Mar 21 16:03:38 debian-min kernel: [    0.974635] Run /init as init process
Mar 21 16:03:38 debian-min kernel: [    1.037779] e1000: Intel(R) PRO/1000 Network Driver - version 7.3.21-k8-NAPI
Mar 21 16:03:38 debian-min kernel: [    1.037780] e1000: Copyright (c) 1999-2006 Intel Corporation.
Mar 21 16:03:38 debian-min kernel: [    1.042322] ACPI: bus type USB registered
Mar 21 16:03:38 debian-min kernel: [    1.042334] usbcore: registered new interface driver usbfs
Mar 21 16:03:38 debian-min kernel: [    1.042339] usbcore: registered new interface driver hub
Mar 21 16:03:38 debian-min kernel: [    1.042407] usbcore: registered new device driver usb
Mar 21 16:03:38 debian-min kernel: [    1.044795] ehci_hcd: USB 2.0 'Enhanced' Host Controller (EHCI) Driver
Mar 21 16:03:38 debian-min kernel: [    1.046753] uhci_hcd: USB Universal Host Controller Interface driver
Mar 21 16:03:38 debian-min kernel: [    1.046787] SCSI subsystem initialized
Mar 21 16:03:38 debian-min kernel: [    1.047041] uhci_hcd 0000:02:00.0: UHCI Host Controller
Mar 21 16:03:38 debian-min kernel: [    1.047045] uhci_hcd 0000:02:00.0: new USB bus registered, assigned bus number 1
Mar 21 16:03:38 debian-min kernel: [    1.047074] uhci_hcd 0000:02:00.0: detected 2 ports
Mar 21 16:03:38 debian-min kernel: [    1.047222] uhci_hcd 0000:02:00.0: irq 18, io base 0x00002080
Mar 21 16:03:38 debian-min kernel: [    1.048800] ehci-pci: EHCI PCI platform driver
Mar 21 16:03:38 debian-min kernel: [    1.051145] input: VirtualPS/2 VMware VMMouse as /devices/platform/i8042/serio1/input/input3
Mar 21 16:03:38 debian-min kernel: [    1.051390] usb usb1: New USB device found, idVendor=1d6b, idProduct=0001, bcdDevice= 4.19
Mar 21 16:03:38 debian-min kernel: [    1.051391] usb usb1: New USB device strings: Mfr=3, Product=2, SerialNumber=1
Mar 21 16:03:38 debian-min kernel: [    1.051392] usb usb1: Product: UHCI Host Controller
Mar 21 16:03:38 debian-min kernel: [    1.051392] usb usb1: Manufacturer: Linux 4.19.0-8-amd64 uhci_hcd
Mar 21 16:03:38 debian-min kernel: [    1.051393] usb usb1: SerialNumber: 0000:02:00.0
Mar 21 16:03:38 debian-min kernel: [    1.051453] hub 1-0:1.0: USB hub found
Mar 21 16:03:38 debian-min kernel: [    1.051455] hub 1-0:1.0: 2 ports detected
Mar 21 16:03:38 debian-min kernel: [    1.051637] ehci-pci 0000:02:03.0: EHCI Host Controller
Mar 21 16:03:38 debian-min kernel: [    1.051646] ehci-pci 0000:02:03.0: new USB bus registered, assigned bus number 2
Mar 21 16:03:38 debian-min kernel: [    1.051817] ehci-pci 0000:02:03.0: irq 17, io mem 0xfd5ef000
Mar 21 16:03:38 debian-min kernel: [    1.052210] input: VirtualPS/2 VMware VMMouse as /devices/platform/i8042/serio1/input/input2
Mar 21 16:03:38 debian-min kernel: [    1.052646] Fusion MPT base driver 3.04.20
Mar 21 16:03:38 debian-min kernel: [    1.052646] Copyright (c) 1999-2008 LSI Corporation
Mar 21 16:03:38 debian-min kernel: [    1.054120] cryptd: max_cpu_qlen set to 1000
Mar 21 16:03:38 debian-min kernel: [    1.054683] Fusion MPT SPI Host driver 3.04.20
Mar 21 16:03:38 debian-min kernel: [    1.055321] mptbase: ioc0: Initiating bringup
Mar 21 16:03:38 debian-min kernel: [    1.058652] AVX2 version of gcm_enc/dec engaged.
Mar 21 16:03:38 debian-min kernel: [    1.058652] AES CTR mode by8 optimization enabled
Mar 21 16:03:38 debian-min kernel: [    1.064831] scsi host0: ata_piix
Mar 21 16:03:38 debian-min kernel: [    1.065092] scsi host1: ata_piix
Mar 21 16:03:38 debian-min kernel: [    1.065168] ata1: PATA max UDMA/33 cmd 0x1f0 ctl 0x3f6 bmdma 0x1060 irq 14
Mar 21 16:03:38 debian-min kernel: [    1.065169] ata2: PATA max UDMA/33 cmd 0x170 ctl 0x376 bmdma 0x1068 irq 15
Mar 21 16:03:38 debian-min kernel: [    1.067643] ehci-pci 0000:02:03.0: USB 2.0 started, EHCI 1.00
Mar 21 16:03:38 debian-min kernel: [    1.067733] usb usb2: New USB device found, idVendor=1d6b, idProduct=0002, bcdDevice= 4.19
Mar 21 16:03:38 debian-min kernel: [    1.067734] usb usb2: New USB device strings: Mfr=3, Product=2, SerialNumber=1
Mar 21 16:03:38 debian-min kernel: [    1.067734] usb usb2: Product: EHCI Host Controller
Mar 21 16:03:38 debian-min kernel: [    1.067735] usb usb2: Manufacturer: Linux 4.19.0-8-amd64 ehci_hcd
Mar 21 16:03:38 debian-min kernel: [    1.067736] usb usb2: SerialNumber: 0000:02:03.0
Mar 21 16:03:38 debian-min kernel: [    1.067868] hub 2-0:1.0: USB hub found
Mar 21 16:03:38 debian-min kernel: [    1.067889] hub 2-0:1.0: 6 ports detected
Mar 21 16:03:38 debian-min kernel: [    1.178921] ioc0: LSI53C1030 B0: Capabilities={Initiator}
Mar 21 16:03:38 debian-min kernel: [    1.233388] ata2.00: ATAPI: VMware Virtual IDE CDROM Drive, 00000001, max UDMA/33
Mar 21 16:03:38 debian-min kernel: [    1.236472] scsi 1:0:0:0: CD-ROM            NECVMWar VMware IDE CDR10 1.00 PQ: 0 ANSI: 5
Mar 21 16:03:38 debian-min kernel: [    1.376084] sr 1:0:0:0: [sr0] scsi3-mmc drive: 1x/1x writer dvd-ram cd/rw xa/form2 cdda tray
Mar 21 16:03:38 debian-min kernel: [    1.376085] cdrom: Uniform CD-ROM driver Revision: 3.20
Mar 21 16:03:38 debian-min kernel: [    1.395658] usb 1-1: new full-speed USB device number 2 using uhci_hcd
Mar 21 16:03:38 debian-min kernel: [    1.412691] e1000 0000:02:01.0 eth0: (PCI:66MHz:32-bit) 00:0c:29:ef:0a:da
Mar 21 16:03:38 debian-min kernel: [    1.412695] e1000 0000:02:01.0 eth0: Intel(R) PRO/1000 Network Connection
Mar 21 16:03:38 debian-min kernel: [    1.414020] e1000 0000:02:01.0 ens33: renamed from eth0
Mar 21 16:03:38 debian-min kernel: [    1.452653] scsi host2: ioc0: LSI53C1030 B0, FwRev=01032920h, Ports=1, MaxQ=128, IRQ=17
Mar 21 16:03:38 debian-min kernel: [    1.569753] usb 1-1: New USB device found, idVendor=0e0f, idProduct=0003, bcdDevice= 1.03
Mar 21 16:03:38 debian-min kernel: [    1.569754] usb 1-1: New USB device strings: Mfr=1, Product=2, SerialNumber=0
Mar 21 16:03:38 debian-min kernel: [    1.569755] usb 1-1: Product: VMware Virtual USB Mouse
Mar 21 16:03:38 debian-min kernel: [    1.569755] usb 1-1: Manufacturer: VMware
Mar 21 16:03:38 debian-min kernel: [    1.581820] hidraw: raw HID events driver (C) Jiri Kosina
Mar 21 16:03:38 debian-min kernel: [    1.585845] usbcore: registered new interface driver usbhid
Mar 21 16:03:38 debian-min kernel: [    1.585846] usbhid: USB HID core driver
Mar 21 16:03:38 debian-min kernel: [    1.587077] input: VMware VMware Virtual USB Mouse as /devices/pci0000:00/0000:00:11.0/0000:02:00.0/usb1/1-1/1-1:1.0/0003:0E0F:0003.0001/input/input4
Mar 21 16:03:38 debian-min kernel: [    1.587218] hid-generic 0003:0E0F:0003.0001: input,hidraw0: USB HID v1.10 Mouse [VMware VMware Virtual USB Mouse] on usb-0000:02:00.0-1/input0
Mar 21 16:03:38 debian-min kernel: [    1.599750] tsc: Refined TSC clocksource calibration: 3792.873 MHz
Mar 21 16:03:38 debian-min kernel: [    1.599803] clocksource: tsc: mask: 0xffffffffffffffff max_cycles: 0x6d5818a734c, max_idle_ns: 881590694765 ns
Mar 21 16:03:38 debian-min kernel: [    1.599848] clocksource: Switched to clocksource tsc
Mar 21 16:03:38 debian-min kernel: [    1.620380] scsi 2:0:0:0: Direct-Access     VMware,  VMware Virtual S 1.0  PQ: 0 ANSI: 2
Mar 21 16:03:38 debian-min kernel: [    1.631714] scsi target2:0:0: Beginning Domain Validation
Mar 21 16:03:38 debian-min kernel: [    1.632119] scsi target2:0:0: Domain Validation skipping write tests
Mar 21 16:03:38 debian-min kernel: [    1.632120] scsi target2:0:0: Ending Domain Validation
Mar 21 16:03:38 debian-min kernel: [    1.632137] scsi target2:0:0: FAST-40 WIDE SCSI 80.0 MB/s ST (25 ns, offset 127)
Mar 21 16:03:38 debian-min kernel: [    1.637667] sd 2:0:0:0: [sda] 41943040 512-byte logical blocks: (21.5 GB/20.0 GiB)
Mar 21 16:03:38 debian-min kernel: [    1.637748] sd 2:0:0:0: [sda] Write Protect is off
Mar 21 16:03:38 debian-min kernel: [    1.637819] sd 2:0:0:0: [sda] Cache data unavailable
Mar 21 16:03:38 debian-min kernel: [    1.638528]  sda: sda1 sda2 < sda5 >
Mar 21 16:03:38 debian-min kernel: [    1.639365] sd 2:0:0:0: [sda] Attached SCSI disk
Mar 21 16:03:38 debian-min kernel: [    1.710728] usb 1-2: new full-speed USB device number 3 using uhci_hcd
Mar 21 16:03:38 debian-min kernel: [    1.779265] EXT4-fs (sda1): mounted filesystem with ordered data mode. Opts: (null)
Mar 21 16:03:38 debian-min kernel: [    1.870586] usb 1-2: New USB device found, idVendor=0e0f, idProduct=0002, bcdDevice= 1.00
Mar 21 16:03:38 debian-min kernel: [    1.870587] usb 1-2: New USB device strings: Mfr=1, Product=2, SerialNumber=0
