Mar 21 12:55:36 syslogd started: BusyBox v1.30.1
Mar 21 12:55:36 kernel: klogd started: BusyBox v1.30.1 (Debian 1:1.30.1-4)
Mar 21 12:55:36 kernel: [    0.000000] Linux version 4.19.0-8-amd64 (debian-kernel@lists.debian.org) (gcc version 8.3.0 (Debian 8.3.0-6)) #1 SMP Debian 4.19.98-1 (2020-01-26)
Mar 21 12:55:36 kernel: [    0.000000] Command line: BOOT_IMAGE=/install.amd/vmlinuz vga=788 initrd=/install.amd/gtk/initrd.gz --- quiet 
Mar 21 12:55:36 kernel: [    0.000000] x86/fpu: Supporting XSAVE feature 0x001: 'x87 floating point registers'
Mar 21 12:55:36 kernel: [    0.000000] x86/fpu: Supporting XSAVE feature 0x002: 'SSE registers'
Mar 21 12:55:36 kernel: [    0.000000] x86/fpu: Supporting XSAVE feature 0x004: 'AVX registers'
Mar 21 12:55:36 kernel: [    0.000000] x86/fpu: xstate_offset[2]:  576, xstate_sizes[2]:  256
Mar 21 12:55:36 kernel: [    0.000000] x86/fpu: Enabled xstate features 0x7, context size is 832 bytes, using 'compacted' format.
Mar 21 12:55:36 kernel: [    0.000000] BIOS-provided physical RAM map:
Mar 21 12:55:36 kernel: [    0.000000] BIOS-e820: [mem 0x0000000000000000-0x000000000009ebff] usable
Mar 21 12:55:36 kernel: [    0.000000] BIOS-e820: [mem 0x000000000009ec00-0x000000000009ffff] reserved
Mar 21 12:55:36 kernel: [    0.000000] BIOS-e820: [mem 0x00000000000dc000-0x00000000000fffff] reserved
Mar 21 12:55:36 kernel: [    0.000000] BIOS-e820: [mem 0x0000000000100000-0x00000000bfedffff] usable
Mar 21 12:55:36 kernel: [    0.000000] BIOS-e820: [mem 0x00000000bfee0000-0x00000000bfefefff] ACPI data
Mar 21 12:55:36 kernel: [    0.000000] BIOS-e820: [mem 0x00000000bfeff000-0x00000000bfefffff] ACPI NVS
Mar 21 12:55:36 kernel: [    0.000000] BIOS-e820: [mem 0x00000000bff00000-0x00000000bfffffff] usable
Mar 21 12:55:36 kernel: [    0.000000] BIOS-e820: [mem 0x00000000f0000000-0x00000000f7ffffff] reserved
Mar 21 12:55:36 kernel: [    0.000000] BIOS-e820: [mem 0x00000000fec00000-0x00000000fec0ffff] reserved
Mar 21 12:55:36 kernel: [    0.000000] BIOS-e820: [mem 0x00000000fee00000-0x00000000fee00fff] reserved
Mar 21 12:55:36 kernel: [    0.000000] BIOS-e820: [mem 0x00000000fffe0000-0x00000000ffffffff] reserved
Mar 21 12:55:36 kernel: [    0.000000] BIOS-e820: [mem 0x0000000100000000-0x000000013fffffff] usable
Mar 21 12:55:36 kernel: [    0.000000] NX (Execute Disable) protection: active
Mar 21 12:55:36 kernel: [    0.000000] SMBIOS 2.7 present.
Mar 21 12:55:36 kernel: [    0.000000] DMI: VMware, Inc. VMware Virtual Platform/440BX Desktop Reference Platform, BIOS 6.00 07/29/2019
Mar 21 12:55:36 kernel: [    0.000000] Hypervisor detected: VMware
Mar 21 12:55:36 kernel: [    0.000000] vmware: TSC freq read from hypervisor : 3792.874 MHz
Mar 21 12:55:36 kernel: [    0.000000] vmware: Host bus clock speed read from hypervisor : 66000000 Hz
Mar 21 12:55:36 kernel: [    0.000000] vmware: using sched offset of 11252699482 ns
Mar 21 12:55:36 kernel: [    0.000000] tsc: Detected 3792.874 MHz processor
Mar 21 12:55:36 kernel: [    0.001861] e820: update [mem 0x00000000-0x00000fff] usable ==> reserved
Mar 21 12:55:36 kernel: [    0.001862] e820: remove [mem 0x000a0000-0x000fffff] usable
Mar 21 12:55:36 kernel: [    0.001865] last_pfn = 0x140000 max_arch_pfn = 0x400000000
Mar 21 12:55:36 kernel: [    0.001878] MTRR default type: uncachable
Mar 21 12:55:36 kernel: [    0.001878] MTRR fixed ranges enabled:
Mar 21 12:55:36 kernel: [    0.001879]   00000-9FFFF write-back
Mar 21 12:55:36 kernel: [    0.001879]   A0000-BFFFF uncachable
Mar 21 12:55:36 kernel: [    0.001880]   C0000-CBFFF write-protect
Mar 21 12:55:36 kernel: [    0.001880]   CC000-EFFFF uncachable
Mar 21 12:55:36 kernel: [    0.001880]   F0000-FFFFF write-protect
Mar 21 12:55:36 kernel: [    0.001881] MTRR variable ranges enabled:
Mar 21 12:55:36 kernel: [    0.001882]   0 base 00000000000 mask 7FE00000000 write-back
Mar 21 12:55:36 kernel: [    0.001882]   1 base 000C0000000 mask 7FFC0000000 uncachable
Mar 21 12:55:36 kernel: [    0.001883]   2 disabled
Mar 21 12:55:36 kernel: [    0.001883]   3 disabled
Mar 21 12:55:36 kernel: [    0.001883]   4 disabled
Mar 21 12:55:36 kernel: [    0.001883]   5 disabled
Mar 21 12:55:36 kernel: [    0.001884]   6 disabled
Mar 21 12:55:36 kernel: [    0.001884]   7 disabled
Mar 21 12:55:36 kernel: [    0.001898] x86/PAT: Configuration [0-7]: WB  WC  UC- UC  WB  WP  UC- WT  
Mar 21 12:55:36 kernel: [    0.001906] e820: update [mem 0xc0000000-0xffffffff] usable ==> reserved
Mar 21 12:55:36 kernel: [    0.001909] last_pfn = 0xc0000 max_arch_pfn = 0x400000000
Mar 21 12:55:36 kernel: [    0.003811] found SMP MP-table at [mem 0x000f6a70-0x000f6a7f]
Mar 21 12:55:36 kernel: [    0.003882] Using GB pages for direct mapping
Mar 21 12:55:36 kernel: [    0.003883] BRK [0x133a02000, 0x133a02fff] PGTABLE
Mar 21 12:55:36 kernel: [    0.003884] BRK [0x133a03000, 0x133a03fff] PGTABLE
Mar 21 12:55:36 kernel: [    0.003885] BRK [0x133a04000, 0x133a04fff] PGTABLE
Mar 21 12:55:36 kernel: [    0.003903] BRK [0x133a05000, 0x133a05fff] PGTABLE
Mar 21 12:55:36 kernel: [    0.003966] BRK [0x133a06000, 0x133a06fff] PGTABLE
Mar 21 12:55:36 kernel: [    0.003982] BRK [0x133a07000, 0x133a07fff] PGTABLE
Mar 21 12:55:36 kernel: [    0.004024] RAMDISK: [mem 0x7d39b000-0x7fffffff]
Mar 21 12:55:36 kernel: [    0.004035] ACPI: Early table checksum verification disabled
Mar 21 12:55:36 kernel: [    0.004062] ACPI: RSDP 0x00000000000F6A00 000024 (v02 PTLTD )
Mar 21 12:55:36 kernel: [    0.004066] ACPI: XSDT 0x00000000BFEEA65B 00005C (v01 INTEL  440BX    06040000 VMW  01324272)
Mar 21 12:55:36 kernel: [    0.004069] ACPI: FACP 0x00000000BFEFEE73 0000F4 (v04 INTEL  440BX    06040000 PTL  000F4240)
Mar 21 12:55:36 kernel: [    0.004072] ACPI: DSDT 0x00000000BFEEB7E9 01368A (v01 PTLTD  Custom   06040000 MSFT 03000001)
Mar 21 12:55:36 kernel: [    0.004074] ACPI: FACS 0x00000000BFEFFFC0 000040
Mar 21 12:55:36 kernel: [    0.004076] ACPI: FACS 0x00000000BFEFFFC0 000040
Mar 21 12:55:36 kernel: [    0.004077] ACPI: BOOT 0x00000000BFEEB7C1 000028 (v01 PTLTD  $SBFTBL$ 06040000  LTP 00000001)
Mar 21 12:55:36 kernel: [    0.004078] ACPI: APIC 0x00000000BFEEB07F 000742 (v01 PTLTD  ? APIC   06040000  LTP 00000000)
Mar 21 12:55:36 kernel: [    0.004080] ACPI: MCFG 0x00000000BFEEB043 00003C (v01 PTLTD  $PCITBL$ 06040000  LTP 00000001)
Mar 21 12:55:36 kernel: [    0.004081] ACPI: SRAT 0x00000000BFEEA757 0008A8 (v02 VMWARE MEMPLUG  06040000 VMW  00000001)
Mar 21 12:55:36 kernel: [    0.004082] ACPI: HPET 0x00000000BFEEA71F 000038 (v01 VMWARE VMW HPET 06040000 VMW  00000001)
Mar 21 12:55:36 kernel: [    0.004083] ACPI: WAET 0x00000000BFEEA6F7 000028 (v01 VMWARE VMW WAET 06040000 VMW  00000001)
Mar 21 12:55:36 kernel: [    0.004087] ACPI: Local APIC address 0xfee00000
Mar 21 12:55:36 kernel: [    0.004088] system APIC only can use physical flat
Mar 21 12:55:36 kernel: [    0.004089] Setting APIC routing to physical flat.
Mar 21 12:55:36 kernel: [    0.004121] SRAT: PXM 0 -> APIC 0x00 -> Node 0
Mar 21 12:55:36 kernel: [    0.004122] SRAT: PXM 0 -> APIC 0x01 -> Node 0
Mar 21 12:55:36 kernel: [    0.004122] SRAT: PXM 0 -> APIC 0x02 -> Node 0
Mar 21 12:55:36 kernel: [    0.004122] SRAT: PXM 0 -> APIC 0x03 -> Node 0
Mar 21 12:55:36 kernel: [    0.004123] SRAT: PXM 0 -> APIC 0x04 -> Node 0
Mar 21 12:55:36 kernel: [    0.004123] SRAT: PXM 0 -> APIC 0x05 -> Node 0
Mar 21 12:55:36 kernel: [    0.004123] SRAT: PXM 0 -> APIC 0x06 -> Node 0
Mar 21 12:55:36 kernel: [    0.004123] SRAT: PXM 0 -> APIC 0x07 -> Node 0
Mar 21 12:55:36 kernel: [    0.004124] SRAT: PXM 0 -> APIC 0x08 -> Node 0
Mar 21 12:55:36 kernel: [    0.004124] SRAT: PXM 0 -> APIC 0x09 -> Node 0
Mar 21 12:55:36 kernel: [    0.004124] SRAT: PXM 0 -> APIC 0x0a -> Node 0
Mar 21 12:55:36 kernel: [    0.004125] SRAT: PXM 0 -> APIC 0x0b -> Node 0
Mar 21 12:55:36 kernel: [    0.004125] SRAT: PXM 0 -> APIC 0x0c -> Node 0
Mar 21 12:55:36 kernel: [    0.004125] SRAT: PXM 0 -> APIC 0x0d -> Node 0
Mar 21 12:55:36 kernel: [    0.004125] SRAT: PXM 0 -> APIC 0x0e -> Node 0
Mar 21 12:55:36 kernel: [    0.004126] SRAT: PXM 0 -> APIC 0x0f -> Node 0
Mar 21 12:55:36 kernel: [    0.004126] SRAT: PXM 0 -> APIC 0x10 -> Node 0
Mar 21 12:55:36 kernel: [    0.004126] SRAT: PXM 0 -> APIC 0x11 -> Node 0
Mar 21 12:55:36 kernel: [    0.004127] SRAT: PXM 0 -> APIC 0x12 -> Node 0
Mar 21 12:55:36 kernel: [    0.004127] SRAT: PXM 0 -> APIC 0x13 -> Node 0
Mar 21 12:55:36 kernel: [    0.004127] SRAT: PXM 0 -> APIC 0x14 -> Node 0
Mar 21 12:55:36 kernel: [    0.004127] SRAT: PXM 0 -> APIC 0x15 -> Node 0
Mar 21 12:55:36 kernel: [    0.004128] SRAT: PXM 0 -> APIC 0x16 -> Node 0
Mar 21 12:55:36 kernel: [    0.004128] SRAT: PXM 0 -> APIC 0x17 -> Node 0
Mar 21 12:55:36 kernel: [    0.004128] SRAT: PXM 0 -> APIC 0x18 -> Node 0
Mar 21 12:55:36 kernel: [    0.004129] SRAT: PXM 0 -> APIC 0x19 -> Node 0
Mar 21 12:55:36 kernel: [    0.004129] SRAT: PXM 0 -> APIC 0x1a -> Node 0
Mar 21 12:55:36 kernel: [    0.004129] SRAT: PXM 0 -> APIC 0x1b -> Node 0
Mar 21 12:55:36 kernel: [    0.004130] SRAT: PXM 0 -> APIC 0x1c -> Node 0
Mar 21 12:55:36 kernel: [    0.004130] SRAT: PXM 0 -> APIC 0x1d -> Node 0
Mar 21 12:55:36 kernel: [    0.004130] SRAT: PXM 0 -> APIC 0x1e -> Node 0
Mar 21 12:55:36 kernel: [    0.004130] SRAT: PXM 0 -> APIC 0x1f -> Node 0
Mar 21 12:55:36 kernel: [    0.004131] SRAT: PXM 0 -> APIC 0x20 -> Node 0
Mar 21 12:55:36 kernel: [    0.004131] SRAT: PXM 0 -> APIC 0x21 -> Node 0
Mar 21 12:55:36 kernel: [    0.004131] SRAT: PXM 0 -> APIC 0x22 -> Node 0
Mar 21 12:55:36 kernel: [    0.004132] SRAT: PXM 0 -> APIC 0x23 -> Node 0
Mar 21 12:55:36 kernel: [    0.004132] SRAT: PXM 0 -> APIC 0x24 -> Node 0
Mar 21 12:55:36 kernel: [    0.004132] SRAT: PXM 0 -> APIC 0x25 -> Node 0
Mar 21 12:55:36 kernel: [    0.004132] SRAT: PXM 0 -> APIC 0x26 -> Node 0
Mar 21 12:55:36 kernel: [    0.004133] SRAT: PXM 0 -> APIC 0x27 -> Node 0
Mar 21 12:55:36 kernel: [    0.004133] SRAT: PXM 0 -> APIC 0x28 -> Node 0
Mar 21 12:55:36 kernel: [    0.004133] SRAT: PXM 0 -> APIC 0x29 -> Node 0
Mar 21 12:55:36 kernel: [    0.004134] SRAT: PXM 0 -> APIC 0x2a -> Node 0
Mar 21 12:55:36 kernel: [    0.004134] SRAT: PXM 0 -> APIC 0x2b -> Node 0
Mar 21 12:55:36 kernel: [    0.004134] SRAT: PXM 0 -> APIC 0x2c -> Node 0
Mar 21 12:55:36 kernel: [    0.004134] SRAT: PXM 0 -> APIC 0x2d -> Node 0
Mar 21 12:55:36 kernel: [    0.004135] SRAT: PXM 0 -> APIC 0x2e -> Node 0
Mar 21 12:55:36 kernel: [    0.004135] SRAT: PXM 0 -> APIC 0x2f -> Node 0
Mar 21 12:55:36 kernel: [    0.004135] SRAT: PXM 0 -> APIC 0x30 -> Node 0
Mar 21 12:55:36 kernel: [    0.004136] SRAT: PXM 0 -> APIC 0x31 -> Node 0
Mar 21 12:55:36 kernel: [    0.004136] SRAT: PXM 0 -> APIC 0x32 -> Node 0
Mar 21 12:55:36 kernel: [    0.004136] SRAT: PXM 0 -> APIC 0x33 -> Node 0
Mar 21 12:55:36 kernel: [    0.004136] SRAT: PXM 0 -> APIC 0x34 -> Node 0
Mar 21 12:55:36 kernel: [    0.004137] SRAT: PXM 0 -> APIC 0x35 -> Node 0
Mar 21 12:55:36 kernel: [    0.004137] SRAT: PXM 0 -> APIC 0x36 -> Node 0
Mar 21 12:55:36 kernel: [    0.004137] SRAT: PXM 0 -> APIC 0x37 -> Node 0
Mar 21 12:55:36 kernel: [    0.004138] SRAT: PXM 0 -> APIC 0x38 -> Node 0
Mar 21 12:55:36 kernel: [    0.004138] SRAT: PXM 0 -> APIC 0x39 -> Node 0
Mar 21 12:55:36 kernel: [    0.004138] SRAT: PXM 0 -> APIC 0x3a -> Node 0
Mar 21 12:55:36 kernel: [    0.004138] SRAT: PXM 0 -> APIC 0x3b -> Node 0
Mar 21 12:55:36 kernel: [    0.004139] SRAT: PXM 0 -> APIC 0x3c -> Node 0
Mar 21 12:55:36 kernel: [    0.004139] SRAT: PXM 0 -> APIC 0x3d -> Node 0
Mar 21 12:55:36 kernel: [    0.004139] SRAT: PXM 0 -> APIC 0x3e -> Node 0
Mar 21 12:55:36 kernel: [    0.004140] SRAT: PXM 0 -> APIC 0x3f -> Node 0
Mar 21 12:55:36 kernel: [    0.004140] SRAT: PXM 0 -> APIC 0x40 -> Node 0
Mar 21 12:55:36 kernel: [    0.004140] SRAT: PXM 0 -> APIC 0x41 -> Node 0
Mar 21 12:55:36 kernel: [    0.004140] SRAT: PXM 0 -> APIC 0x42 -> Node 0
Mar 21 12:55:36 kernel: [    0.004141] SRAT: PXM 0 -> APIC 0x43 -> Node 0
Mar 21 12:55:36 kernel: [    0.004141] SRAT: PXM 0 -> APIC 0x44 -> Node 0
Mar 21 12:55:36 kernel: [    0.004141] SRAT: PXM 0 -> APIC 0x45 -> Node 0
Mar 21 12:55:36 kernel: [    0.004141] SRAT: PXM 0 -> APIC 0x46 -> Node 0
Mar 21 12:55:36 kernel: [    0.004142] SRAT: PXM 0 -> APIC 0x47 -> Node 0
Mar 21 12:55:36 kernel: [    0.004142] SRAT: PXM 0 -> APIC 0x48 -> Node 0
Mar 21 12:55:36 kernel: [    0.004142] SRAT: PXM 0 -> APIC 0x49 -> Node 0
Mar 21 12:55:36 kernel: [    0.004143] SRAT: PXM 0 -> APIC 0x4a -> Node 0
Mar 21 12:55:36 kernel: [    0.004143] SRAT: PXM 0 -> APIC 0x4b -> Node 0
Mar 21 12:55:36 kernel: [    0.004143] SRAT: PXM 0 -> APIC 0x4c -> Node 0
Mar 21 12:55:36 kernel: [    0.004143] SRAT: PXM 0 -> APIC 0x4d -> Node 0
Mar 21 12:55:36 kernel: [    0.004144] SRAT: PXM 0 -> APIC 0x4e -> Node 0
Mar 21 12:55:36 kernel: [    0.004144] SRAT: PXM 0 -> APIC 0x4f -> Node 0
Mar 21 12:55:36 kernel: [    0.004144] SRAT: PXM 0 -> APIC 0x50 -> Node 0
Mar 21 12:55:36 kernel: [    0.004145] SRAT: PXM 0 -> APIC 0x51 -> Node 0
Mar 21 12:55:36 kernel: [    0.004145] SRAT: PXM 0 -> APIC 0x52 -> Node 0
Mar 21 12:55:36 kernel: [    0.004145] SRAT: PXM 0 -> APIC 0x53 -> Node 0
Mar 21 12:55:36 kernel: [    0.004145] SRAT: PXM 0 -> APIC 0x54 -> Node 0
Mar 21 12:55:36 kernel: [    0.004146] SRAT: PXM 0 -> APIC 0x55 -> Node 0
Mar 21 12:55:36 kernel: [    0.004146] SRAT: PXM 0 -> APIC 0x56 -> Node 0
Mar 21 12:55:36 kernel: [    0.004146] SRAT: PXM 0 -> APIC 0x57 -> Node 0
Mar 21 12:55:36 kernel: [    0.004147] SRAT: PXM 0 -> APIC 0x58 -> Node 0
Mar 21 12:55:36 kernel: [    0.004147] SRAT: PXM 0 -> APIC 0x59 -> Node 0
Mar 21 12:55:36 kernel: [    0.004147] SRAT: PXM 0 -> APIC 0x5a -> Node 0
Mar 21 12:55:36 kernel: [    0.004147] SRAT: PXM 0 -> APIC 0x5b -> Node 0
Mar 21 12:55:36 kernel: [    0.004148] SRAT: PXM 0 -> APIC 0x5c -> Node 0
Mar 21 12:55:36 kernel: [    0.004148] SRAT: PXM 0 -> APIC 0x5d -> Node 0
Mar 21 12:55:36 kernel: [    0.004148] SRAT: PXM 0 -> APIC 0x5e -> Node 0
Mar 21 12:55:36 kernel: [    0.004149] SRAT: PXM 0 -> APIC 0x5f -> Node 0
Mar 21 12:55:36 kernel: [    0.004149] SRAT: PXM 0 -> APIC 0x60 -> Node 0
Mar 21 12:55:36 kernel: [    0.004149] SRAT: PXM 0 -> APIC 0x61 -> Node 0
Mar 21 12:55:36 kernel: [    0.004149] SRAT: PXM 0 -> APIC 0x62 -> Node 0
Mar 21 12:55:36 kernel: [    0.004150] SRAT: PXM 0 -> APIC 0x63 -> Node 0
Mar 21 12:55:36 kernel: [    0.004150] SRAT: PXM 0 -> APIC 0x64 -> Node 0
Mar 21 12:55:36 kernel: [    0.004150] SRAT: PXM 0 -> APIC 0x65 -> Node 0
Mar 21 12:55:36 kernel: [    0.004151] SRAT: PXM 0 -> APIC 0x66 -> Node 0
Mar 21 12:55:36 kernel: [    0.004151] SRAT: PXM 0 -> APIC 0x67 -> Node 0
Mar 21 12:55:36 kernel: [    0.004151] SRAT: PXM 0 -> APIC 0x68 -> Node 0
Mar 21 12:55:36 kernel: [    0.004151] SRAT: PXM 0 -> APIC 0x69 -> Node 0
Mar 21 12:55:36 kernel: [    0.004152] SRAT: PXM 0 -> APIC 0x6a -> Node 0
Mar 21 12:55:36 kernel: [    0.004152] SRAT: PXM 0 -> APIC 0x6b -> Node 0
Mar 21 12:55:36 kernel: [    0.004152] SRAT: PXM 0 -> APIC 0x6c -> Node 0
Mar 21 12:55:36 kernel: [    0.004153] SRAT: PXM 0 -> APIC 0x6d -> Node 0
Mar 21 12:55:36 kernel: [    0.004153] SRAT: PXM 0 -> APIC 0x6e -> Node 0
Mar 21 12:55:36 kernel: [    0.004153] SRAT: PXM 0 -> APIC 0x6f -> Node 0
Mar 21 12:55:36 kernel: [    0.004153] SRAT: PXM 0 -> APIC 0x70 -> Node 0
Mar 21 12:55:36 kernel: [    0.004154] SRAT: PXM 0 -> APIC 0x71 -> Node 0
Mar 21 12:55:36 kernel: [    0.004154] SRAT: PXM 0 -> APIC 0x72 -> Node 0
Mar 21 12:55:36 kernel: [    0.004154] SRAT: PXM 0 -> APIC 0x73 -> Node 0
Mar 21 12:55:36 kernel: [    0.004155] SRAT: PXM 0 -> APIC 0x74 -> Node 0
Mar 21 12:55:36 kernel: [    0.004155] SRAT: PXM 0 -> APIC 0x75 -> Node 0
Mar 21 12:55:36 kernel: [    0.004155] SRAT: PXM 0 -> APIC 0x76 -> Node 0
Mar 21 12:55:36 kernel: [    0.004155] SRAT: PXM 0 -> APIC 0x77 -> Node 0
Mar 21 12:55:36 kernel: [    0.004156] SRAT: PXM 0 -> APIC 0x78 -> Node 0
Mar 21 12:55:36 kernel: [    0.004156] SRAT: PXM 0 -> APIC 0x79 -> Node 0
Mar 21 12:55:36 kernel: [    0.004156] SRAT: PXM 0 -> APIC 0x7a -> Node 0
Mar 21 12:55:36 kernel: [    0.004157] SRAT: PXM 0 -> APIC 0x7b -> Node 0
Mar 21 12:55:36 kernel: [    0.004157] SRAT: PXM 0 -> APIC 0x7c -> Node 0
Mar 21 12:55:36 kernel: [    0.004157] SRAT: PXM 0 -> APIC 0x7d -> Node 0
Mar 21 12:55:36 kernel: [    0.004157] SRAT: PXM 0 -> APIC 0x7e -> Node 0
Mar 21 12:55:36 kernel: [    0.004158] SRAT: PXM 0 -> APIC 0x7f -> Node 0
Mar 21 12:55:36 kernel: [    0.004159] ACPI: SRAT: Node 0 PXM 0 [mem 0x00000000-0x0009ffff]
Mar 21 12:55:36 kernel: [    0.004160] ACPI: SRAT: Node 0 PXM 0 [mem 0x00100000-0xbfffffff]
Mar 21 12:55:36 kernel: [    0.004160] ACPI: SRAT: Node 0 PXM 0 [mem 0x100000000-0x13fffffff]
Mar 21 12:55:36 kernel: [    0.004161] NUMA: Node 0 [mem 0x00000000-0x0009ffff] + [mem 0x00100000-0xbfffffff] -> [mem 0x00000000-0xbfffffff]
Mar 21 12:55:36 kernel: [    0.004162] NUMA: Node 0 [mem 0x00000000-0xbfffffff] + [mem 0x100000000-0x13fffffff] -> [mem 0x00000000-0x13fffffff]
Mar 21 12:55:36 kernel: [    0.004164] NODE_DATA(0) allocated [mem 0x13fffb000-0x13fffffff]
Mar 21 12:55:36 kernel: [    0.004458] Zone ranges:
Mar 21 12:55:36 kernel: [    0.004459]   DMA      [mem 0x0000000000001000-0x0000000000ffffff]
Mar 21 12:55:36 kernel: [    0.004460]   DMA32    [mem 0x0000000001000000-0x00000000ffffffff]
Mar 21 12:55:36 kernel: [    0.004460]   Normal   [mem 0x0000000100000000-0x000000013fffffff]
Mar 21 12:55:36 kernel: [    0.004461]   Device   empty
Mar 21 12:55:36 kernel: [    0.004461] Movable zone start for each node
Mar 21 12:55:36 kernel: [    0.004461] Early memory node ranges
Mar 21 12:55:36 kernel: [    0.004462]   node   0: [mem 0x0000000000001000-0x000000000009dfff]
Mar 21 12:55:36 kernel: [    0.004462]   node   0: [mem 0x0000000000100000-0x00000000bfedffff]
Mar 21 12:55:36 kernel: [    0.004463]   node   0: [mem 0x00000000bff00000-0x00000000bfffffff]
Mar 21 12:55:36 kernel: [    0.004463]   node   0: [mem 0x0000000100000000-0x000000013fffffff]
Mar 21 12:55:36 kernel: [    0.004506] Reserved but unavailable: 99 pages
Mar 21 12:55:36 kernel: [    0.004506] Initmem setup node 0 [mem 0x0000000000001000-0x000000013fffffff]
Mar 21 12:55:36 kernel: [    0.004507] On node 0 totalpages: 1048445
Mar 21 12:55:36 kernel: [    0.004508]   DMA zone: 64 pages used for memmap
Mar 21 12:55:36 kernel: [    0.004508]   DMA zone: 21 pages reserved
Mar 21 12:55:36 kernel: [    0.004508]   DMA zone: 3997 pages, LIFO batch:0
Mar 21 12:55:36 kernel: [    0.005272]   DMA32 zone: 12224 pages used for memmap
Mar 21 12:55:36 kernel: [    0.005272]   DMA32 zone: 782304 pages, LIFO batch:63
Mar 21 12:55:36 kernel: [    0.150983]   Normal zone: 4096 pages used for memmap
Mar 21 12:55:36 kernel: [    0.150985]   Normal zone: 262144 pages, LIFO batch:63
Mar 21 12:55:36 kernel: [    0.201540] ACPI: PM-Timer IO Port: 0x1008
Mar 21 12:55:36 kernel: [    0.201542] ACPI: Local APIC address 0xfee00000
Mar 21 12:55:36 kernel: [    0.201545] system APIC only can use physical flat
Mar 21 12:55:36 kernel: [    0.201553] ACPI: LAPIC_NMI (acpi_id[0x00] high edge lint[0x1])
Mar 21 12:55:36 kernel: [    0.201554] ACPI: LAPIC_NMI (acpi_id[0x01] high edge lint[0x1])
Mar 21 12:55:36 kernel: [    0.201554] ACPI: LAPIC_NMI (acpi_id[0x02] high edge lint[0x1])
Mar 21 12:55:36 kernel: [    0.201554] ACPI: LAPIC_NMI (acpi_id[0x03] high edge lint[0x1])
Mar 21 12:55:36 kernel: [    0.201555] ACPI: LAPIC_NMI (acpi_id[0x04] high edge lint[0x1])
Mar 21 12:55:36 kernel: [    0.201555] ACPI: LAPIC_NMI (acpi_id[0x05] high edge lint[0x1])
Mar 21 12:55:36 kernel: [    0.201555] ACPI: LAPIC_NMI (acpi_id[0x06] high edge lint[0x1])
Mar 21 12:55:36 kernel: [    0.201556] ACPI: LAPIC_NMI (acpi_id[0x07] high edge lint[0x1])
Mar 21 12:55:36 kernel: [    0.201556] ACPI: LAPIC_NMI (acpi_id[0x08] high edge lint[0x1])
Mar 21 12:55:36 kernel: [    0.201556] ACPI: LAPIC_NMI (acpi_id[0x09] high edge lint[0x1])
Mar 21 12:55:36 kernel: [    0.201556] ACPI: LAPIC_NMI (acpi_id[0x0a] high edge lint[0x1])
Mar 21 12:55:36 kernel: [    0.201557] ACPI: LAPIC_NMI (acpi_id[0x0b] high edge lint[0x1])
Mar 21 12:55:36 kernel: [    0.201557] ACPI: LAPIC_NMI (acpi_id[0x0c] high edge lint[0x1])
Mar 21 12:55:36 kernel: [    0.201557] ACPI: LAPIC_NMI (acpi_id[0x0d] high edge lint[0x1])
Mar 21 12:55:36 kernel: [    0.201558] ACPI: LAPIC_NMI (acpi_id[0x0e] high edge lint[0x1])
Mar 21 12:55:36 kernel: [    0.201558] ACPI: LAPIC_NMI (acpi_id[0x0f] high edge lint[0x1])
Mar 21 12:55:36 kernel: [    0.201558] ACPI: LAPIC_NMI (acpi_id[0x10] high edge lint[0x1])
Mar 21 12:55:36 kernel: [    0.201559] ACPI: LAPIC_NMI (acpi_id[0x11] high edge lint[0x1])
Mar 21 12:55:36 kernel: [    0.201559] ACPI: LAPIC_NMI (acpi_id[0x12] high edge lint[0x1])
Mar 21 12:55:36 kernel: [    0.201559] ACPI: LAPIC_NMI (acpi_id[0x13] high edge lint[0x1])
Mar 21 12:55:36 kernel: [    0.201560] ACPI: LAPIC_NMI (acpi_id[0x14] high edge lint[0x1])
Mar 21 12:55:36 kernel: [    0.201560] ACPI: LAPIC_NMI (acpi_id[0x15] high edge lint[0x1])
Mar 21 12:55:36 kernel: [    0.201560] ACPI: LAPIC_NMI (acpi_id[0x16] high edge lint[0x1])
Mar 21 12:55:36 kernel: [    0.201560] ACPI: LAPIC_NMI (acpi_id[0x17] high edge lint[0x1])
Mar 21 12:55:36 kernel: [    0.201561] ACPI: LAPIC_NMI (acpi_id[0x18] high edge lint[0x1])
Mar 21 12:55:36 kernel: [    0.201561] ACPI: LAPIC_NMI (acpi_id[0x19] high edge lint[0x1])
Mar 21 12:55:36 kernel: [    0.201561] ACPI: LAPIC_NMI (acpi_id[0x1a] high edge lint[0x1])
Mar 21 12:55:36 kernel: [    0.201562] ACPI: LAPIC_NMI (acpi_id[0x1b] high edge lint[0x1])
Mar 21 12:55:36 kernel: [    0.201562] ACPI: LAPIC_NMI (acpi_id[0x1c] high edge lint[0x1])
Mar 21 12:55:36 kernel: [    0.201562] ACPI: LAPIC_NMI (acpi_id[0x1d] high edge lint[0x1])
Mar 21 12:55:36 kernel: [    0.201563] ACPI: LAPIC_NMI (acpi_id[0x1e] high edge lint[0x1])
Mar 21 12:55:36 kernel: [    0.201563] ACPI: LAPIC_NMI (acpi_id[0x1f] high edge lint[0x1])
Mar 21 12:55:36 kernel: [    0.201563] ACPI: LAPIC_NMI (acpi_id[0x20] high edge lint[0x1])
Mar 21 12:55:36 kernel: [    0.201563] ACPI: LAPIC_NMI (acpi_id[0x21] high edge lint[0x1])
Mar 21 12:55:36 kernel: [    0.201564] ACPI: LAPIC_NMI (acpi_id[0x22] high edge lint[0x1])
Mar 21 12:55:36 kernel: [    0.201564] ACPI: LAPIC_NMI (acpi_id[0x23] high edge lint[0x1])
Mar 21 12:55:36 kernel: [    0.201564] ACPI: LAPIC_NMI (acpi_id[0x24] high edge lint[0x1])
Mar 21 12:55:36 kernel: [    0.201565] ACPI: LAPIC_NMI (acpi_id[0x25] high edge lint[0x1])
Mar 21 12:55:36 kernel: [    0.201565] ACPI: LAPIC_NMI (acpi_id[0x26] high edge lint[0x1])
Mar 21 12:55:36 kernel: [    0.201565] ACPI: LAPIC_NMI (acpi_id[0x27] high edge lint[0x1])
Mar 21 12:55:36 kernel: [    0.201566] ACPI: LAPIC_NMI (acpi_id[0x28] high edge lint[0x1])
Mar 21 12:55:36 kernel: [    0.201566] ACPI: LAPIC_NMI (acpi_id[0x29] high edge lint[0x1])
Mar 21 12:55:36 kernel: [    0.201566] ACPI: LAPIC_NMI (acpi_id[0x2a] high edge lint[0x1])
Mar 21 12:55:36 kernel: [    0.201567] ACPI: LAPIC_NMI (acpi_id[0x2b] high edge lint[0x1])
Mar 21 12:55:36 kernel: [    0.201567] ACPI: LAPIC_NMI (acpi_id[0x2c] high edge lint[0x1])
Mar 21 12:55:36 kernel: [    0.201567] ACPI: LAPIC_NMI (acpi_id[0x2d] high edge lint[0x1])
Mar 21 12:55:36 kernel: [    0.201567] ACPI: LAPIC_NMI (acpi_id[0x2e] high edge lint[0x1])
Mar 21 12:55:36 kernel: [    0.201568] ACPI: LAPIC_NMI (acpi_id[0x2f] high edge lint[0x1])
Mar 21 12:55:36 kernel: [    0.201568] ACPI: LAPIC_NMI (acpi_id[0x30] high edge lint[0x1])
Mar 21 12:55:36 kernel: [    0.201568] ACPI: LAPIC_NMI (acpi_id[0x31] high edge lint[0x1])
Mar 21 12:55:36 kernel: [    0.201569] ACPI: LAPIC_NMI (acpi_id[0x32] high edge lint[0x1])
Mar 21 12:55:36 kernel: [    0.201569] ACPI: LAPIC_NMI (acpi_id[0x33] high edge lint[0x1])
Mar 21 12:55:36 kernel: [    0.201569] ACPI: LAPIC_NMI (acpi_id[0x34] high edge lint[0x1])
Mar 21 12:55:36 kernel: [    0.201570] ACPI: LAPIC_NMI (acpi_id[0x35] high edge lint[0x1])
Mar 21 12:55:36 kernel: [    0.201570] ACPI: LAPIC_NMI (acpi_id[0x36] high edge lint[0x1])
Mar 21 12:55:36 kernel: [    0.201570] ACPI: LAPIC_NMI (acpi_id[0x37] high edge lint[0x1])
Mar 21 12:55:36 kernel: [    0.201570] ACPI: LAPIC_NMI (acpi_id[0x38] high edge lint[0x1])
Mar 21 12:55:36 kernel: [    0.201571] ACPI: LAPIC_NMI (acpi_id[0x39] high edge lint[0x1])
Mar 21 12:55:36 kernel: [    0.201571] ACPI: LAPIC_NMI (acpi_id[0x3a] high edge lint[0x1])
Mar 21 12:55:36 kernel: [    0.201571] ACPI: LAPIC_NMI (acpi_id[0x3b] high edge lint[0x1])
Mar 21 12:55:36 kernel: [    0.201572] ACPI: LAPIC_NMI (acpi_id[0x3c] high edge lint[0x1])
Mar 21 12:55:36 kernel: [    0.201572] ACPI: LAPIC_NMI (acpi_id[0x3d] high edge lint[0x1])
Mar 21 12:55:36 kernel: [    0.201572] ACPI: LAPIC_NMI (acpi_id[0x3e] high edge lint[0x1])
Mar 21 12:55:36 kernel: [    0.201573] ACPI: LAPIC_NMI (acpi_id[0x3f] high edge lint[0x1])
Mar 21 12:55:36 kernel: [    0.201573] ACPI: LAPIC_NMI (acpi_id[0x40] high edge lint[0x1])
Mar 21 12:55:36 kernel: [    0.201573] ACPI: LAPIC_NMI (acpi_id[0x41] high edge lint[0x1])
Mar 21 12:55:36 kernel: [    0.201573] ACPI: LAPIC_NMI (acpi_id[0x42] high edge lint[0x1])
Mar 21 12:55:36 kernel: [    0.201574] ACPI: LAPIC_NMI (acpi_id[0x43] high edge lint[0x1])
Mar 21 12:55:36 kernel: [    0.201574] ACPI: LAPIC_NMI (acpi_id[0x44] high edge lint[0x1])
Mar 21 12:55:36 kernel: [    0.201574] ACPI: LAPIC_NMI (acpi_id[0x45] high edge lint[0x1])
Mar 21 12:55:36 kernel: [    0.201575] ACPI: LAPIC_NMI (acpi_id[0x46] high edge lint[0x1])
Mar 21 12:55:36 kernel: [    0.201575] ACPI: LAPIC_NMI (acpi_id[0x47] high edge lint[0x1])
Mar 21 12:55:36 kernel: [    0.201575] ACPI: LAPIC_NMI (acpi_id[0x48] high edge lint[0x1])
Mar 21 12:55:36 kernel: [    0.201576] ACPI: LAPIC_NMI (acpi_id[0x49] high edge lint[0x1])
Mar 21 12:55:36 kernel: [    0.201576] ACPI: LAPIC_NMI (acpi_id[0x4a] high edge lint[0x1])
Mar 21 12:55:36 kernel: [    0.201576] ACPI: LAPIC_NMI (acpi_id[0x4b] high edge lint[0x1])
Mar 21 12:55:36 kernel: [    0.201577] ACPI: LAPIC_NMI (acpi_id[0x4c] high edge lint[0x1])
Mar 21 12:55:36 kernel: [    0.201577] ACPI: LAPIC_NMI (acpi_id[0x4d] high edge lint[0x1])
Mar 21 12:55:36 kernel: [    0.201577] ACPI: LAPIC_NMI (acpi_id[0x4e] high edge lint[0x1])
Mar 21 12:55:36 kernel: [    0.201577] ACPI: LAPIC_NMI (acpi_id[0x4f] high edge lint[0x1])
Mar 21 12:55:36 kernel: [    0.201578] ACPI: LAPIC_NMI (acpi_id[0x50] high edge lint[0x1])
Mar 21 12:55:36 kernel: [    0.201578] ACPI: LAPIC_NMI (acpi_id[0x51] high edge lint[0x1])
Mar 21 12:55:36 kernel: [    0.201578] ACPI: LAPIC_NMI (acpi_id[0x52] high edge lint[0x1])
Mar 21 12:55:36 kernel: [    0.201579] ACPI: LAPIC_NMI (acpi_id[0x53] high edge lint[0x1])
Mar 21 12:55:36 kernel: [    0.201579] ACPI: LAPIC_NMI (acpi_id[0x54] high edge lint[0x1])
Mar 21 12:55:36 kernel: [    0.201579] ACPI: LAPIC_NMI (acpi_id[0x55] high edge lint[0x1])
Mar 21 12:55:36 kernel: [    0.201580] ACPI: LAPIC_NMI (acpi_id[0x56] high edge lint[0x1])
Mar 21 12:55:36 kernel: [    0.201580] ACPI: LAPIC_NMI (acpi_id[0x57] high edge lint[0x1])
Mar 21 12:55:36 kernel: [    0.201580] ACPI: LAPIC_NMI (acpi_id[0x58] high edge lint[0x1])
Mar 21 12:55:36 kernel: [    0.201580] ACPI: LAPIC_NMI (acpi_id[0x59] high edge lint[0x1])
Mar 21 12:55:36 kernel: [    0.201581] ACPI: LAPIC_NMI (acpi_id[0x5a] high edge lint[0x1])
Mar 21 12:55:36 kernel: [    0.201581] ACPI: LAPIC_NMI (acpi_id[0x5b] high edge lint[0x1])
Mar 21 12:55:36 kernel: [    0.201581] ACPI: LAPIC_NMI (acpi_id[0x5c] high edge lint[0x1])
Mar 21 12:55:36 kernel: [    0.201582] ACPI: LAPIC_NMI (acpi_id[0x5d] high edge lint[0x1])
Mar 21 12:55:36 kernel: [    0.201582] ACPI: LAPIC_NMI (acpi_id[0x5e] high edge lint[0x1])
Mar 21 12:55:36 kernel: [    0.201582] ACPI: LAPIC_NMI (acpi_id[0x5f] high edge lint[0x1])
Mar 21 12:55:36 kernel: [    0.201583] ACPI: LAPIC_NMI (acpi_id[0x60] high edge lint[0x1])
Mar 21 12:55:36 kernel: [    0.201583] ACPI: LAPIC_NMI (acpi_id[0x61] high edge lint[0x1])
Mar 21 12:55:36 kernel: [    0.201583] ACPI: LAPIC_NMI (acpi_id[0x62] high edge lint[0x1])
Mar 21 12:55:36 kernel: [    0.201583] ACPI: LAPIC_NMI (acpi_id[0x63] high edge lint[0x1])
Mar 21 12:55:36 kernel: [    0.201584] ACPI: LAPIC_NMI (acpi_id[0x64] high edge lint[0x1])
Mar 21 12:55:36 kernel: [    0.201584] ACPI: LAPIC_NMI (acpi_id[0x65] high edge lint[0x1])
Mar 21 12:55:36 kernel: [    0.201584] ACPI: LAPIC_NMI (acpi_id[0x66] high edge lint[0x1])
Mar 21 12:55:36 kernel: [    0.201585] ACPI: LAPIC_NMI (acpi_id[0x67] high edge lint[0x1])
Mar 21 12:55:36 kernel: [    0.201585] ACPI: LAPIC_NMI (acpi_id[0x68] high edge lint[0x1])
Mar 21 12:55:36 kernel: [    0.201585] ACPI: LAPIC_NMI (acpi_id[0x69] high edge lint[0x1])
Mar 21 12:55:36 kernel: [    0.201586] ACPI: LAPIC_NMI (acpi_id[0x6a] high edge lint[0x1])
Mar 21 12:55:36 kernel: [    0.201586] ACPI: LAPIC_NMI (acpi_id[0x6b] high edge lint[0x1])
Mar 21 12:55:36 kernel: [    0.201586] ACPI: LAPIC_NMI (acpi_id[0x6c] high edge lint[0x1])
Mar 21 12:55:36 kernel: [    0.201587] ACPI: LAPIC_NMI (acpi_id[0x6d] high edge lint[0x1])
Mar 21 12:55:36 kernel: [    0.201587] ACPI: LAPIC_NMI (acpi_id[0x6e] high edge lint[0x1])
Mar 21 12:55:36 kernel: [    0.201587] ACPI: LAPIC_NMI (acpi_id[0x6f] high edge lint[0x1])
Mar 21 12:55:36 kernel: [    0.201587] ACPI: LAPIC_NMI (acpi_id[0x70] high edge lint[0x1])
Mar 21 12:55:36 kernel: [    0.201588] ACPI: LAPIC_NMI (acpi_id[0x71] high edge lint[0x1])
Mar 21 12:55:36 kernel: [    0.201588] ACPI: LAPIC_NMI (acpi_id[0x72] high edge lint[0x1])
Mar 21 12:55:36 kernel: [    0.201588] ACPI: LAPIC_NMI (acpi_id[0x73] high edge lint[0x1])
Mar 21 12:55:36 kernel: [    0.201589] ACPI: LAPIC_NMI (acpi_id[0x74] high edge lint[0x1])
Mar 21 12:55:36 kernel: [    0.201589] ACPI: LAPIC_NMI (acpi_id[0x75] high edge lint[0x1])
Mar 21 12:55:36 kernel: [    0.201589] ACPI: LAPIC_NMI (acpi_id[0x76] high edge lint[0x1])
Mar 21 12:55:36 kernel: [    0.201590] ACPI: LAPIC_NMI (acpi_id[0x77] high edge lint[0x1])
Mar 21 12:55:36 kernel: [    0.201590] ACPI: LAPIC_NMI (acpi_id[0x78] high edge lint[0x1])
Mar 21 12:55:36 kernel: [    0.201590] ACPI: LAPIC_NMI (acpi_id[0x79] high edge lint[0x1])
Mar 21 12:55:36 kernel: [    0.201590] ACPI: LAPIC_NMI (acpi_id[0x7a] high edge lint[0x1])
Mar 21 12:55:36 kernel: [    0.201591] ACPI: LAPIC_NMI (acpi_id[0x7b] high edge lint[0x1])
Mar 21 12:55:36 kernel: [    0.201591] ACPI: LAPIC_NMI (acpi_id[0x7c] high edge lint[0x1])
Mar 21 12:55:36 kernel: [    0.201591] ACPI: LAPIC_NMI (acpi_id[0x7d] high edge lint[0x1])
Mar 21 12:55:36 kernel: [    0.201592] ACPI: LAPIC_NMI (acpi_id[0x7e] high edge lint[0x1])
Mar 21 12:55:36 kernel: [    0.201592] ACPI: LAPIC_NMI (acpi_id[0x7f] high edge lint[0x1])
Mar 21 12:55:36 kernel: [    0.201617] IOAPIC[0]: apic_id 128, version 32, address 0xfec00000, GSI 0-23
Mar 21 12:55:36 kernel: [    0.201619] ACPI: INT_SRC_OVR (bus 0 bus_irq 0 global_irq 2 high edge)
Mar 21 12:55:36 kernel: [    0.201621] ACPI: IRQ0 used by override.
Mar 21 12:55:36 kernel: [    0.201621] ACPI: IRQ9 used by override.
Mar 21 12:55:36 kernel: [    0.201623] Using ACPI (MADT) for SMP configuration information
Mar 21 12:55:36 kernel: [    0.201624] ACPI: HPET id: 0x8086af01 base: 0xfed00000
Mar 21 12:55:36 kernel: [    0.201632] smpboot: Allowing 128 CPUs, 124 hotplug CPUs
Mar 21 12:55:36 kernel: [    0.201645] PM: Registered nosave memory: [mem 0x00000000-0x00000fff]
Mar 21 12:55:36 kernel: [    0.201645] PM: Registered nosave memory: [mem 0x0009e000-0x0009efff]
Mar 21 12:55:36 kernel: [    0.201646] PM: Registered nosave memory: [mem 0x0009f000-0x0009ffff]
Mar 21 12:55:36 kernel: [    0.201646] PM: Registered nosave memory: [mem 0x000a0000-0x000dbfff]
Mar 21 12:55:36 kernel: [    0.201646] PM: Registered nosave memory: [mem 0x000dc000-0x000fffff]
Mar 21 12:55:36 kernel: [    0.201647] PM: Registered nosave memory: [mem 0xbfee0000-0xbfefefff]
Mar 21 12:55:36 kernel: [    0.201647] PM: Registered nosave memory: [mem 0xbfeff000-0xbfefffff]
Mar 21 12:55:36 kernel: [    0.201648] PM: Registered nosave memory: [mem 0xc0000000-0xefffffff]
Mar 21 12:55:36 kernel: [    0.201648] PM: Registered nosave memory: [mem 0xf0000000-0xf7ffffff]
Mar 21 12:55:36 kernel: [    0.201648] PM: Registered nosave memory: [mem 0xf8000000-0xfebfffff]
Mar 21 12:55:36 kernel: [    0.201649] PM: Registered nosave memory: [mem 0xfec00000-0xfec0ffff]
Mar 21 12:55:36 kernel: [    0.201649] PM: Registered nosave memory: [mem 0xfec10000-0xfedfffff]
Mar 21 12:55:36 kernel: [    0.201649] PM: Registered nosave memory: [mem 0xfee00000-0xfee00fff]
Mar 21 12:55:36 kernel: [    0.201650] PM: Registered nosave memory: [mem 0xfee01000-0xfffdffff]
Mar 21 12:55:36 kernel: [    0.201650] PM: Registered nosave memory: [mem 0xfffe0000-0xffffffff]
Mar 21 12:55:36 kernel: [    0.201651] [mem 0xc0000000-0xefffffff] available for PCI devices
Mar 21 12:55:36 kernel: [    0.201652] Booting paravirtualized kernel on VMware hypervisor
Mar 21 12:55:36 kernel: [    0.201654] clocksource: refined-jiffies: mask: 0xffffffff max_cycles: 0xffffffff, max_idle_ns: 7645519600211568 ns
Mar 21 12:55:36 kernel: [    0.262479] random: get_random_bytes called from start_kernel+0x93/0x52c with crng_init=0
Mar 21 12:55:36 kernel: [    0.262502] setup_percpu: NR_CPUS:512 nr_cpumask_bits:512 nr_cpu_ids:128 nr_node_ids:1
Mar 21 12:55:36 kernel: [    0.354561] percpu: Embedded 45 pages/cpu s144408 r8192 d31720 u262144
Mar 21 12:55:36 kernel: [    0.354570] pcpu-alloc: s144408 r8192 d31720 u262144 alloc=1*2097152
Mar 21 12:55:36 kernel: [    0.354570] pcpu-alloc: [0] 000 001 002 003 004 005 006 007 
Mar 21 12:55:36 kernel: [    0.354572] pcpu-alloc: [0] 008 009 010 011 012 013 014 015 
Mar 21 12:55:36 kernel: [    0.354573] pcpu-alloc: [0] 016 017 018 019 020 021 022 023 
Mar 21 12:55:36 kernel: [    0.354574] pcpu-alloc: [0] 024 025 026 027 028 029 030 031 
Mar 21 12:55:36 kernel: [    0.354575] pcpu-alloc: [0] 032 033 034 035 036 037 038 039 
Mar 21 12:55:36 kernel: [    0.354577] pcpu-alloc: [0] 040 041 042 043 044 045 046 047 
Mar 21 12:55:36 kernel: [    0.354578] pcpu-alloc: [0] 048 049 050 051 052 053 054 055 
Mar 21 12:55:36 kernel: [    0.354579] pcpu-alloc: [0] 056 057 058 059 060 061 062 063 
Mar 21 12:55:36 kernel: [    0.354580] pcpu-alloc: [0] 064 065 066 067 068 069 070 071 
Mar 21 12:55:36 kernel: [    0.354581] pcpu-alloc: [0] 072 073 074 075 076 077 078 079 
Mar 21 12:55:36 kernel: [    0.354582] pcpu-alloc: [0] 080 081 082 083 084 085 086 087 
Mar 21 12:55:36 kernel: [    0.354583] pcpu-alloc: [0] 088 089 090 091 092 093 094 095 
Mar 21 12:55:36 kernel: [    0.354585] pcpu-alloc: [0] 096 097 098 099 100 101 102 103 
Mar 21 12:55:36 kernel: [    0.354586] pcpu-alloc: [0] 104 105 106 107 108 109 110 111 
Mar 21 12:55:36 kernel: [    0.354587] pcpu-alloc: [0] 112 113 114 115 116 117 118 119 
Mar 21 12:55:36 kernel: [    0.354588] pcpu-alloc: [0] 120 121 122 123 124 125 126 127 
Mar 21 12:55:36 kernel: [    0.354629] Built 1 zonelists, mobility grouping on.  Total pages: 1032040
Mar 21 12:55:36 kernel: [    0.354630] Policy zone: Normal
Mar 21 12:55:36 kernel: [    0.354632] Kernel command line: BOOT_IMAGE=/install.amd/vmlinuz vga=788 initrd=/install.amd/gtk/initrd.gz --- quiet 
Mar 21 12:55:36 kernel: [    0.354670] log_buf_len individual max cpu contribution: 4096 bytes
Mar 21 12:55:36 kernel: [    0.354671] log_buf_len total cpu_extra contributions: 520192 bytes
Mar 21 12:55:36 kernel: [    0.354671] log_buf_len min size: 131072 bytes
Mar 21 12:55:36 kernel: [    0.357524] log_buf_len: 1048576 bytes
Mar 21 12:55:36 kernel: [    0.357524] early log buf free: 105116(80%)
Mar 21 12:55:36 kernel: [    0.538921] Calgary: detecting Calgary via BIOS EBDA area
Mar 21 12:55:36 kernel: [    0.538923] Calgary: Unable to locate Rio Grande table in EBDA - bailing!
Mar 21 12:55:36 kernel: [    0.545013] Memory: 3967856K/4193780K available (10252K kernel code, 1241K rwdata, 3320K rodata, 1592K init, 2276K bss, 225924K reserved, 0K cma-reserved)
Mar 21 12:55:36 kernel: [    0.545762] SLUB: HWalign=64, Order=0-3, MinObjects=0, CPUs=128, Nodes=1
Mar 21 12:55:36 kernel: [    0.545797] ftrace: allocating 31847 entries in 125 pages
Mar 21 12:55:36 kernel: [    0.555978] rcu: Hierarchical RCU implementation.
Mar 21 12:55:36 kernel: [    0.555979] rcu: 	RCU restricting CPUs from NR_CPUS=512 to nr_cpu_ids=128.
Mar 21 12:55:36 kernel: [    0.555980] rcu: Adjusting geometry for rcu_fanout_leaf=16, nr_cpu_ids=128
Mar 21 12:55:36 kernel: [    0.558144] NR_IRQS: 33024, nr_irqs: 1448, preallocated irqs: 16
Mar 21 12:55:36 kernel: [    0.558558] Console: colour dummy device 80x25
Mar 21 12:55:36 kernel: [    0.558562] console [tty0] enabled
Mar 21 12:55:36 kernel: [    0.558601] ACPI: Core revision 20180810
Mar 21 12:55:36 kernel: [    0.558966] clocksource: hpet: mask: 0xffffffff max_cycles: 0xffffffff, max_idle_ns: 133484882848 ns
Mar 21 12:55:36 kernel: [    0.559008] hpet clockevent registered
Mar 21 12:55:36 kernel: [    0.559014] APIC: Switch to symmetric I/O mode setup
Mar 21 12:55:36 kernel: [    0.559133] x2apic enabled
Mar 21 12:55:36 kernel: [    0.559292] Switched APIC routing to physical x2apic.
Mar 21 12:55:36 kernel: [    0.560067] ..TIMER: vector=0x30 apic1=0 pin1=2 apic2=-1 pin2=-1
Mar 21 12:55:36 kernel: [    0.560086] clocksource: tsc-early: mask: 0xffffffffffffffff max_cycles: 0x6d5818a734c, max_idle_ns: 881590694765 ns
Mar 21 12:55:36 kernel: [    0.560092] Calibrating delay loop (skipped) preset value.. 7585.74 BogoMIPS (lpj=15171496)
Mar 21 12:55:36 kernel: [    0.560094] pid_max: default: 131072 minimum: 1024
Mar 21 12:55:36 kernel: [    0.560207] Security Framework initialized
Mar 21 12:55:36 kernel: [    0.560208] Yama: disabled by default; enable with sysctl kernel.yama.*
Mar 21 12:55:36 kernel: [    0.564722] AppArmor: AppArmor initialized
Mar 21 12:55:36 kernel: [    0.576758] Dentry cache hash table entries: 524288 (order: 10, 4194304 bytes)
Mar 21 12:55:36 kernel: [    0.582679] Inode-cache hash table entries: 262144 (order: 9, 2097152 bytes)
Mar 21 12:55:36 kernel: [    0.582867] Mount-cache hash table entries: 8192 (order: 4, 65536 bytes)
Mar 21 12:55:36 kernel: [    0.583064] Mountpoint-cache hash table entries: 8192 (order: 4, 65536 bytes)
Mar 21 12:55:36 kernel: [    0.583847] LVT offset 2 assigned for vector 0xf4
Mar 21 12:55:36 kernel: [    0.583854] Last level iTLB entries: 4KB 1024, 2MB 1024, 4MB 512
Mar 21 12:55:36 kernel: [    0.583854] Last level dTLB entries: 4KB 2048, 2MB 2048, 4MB 1024, 1GB 0
Mar 21 12:55:36 kernel: [    0.583855] Spectre V1 : Mitigation: usercopy/swapgs barriers and __user pointer sanitization
Mar 21 12:55:36 kernel: [    0.583856] Spectre V2 : Mitigation: Full AMD retpoline
Mar 21 12:55:36 kernel: [    0.583856] Spectre V2 : Spectre v2 / SpectreRSB mitigation: Filling RSB on context switch
Mar 21 12:55:36 kernel: [    0.583861] Spectre V2 : mitigation: Enabling conditional Indirect Branch Prediction Barrier
Mar 21 12:55:36 kernel: [    0.583861] Speculative Store Bypass: Mitigation: Speculative Store Bypass disabled via prctl and seccomp
Mar 21 12:55:36 kernel: [    0.586489] Freeing SMP alternatives memory: 24K
Mar 21 12:55:36 kernel: [    0.589703] smpboot: CPU0: AMD Ryzen 9 3900X 12-Core Processor (family: 0x17, model: 0x71, stepping: 0x0)
Mar 21 12:55:36 kernel: [    0.590096] Performance Events: AMD PMU driver.
Mar 21 12:55:36 kernel: [    0.590102] ... version:                0
Mar 21 12:55:36 kernel: [    0.590102] ... bit width:              48
Mar 21 12:55:36 kernel: [    0.590102] ... generic registers:      4
Mar 21 12:55:36 kernel: [    0.590103] ... value mask:             0000ffffffffffff
Mar 21 12:55:36 kernel: [    0.590103] ... max period:             00007fffffffffff
Mar 21 12:55:36 kernel: [    0.590103] ... fixed-purpose events:   0
Mar 21 12:55:36 kernel: [    0.590103] ... event mask:             000000000000000f
Mar 21 12:55:36 kernel: [    0.590280] rcu: Hierarchical SRCU implementation.
Mar 21 12:55:36 kernel: [    0.592576] random: crng done (trusting CPU's manufacturer)
Mar 21 12:55:36 kernel: [    0.592676] NMI watchdog: Enabled. Permanently consumes one hw-PMU counter.
Mar 21 12:55:36 kernel: [    0.603050] smp: Bringing up secondary CPUs ...
Mar 21 12:55:36 kernel: [    0.603573] x86: Booting SMP configuration:
Mar 21 12:55:36 kernel: [    0.603574] .... node  #0, CPUs:          #1   #2   #3
Mar 21 12:55:36 kernel: [    0.605310] smp: Brought up 1 node, 4 CPUs
Mar 21 12:55:36 kernel: [    0.605310] smpboot: Max logical packages: 32
Mar 21 12:55:36 kernel: [    0.605310] smpboot: Total of 4 processors activated (30342.99 BogoMIPS)
Mar 21 12:55:36 kernel: [    0.608713] devtmpfs: initialized
Mar 21 12:55:36 kernel: [    0.608713] x86/mm: Memory block size: 128MB
Mar 21 12:55:36 kernel: [    0.608920] PM: Registering ACPI NVS region [mem 0xbfeff000-0xbfefffff] (4096 bytes)
Mar 21 12:55:36 kernel: [    0.608920] clocksource: jiffies: mask: 0xffffffff max_cycles: 0xffffffff, max_idle_ns: 7645041785100000 ns
Mar 21 12:55:36 kernel: [    0.608920] futex hash table entries: 32768 (order: 9, 2097152 bytes)
Mar 21 12:55:36 kernel: [    0.617495] pinctrl core: initialized pinctrl subsystem
Mar 21 12:55:36 kernel: [    0.618605] NET: Registered protocol family 16
Mar 21 12:55:36 kernel: [    0.618700] audit: initializing netlink subsys (disabled)
Mar 21 12:55:36 kernel: [    0.618714] audit: type=2000 audit(1584795333.056:1): state=initialized audit_enabled=0 res=1
Mar 21 12:55:36 kernel: [    0.618714] cpuidle: using governor ladder
Mar 21 12:55:36 kernel: [    0.618714] cpuidle: using governor menu
Mar 21 12:55:36 kernel: [    0.618714] Simple Boot Flag at 0x36 set to 0x80
Mar 21 12:55:36 kernel: [    0.618714] ACPI: bus type PCI registered
Mar 21 12:55:36 kernel: [    0.618714] acpiphp: ACPI Hot Plug PCI Controller Driver version: 0.5
Mar 21 12:55:36 kernel: [    0.620147] PCI: MMCONFIG for domain 0000 [bus 00-7f] at [mem 0xf0000000-0xf7ffffff] (base 0xf0000000)
Mar 21 12:55:36 kernel: [    0.620149] PCI: MMCONFIG at [mem 0xf0000000-0xf7ffffff] reserved in E820
Mar 21 12:55:36 kernel: [    0.620153] pmd_set_huge: Cannot satisfy [mem 0xf0000000-0xf0200000] with a huge-page mapping due to MTRR override.
Mar 21 12:55:36 kernel: [    0.620995] PCI: Using configuration type 1 for base access
Mar 21 12:55:36 kernel: [    0.621020] HugeTLB registered 1.00 GiB page size, pre-allocated 0 pages
Mar 21 12:55:36 kernel: [    0.621020] HugeTLB registered 2.00 MiB page size, pre-allocated 0 pages
Mar 21 12:55:36 kernel: [    0.624310] ACPI: Added _OSI(Module Device)
Mar 21 12:55:36 kernel: [    0.624310] ACPI: Added _OSI(Processor Device)
Mar 21 12:55:36 kernel: [    0.624311] ACPI: Added _OSI(3.0 _SCP Extensions)
Mar 21 12:55:36 kernel: [    0.624311] ACPI: Added _OSI(Processor Aggregator Device)
Mar 21 12:55:36 kernel: [    0.624312] ACPI: Added _OSI(Linux-Dell-Video)
Mar 21 12:55:36 kernel: [    0.624312] ACPI: Added _OSI(Linux-Lenovo-NV-HDMI-Audio)
Mar 21 12:55:36 kernel: [    0.632058] ACPI: 1 ACPI AML tables successfully acquired and loaded
Mar 21 12:55:36 kernel: [    0.632838] ACPI: [Firmware Bug]: BIOS _OSI(Linux) query ignored
Mar 21 12:55:36 kernel: [    0.643588] ACPI: Interpreter enabled
Mar 21 12:55:36 kernel: [    0.643597] ACPI: (supports S0 S1 S4 S5)
Mar 21 12:55:36 kernel: [    0.643598] ACPI: Using IOAPIC for interrupt routing
Mar 21 12:55:36 kernel: [    0.643611] PCI: Using host bridge windows from ACPI; if necessary, use "pci=nocrs" and report a bug
Mar 21 12:55:36 kernel: [    0.644414] ACPI: Enabled 4 GPEs in block 00 to 0F
Mar 21 12:55:36 kernel: [    0.681855] ACPI: PCI Root Bridge [PCI0] (domain 0000 [bus 00-7f])
Mar 21 12:55:36 kernel: [    0.681859] acpi PNP0A03:00: _OSC: OS supports [ExtendedConfig ASPM ClockPM Segments MSI]
Mar 21 12:55:36 kernel: [    0.681964] acpi PNP0A03:00: _OSC: platform does not support [AER LTR]
Mar 21 12:55:36 kernel: [    0.682068] acpi PNP0A03:00: _OSC: OS now controls [PCIeHotplug SHPCHotplug PME PCIeCapability]
Mar 21 12:55:36 kernel: [    0.683277] PCI host bridge to bus 0000:00
Mar 21 12:55:36 kernel: [    0.683278] pci_bus 0000:00: root bus resource [mem 0x000a0000-0x000bffff window]
Mar 21 12:55:36 kernel: [    0.683279] pci_bus 0000:00: root bus resource [mem 0x000cc000-0x000cffff window]
Mar 21 12:55:36 kernel: [    0.683280] pci_bus 0000:00: root bus resource [mem 0x000d0000-0x000d3fff window]
Mar 21 12:55:36 kernel: [    0.683280] pci_bus 0000:00: root bus resource [mem 0x000d4000-0x000d7fff window]
Mar 21 12:55:36 kernel: [    0.683281] pci_bus 0000:00: root bus resource [mem 0x000d8000-0x000dbfff window]
Mar 21 12:55:36 kernel: [    0.683281] pci_bus 0000:00: root bus resource [mem 0xc0000000-0xfebfffff window]
Mar 21 12:55:36 kernel: [    0.683282] pci_bus 0000:00: root bus resource [io  0x0000-0x0cf7 window]
Mar 21 12:55:36 kernel: [    0.683282] pci_bus 0000:00: root bus resource [io  0x0d00-0xfeff window]
Mar 21 12:55:36 kernel: [    0.683283] pci_bus 0000:00: root bus resource [bus 00-7f]
Mar 21 12:55:36 kernel: [    0.683319] pci 0000:00:00.0: [8086:7190] type 00 class 0x060000
Mar 21 12:55:36 kernel: [    0.683840] pci 0000:00:01.0: [8086:7191] type 01 class 0x060400
Mar 21 12:55:36 kernel: [    0.684360] pci 0000:00:07.0: [8086:7110] type 00 class 0x060100
Mar 21 12:55:36 kernel: [    0.684926] pci 0000:00:07.1: [8086:7111] type 00 class 0x01018a
Mar 21 12:55:36 kernel: [    0.685867] pci 0000:00:07.1: reg 0x20: [io  0x1060-0x106f]
Mar 21 12:55:36 kernel: [    0.686256] pci 0000:00:07.1: legacy IDE quirk: reg 0x10: [io  0x01f0-0x01f7]
Mar 21 12:55:36 kernel: [    0.686257] pci 0000:00:07.1: legacy IDE quirk: reg 0x14: [io  0x03f6]
Mar 21 12:55:36 kernel: [    0.686257] pci 0000:00:07.1: legacy IDE quirk: reg 0x18: [io  0x0170-0x0177]
Mar 21 12:55:36 kernel: [    0.686258] pci 0000:00:07.1: legacy IDE quirk: reg 0x1c: [io  0x0376]
Mar 21 12:55:36 kernel: [    0.686434] pci 0000:00:07.3: [8086:7113] type 00 class 0x068000
Mar 21 12:55:36 kernel: [    0.687651] pci 0000:00:07.3: quirk: [io  0x1000-0x103f] claimed by PIIX4 ACPI
Mar 21 12:55:36 kernel: [    0.687659] pci 0000:00:07.3: quirk: [io  0x1040-0x104f] claimed by PIIX4 SMB
Mar 21 12:55:36 kernel: [    0.687876] pci 0000:00:07.7: [15ad:0740] type 00 class 0x088000
Mar 21 12:55:36 kernel: [    0.688271] pci 0000:00:07.7: reg 0x10: [io  0x1080-0x10bf]
Mar 21 12:55:36 kernel: [    0.688616] pci 0000:00:07.7: reg 0x14: [mem 0xfebfe000-0xfebfffff 64bit]
Mar 21 12:55:36 kernel: [    0.690370] pci 0000:00:0f.0: [15ad:0405] type 00 class 0x030000
Mar 21 12:55:36 kernel: [    0.691498] pci 0000:00:0f.0: reg 0x10: [io  0x1070-0x107f]
Mar 21 12:55:36 kernel: [    0.692090] pci 0000:00:0f.0: reg 0x14: [mem 0xe8000000-0xefffffff pref]
Mar 21 12:55:36 kernel: [    0.693080] pci 0000:00:0f.0: reg 0x18: [mem 0xfe000000-0xfe7fffff]
Mar 21 12:55:36 kernel: [    0.697055] pci 0000:00:0f.0: reg 0x30: [mem 0x00000000-0x00007fff pref]
Mar 21 12:55:36 kernel: [    0.697508] pci 0000:00:10.0: [1000:0030] type 00 class 0x010000
Mar 21 12:55:36 kernel: [    0.698080] pci 0000:00:10.0: reg 0x10: [io  0x1400-0x14ff]
Mar 21 12:55:36 kernel: [    0.698601] pci 0000:00:10.0: reg 0x14: [mem 0xfeba0000-0xfebbffff 64bit]
Mar 21 12:55:36 kernel: [    0.699120] pci 0000:00:10.0: reg 0x1c: [mem 0xfebc0000-0xfebdffff 64bit]
Mar 21 12:55:36 kernel: [    0.700337] pci 0000:00:10.0: reg 0x30: [mem 0x00000000-0x00003fff pref]
Mar 21 12:55:36 kernel: [    0.700645] pci 0000:00:11.0: [15ad:0790] type 01 class 0x060401
Mar 21 12:55:36 kernel: [    0.701250] pci 0000:00:15.0: [15ad:07a0] type 01 class 0x060400
Mar 21 12:55:36 kernel: [    0.701824] pci 0000:00:15.0: PME# supported from D0 D3hot D3cold
Mar 21 12:55:36 kernel: [    0.702229] pci 0000:00:15.1: [15ad:07a0] type 01 class 0x060400
Mar 21 12:55:36 kernel: [    0.702892] pci 0000:00:15.1: PME# supported from D0 D3hot D3cold
Mar 21 12:55:36 kernel: [    0.703246] pci 0000:00:15.2: [15ad:07a0] type 01 class 0x060400
Mar 21 12:55:36 kernel: [    0.703865] pci 0000:00:15.2: PME# supported from D0 D3hot D3cold
Mar 21 12:55:36 kernel: [    0.704168] pci 0000:00:15.3: [15ad:07a0] type 01 class 0x060400
Mar 21 12:55:36 kernel: [    0.704750] pci 0000:00:15.3: PME# supported from D0 D3hot D3cold
Mar 21 12:55:36 kernel: [    0.705016] pci 0000:00:15.4: [15ad:07a0] type 01 class 0x060400
Mar 21 12:55:36 kernel: [    0.705582] pci 0000:00:15.4: PME# supported from D0 D3hot D3cold
Mar 21 12:55:36 kernel: [    0.705892] pci 0000:00:15.5: [15ad:07a0] type 01 class 0x060400
Mar 21 12:55:36 kernel: [    0.706457] pci 0000:00:15.5: PME# supported from D0 D3hot D3cold
Mar 21 12:55:36 kernel: [    0.706753] pci 0000:00:15.6: [15ad:07a0] type 01 class 0x060400
Mar 21 12:55:36 kernel: [    0.707316] pci 0000:00:15.6: PME# supported from D0 D3hot D3cold
Mar 21 12:55:36 kernel: [    0.707622] pci 0000:00:15.7: [15ad:07a0] type 01 class 0x060400
Mar 21 12:55:36 kernel: [    0.708162] pci 0000:00:15.7: PME# supported from D0 D3hot D3cold
Mar 21 12:55:36 kernel: [    0.708439] pci 0000:00:16.0: [15ad:07a0] type 01 class 0x060400
Mar 21 12:55:36 kernel: [    0.709004] pci 0000:00:16.0: PME# supported from D0 D3hot D3cold
Mar 21 12:55:36 kernel: [    0.709414] pci 0000:00:16.1: [15ad:07a0] type 01 class 0x060400
Mar 21 12:55:36 kernel: [    0.709985] pci 0000:00:16.1: PME# supported from D0 D3hot D3cold
Mar 21 12:55:36 kernel: [    0.710291] pci 0000:00:16.2: [15ad:07a0] type 01 class 0x060400
Mar 21 12:55:36 kernel: [    0.710855] pci 0000:00:16.2: PME# supported from D0 D3hot D3cold
Mar 21 12:55:36 kernel: [    0.711146] pci 0000:00:16.3: [15ad:07a0] type 01 class 0x060400
Mar 21 12:55:36 kernel: [    0.711715] pci 0000:00:16.3: PME# supported from D0 D3hot D3cold
Mar 21 12:55:36 kernel: [    0.712005] pci 0000:00:16.4: [15ad:07a0] type 01 class 0x060400
Mar 21 12:55:36 kernel: [    0.712584] pci 0000:00:16.4: PME# supported from D0 D3hot D3cold
Mar 21 12:55:36 kernel: [    0.712848] pci 0000:00:16.5: [15ad:07a0] type 01 class 0x060400
Mar 21 12:55:36 kernel: [    0.713410] pci 0000:00:16.5: PME# supported from D0 D3hot D3cold
Mar 21 12:55:36 kernel: [    0.713714] pci 0000:00:16.6: [15ad:07a0] type 01 class 0x060400
Mar 21 12:55:36 kernel: [    0.714278] pci 0000:00:16.6: PME# supported from D0 D3hot D3cold
Mar 21 12:55:36 kernel: [    0.714582] pci 0000:00:16.7: [15ad:07a0] type 01 class 0x060400
Mar 21 12:55:36 kernel: [    0.715146] pci 0000:00:16.7: PME# supported from D0 D3hot D3cold
Mar 21 12:55:36 kernel: [    0.715473] pci 0000:00:17.0: [15ad:07a0] type 01 class 0x060400
Mar 21 12:55:36 kernel: [    0.716038] pci 0000:00:17.0: PME# supported from D0 D3hot D3cold
Mar 21 12:55:36 kernel: [    0.716437] pci 0000:00:17.1: [15ad:07a0] type 01 class 0x060400
Mar 21 12:55:36 kernel: [    0.717003] pci 0000:00:17.1: PME# supported from D0 D3hot D3cold
Mar 21 12:55:36 kernel: [    0.717300] pci 0000:00:17.2: [15ad:07a0] type 01 class 0x060400
Mar 21 12:55:36 kernel: [    0.717870] pci 0000:00:17.2: PME# supported from D0 D3hot D3cold
Mar 21 12:55:36 kernel: [    0.718160] pci 0000:00:17.3: [15ad:07a0] type 01 class 0x060400
Mar 21 12:55:36 kernel: [    0.718731] pci 0000:00:17.3: PME# supported from D0 D3hot D3cold
Mar 21 12:55:36 kernel: [    0.719009] pci 0000:00:17.4: [15ad:07a0] type 01 class 0x060400
Mar 21 12:55:36 kernel: [    0.719575] pci 0000:00:17.4: PME# supported from D0 D3hot D3cold
Mar 21 12:55:36 kernel: [    0.719872] pci 0000:00:17.5: [15ad:07a0] type 01 class 0x060400
Mar 21 12:55:36 kernel: [    0.720441] pci 0000:00:17.5: PME# supported from D0 D3hot D3cold
Mar 21 12:55:36 kernel: [    0.720713] pci 0000:00:17.6: [15ad:07a0] type 01 class 0x060400
Mar 21 12:55:36 kernel: [    0.721276] pci 0000:00:17.6: PME# supported from D0 D3hot D3cold
Mar 21 12:55:36 kernel: [    0.721593] pci 0000:00:17.7: [15ad:07a0] type 01 class 0x060400
Mar 21 12:55:36 kernel: [    0.722157] pci 0000:00:17.7: PME# supported from D0 D3hot D3cold
Mar 21 12:55:36 kernel: [    0.722448] pci 0000:00:18.0: [15ad:07a0] type 01 class 0x060400
Mar 21 12:55:36 kernel: [    0.723002] pci 0000:00:18.0: PME# supported from D0 D3hot D3cold
Mar 21 12:55:36 kernel: [    0.723387] pci 0000:00:18.1: [15ad:07a0] type 01 class 0x060400
Mar 21 12:55:36 kernel: [    0.723935] pci 0000:00:18.1: PME# supported from D0 D3hot D3cold
Mar 21 12:55:36 kernel: [    0.724177] pci 0000:00:18.2: [15ad:07a0] type 01 class 0x060400
Mar 21 12:55:36 kernel: [    0.724739] pci 0000:00:18.2: PME# supported from D0 D3hot D3cold
Mar 21 12:55:36 kernel: [    0.725032] pci 0000:00:18.3: [15ad:07a0] type 01 class 0x060400
Mar 21 12:55:36 kernel: [    0.725602] pci 0000:00:18.3: PME# supported from D0 D3hot D3cold
Mar 21 12:55:36 kernel: [    0.725905] pci 0000:00:18.4: [15ad:07a0] type 01 class 0x060400
Mar 21 12:55:36 kernel: [    0.726476] pci 0000:00:18.4: PME# supported from D0 D3hot D3cold
Mar 21 12:55:36 kernel: [    0.726760] pci 0000:00:18.5: [15ad:07a0] type 01 class 0x060400
Mar 21 12:55:36 kernel: [    0.727293] pci 0000:00:18.5: PME# supported from D0 D3hot D3cold
Mar 21 12:55:36 kernel: [    0.727549] pci 0000:00:18.6: [15ad:07a0] type 01 class 0x060400
Mar 21 12:55:36 kernel: [    0.728129] pci 0000:00:18.6: PME# supported from D0 D3hot D3cold
Mar 21 12:55:36 kernel: [    0.728404] pci 0000:00:18.7: [15ad:07a0] type 01 class 0x060400
Mar 21 12:55:36 kernel: [    0.728968] pci 0000:00:18.7: PME# supported from D0 D3hot D3cold
Mar 21 12:55:36 kernel: [    0.729291] pci_bus 0000:01: extended config space not accessible
Mar 21 12:55:36 kernel: [    0.729354] pci 0000:00:01.0: PCI bridge to [bus 01]
Mar 21 12:55:36 kernel: [    0.729617] pci_bus 0000:02: extended config space not accessible
Mar 21 12:55:36 kernel: [    0.729791] acpiphp: Slot [32] registered
Mar 21 12:55:36 kernel: [    0.729833] acpiphp: Slot [33] registered
Mar 21 12:55:36 kernel: [    0.729860] acpiphp: Slot [34] registered
Mar 21 12:55:36 kernel: [    0.729887] acpiphp: Slot [35] registered
Mar 21 12:55:36 kernel: [    0.729914] acpiphp: Slot [36] registered
Mar 21 12:55:36 kernel: [    0.729941] acpiphp: Slot [37] registered
Mar 21 12:55:36 kernel: [    0.729991] acpiphp: Slot [38] registered
Mar 21 12:55:36 kernel: [    0.730018] acpiphp: Slot [39] registered
Mar 21 12:55:36 kernel: [    0.730044] acpiphp: Slot [40] registered
Mar 21 12:55:36 kernel: [    0.730095] acpiphp: Slot [41] registered
Mar 21 12:55:36 kernel: [    0.730121] acpiphp: Slot [42] registered
Mar 21 12:55:36 kernel: [    0.730147] acpiphp: Slot [43] registered
Mar 21 12:55:36 kernel: [    0.730174] acpiphp: Slot [44] registered
Mar 21 12:55:36 kernel: [    0.730200] acpiphp: Slot [45] registered
Mar 21 12:55:36 kernel: [    0.730226] acpiphp: Slot [46] registered
Mar 21 12:55:36 kernel: [    0.730253] acpiphp: Slot [47] registered
Mar 21 12:55:36 kernel: [    0.730279] acpiphp: Slot [48] registered
Mar 21 12:55:36 kernel: [    0.730305] acpiphp: Slot [49] registered
Mar 21 12:55:36 kernel: [    0.730357] acpiphp: Slot [50] registered
Mar 21 12:55:36 kernel: [    0.730384] acpiphp: Slot [51] registered
Mar 21 12:55:36 kernel: [    0.730410] acpiphp: Slot [52] registered
Mar 21 12:55:36 kernel: [    0.730437] acpiphp: Slot [53] registered
Mar 21 12:55:36 kernel: [    0.730470] acpiphp: Slot [54] registered
Mar 21 12:55:36 kernel: [    0.730497] acpiphp: Slot [55] registered
Mar 21 12:55:36 kernel: [    0.730523] acpiphp: Slot [56] registered
Mar 21 12:55:36 kernel: [    0.730550] acpiphp: Slot [57] registered
Mar 21 12:55:36 kernel: [    0.730576] acpiphp: Slot [58] registered
Mar 21 12:55:36 kernel: [    0.730603] acpiphp: Slot [59] registered
Mar 21 12:55:36 kernel: [    0.730629] acpiphp: Slot [60] registered
Mar 21 12:55:36 kernel: [    0.730655] acpiphp: Slot [61] registered
Mar 21 12:55:36 kernel: [    0.730721] acpiphp: Slot [62] registered
Mar 21 12:55:36 kernel: [    0.730764] acpiphp: Slot [63] registered
Mar 21 12:55:36 kernel: [    0.730817] pci 0000:02:00.0: [15ad:0774] type 00 class 0x0c0300
Mar 21 12:55:36 kernel: [    0.731753] pci 0000:02:00.0: reg 0x20: [io  0x2080-0x209f]
Mar 21 12:55:36 kernel: [    0.732540] pci 0000:02:01.0: [8086:100f] type 00 class 0x020000
Mar 21 12:55:36 kernel: [    0.733123] pci 0000:02:01.0: reg 0x10: [mem 0xfd5c0000-0xfd5dffff 64bit]
Mar 21 12:55:36 kernel: [    0.733648] pci 0000:02:01.0: reg 0x18: [mem 0xfdff0000-0xfdffffff 64bit]
Mar 21 12:55:36 kernel: [    0.734133] pci 0000:02:01.0: reg 0x20: [io  0x2000-0x203f]
Mar 21 12:55:36 kernel: [    0.735152] pci 0000:02:01.0: reg 0x30: [mem 0x00000000-0x0000ffff pref]
Mar 21 12:55:36 kernel: [    0.735384] pci 0000:02:01.0: PME# supported from D0 D3hot D3cold
Mar 21 12:55:36 kernel: [    0.735625] pci 0000:02:02.0: [1274:1371] type 00 class 0x040100
Mar 21 12:55:36 kernel: [    0.735866] pci 0000:02:02.0: reg 0x10: [io  0x2040-0x207f]
Mar 21 12:55:36 kernel: [    0.737393] pci 0000:02:03.0: [15ad:0770] type 00 class 0x0c0320
Mar 21 12:55:36 kernel: [    0.737681] pci 0000:02:03.0: reg 0x10: [mem 0xfd5ef000-0xfd5effff]
Mar 21 12:55:36 kernel: [    0.739559] pci 0000:00:11.0: PCI bridge to [bus 02] (subtractive decode)
Mar 21 12:55:36 kernel: [    0.739574] pci 0000:00:11.0:   bridge window [io  0x2000-0x3fff]
Mar 21 12:55:36 kernel: [    0.739589] pci 0000:00:11.0:   bridge window [mem 0xfd500000-0xfdffffff]
Mar 21 12:55:36 kernel: [    0.739618] pci 0000:00:11.0:   bridge window [mem 0xe7b00000-0xe7ffffff 64bit pref]
Mar 21 12:55:36 kernel: [    0.739619] pci 0000:00:11.0:   bridge window [mem 0x000a0000-0x000bffff window] (subtractive decode)
Mar 21 12:55:36 kernel: [    0.739620] pci 0000:00:11.0:   bridge window [mem 0x000cc000-0x000cffff window] (subtractive decode)
Mar 21 12:55:36 kernel: [    0.739621] pci 0000:00:11.0:   bridge window [mem 0x000d0000-0x000d3fff window] (subtractive decode)
Mar 21 12:55:36 kernel: [    0.739621] pci 0000:00:11.0:   bridge window [mem 0x000d4000-0x000d7fff window] (subtractive decode)
Mar 21 12:55:36 kernel: [    0.739622] pci 0000:00:11.0:   bridge window [mem 0x000d8000-0x000dbfff window] (subtractive decode)
Mar 21 12:55:36 kernel: [    0.739622] pci 0000:00:11.0:   bridge window [mem 0xc0000000-0xfebfffff window] (subtractive decode)
Mar 21 12:55:36 kernel: [    0.739623] pci 0000:00:11.0:   bridge window [io  0x0000-0x0cf7 window] (subtractive decode)
Mar 21 12:55:36 kernel: [    0.739624] pci 0000:00:11.0:   bridge window [io  0x0d00-0xfeff window] (subtractive decode)
Mar 21 12:55:36 kernel: [    0.739848] pci 0000:00:15.0: PCI bridge to [bus 03]
Mar 21 12:55:36 kernel: [    0.739863] pci 0000:00:15.0:   bridge window [io  0x4000-0x4fff]
Mar 21 12:55:36 kernel: [    0.739878] pci 0000:00:15.0:   bridge window [mem 0xfd400000-0xfd4fffff]
Mar 21 12:55:36 kernel: [    0.739907] pci 0000:00:15.0:   bridge window [mem 0xe7a00000-0xe7afffff 64bit pref]
Mar 21 12:55:36 kernel: [    0.740156] pci 0000:00:15.1: PCI bridge to [bus 04]
Mar 21 12:55:36 kernel: [    0.740171] pci 0000:00:15.1:   bridge window [io  0x8000-0x8fff]
Mar 21 12:55:36 kernel: [    0.740186] pci 0000:00:15.1:   bridge window [mem 0xfd000000-0xfd0fffff]
Mar 21 12:55:36 kernel: [    0.740214] pci 0000:00:15.1:   bridge window [mem 0xe7600000-0xe76fffff 64bit pref]
Mar 21 12:55:36 kernel: [    0.740431] pci 0000:00:15.2: PCI bridge to [bus 05]
Mar 21 12:55:36 kernel: [    0.740446] pci 0000:00:15.2:   bridge window [io  0xc000-0xcfff]
Mar 21 12:55:36 kernel: [    0.740475] pci 0000:00:15.2:   bridge window [mem 0xfcc00000-0xfccfffff]
Mar 21 12:55:36 kernel: [    0.740506] pci 0000:00:15.2:   bridge window [mem 0xe7200000-0xe72fffff 64bit pref]
Mar 21 12:55:36 kernel: [    0.740748] pci 0000:00:15.3: PCI bridge to [bus 06]
Mar 21 12:55:36 kernel: [    0.740785] pci 0000:00:15.3:   bridge window [mem 0xfc800000-0xfc8fffff]
Mar 21 12:55:36 kernel: [    0.740819] pci 0000:00:15.3:   bridge window [mem 0xe6e00000-0xe6efffff 64bit pref]
Mar 21 12:55:36 kernel: [    0.741109] pci 0000:00:15.4: PCI bridge to [bus 07]
Mar 21 12:55:36 kernel: [    0.741142] pci 0000:00:15.4:   bridge window [mem 0xfc400000-0xfc4fffff]
Mar 21 12:55:36 kernel: [    0.741174] pci 0000:00:15.4:   bridge window [mem 0xe6a00000-0xe6afffff 64bit pref]
Mar 21 12:55:36 kernel: [    0.741417] pci 0000:00:15.5: PCI bridge to [bus 08]
Mar 21 12:55:36 kernel: [    0.741449] pci 0000:00:15.5:   bridge window [mem 0xfc000000-0xfc0fffff]
Mar 21 12:55:36 kernel: [    0.741490] pci 0000:00:15.5:   bridge window [mem 0xe6600000-0xe66fffff 64bit pref]
Mar 21 12:55:36 kernel: [    0.741731] pci 0000:00:15.6: PCI bridge to [bus 09]
Mar 21 12:55:36 kernel: [    0.741760] pci 0000:00:15.6:   bridge window [mem 0xfbc00000-0xfbcfffff]
Mar 21 12:55:36 kernel: [    0.741789] pci 0000:00:15.6:   bridge window [mem 0xe6200000-0xe62fffff 64bit pref]
Mar 21 12:55:36 kernel: [    0.742034] pci 0000:00:15.7: PCI bridge to [bus 0a]
Mar 21 12:55:36 kernel: [    0.742062] pci 0000:00:15.7:   bridge window [mem 0xfb800000-0xfb8fffff]
Mar 21 12:55:36 kernel: [    0.742091] pci 0000:00:15.7:   bridge window [mem 0xe5e00000-0xe5efffff 64bit pref]
Mar 21 12:55:36 kernel: [    0.742307] pci 0000:00:16.0: PCI bridge to [bus 0b]
Mar 21 12:55:36 kernel: [    0.742321] pci 0000:00:16.0:   bridge window [io  0x5000-0x5fff]
Mar 21 12:55:36 kernel: [    0.742336] pci 0000:00:16.0:   bridge window [mem 0xfd300000-0xfd3fffff]
Mar 21 12:55:36 kernel: [    0.742365] pci 0000:00:16.0:   bridge window [mem 0xe7900000-0xe79fffff 64bit pref]
Mar 21 12:55:36 kernel: [    0.742626] pci 0000:00:16.1: PCI bridge to [bus 0c]
Mar 21 12:55:36 kernel: [    0.742641] pci 0000:00:16.1:   bridge window [io  0x9000-0x9fff]
Mar 21 12:55:36 kernel: [    0.742656] pci 0000:00:16.1:   bridge window [mem 0xfcf00000-0xfcffffff]
Mar 21 12:55:36 kernel: [    0.742686] pci 0000:00:16.1:   bridge window [mem 0xe7500000-0xe75fffff 64bit pref]
Mar 21 12:55:36 kernel: [    0.742902] pci 0000:00:16.2: PCI bridge to [bus 0d]
Mar 21 12:55:36 kernel: [    0.742916] pci 0000:00:16.2:   bridge window [io  0xd000-0xdfff]
Mar 21 12:55:36 kernel: [    0.742931] pci 0000:00:16.2:   bridge window [mem 0xfcb00000-0xfcbfffff]
Mar 21 12:55:36 kernel: [    0.742960] pci 0000:00:16.2:   bridge window [mem 0xe7100000-0xe71fffff 64bit pref]
Mar 21 12:55:36 kernel: [    0.743173] pci 0000:00:16.3: PCI bridge to [bus 0e]
Mar 21 12:55:36 kernel: [    0.743202] pci 0000:00:16.3:   bridge window [mem 0xfc700000-0xfc7fffff]
Mar 21 12:55:36 kernel: [    0.743231] pci 0000:00:16.3:   bridge window [mem 0xe6d00000-0xe6dfffff 64bit pref]
Mar 21 12:55:36 kernel: [    0.743480] pci 0000:00:16.4: PCI bridge to [bus 0f]
Mar 21 12:55:36 kernel: [    0.743509] pci 0000:00:16.4:   bridge window [mem 0xfc300000-0xfc3fffff]
Mar 21 12:55:36 kernel: [    0.743537] pci 0000:00:16.4:   bridge window [mem 0xe6900000-0xe69fffff 64bit pref]
Mar 21 12:55:36 kernel: [    0.743753] pci 0000:00:16.5: PCI bridge to [bus 10]
Mar 21 12:55:36 kernel: [    0.743783] pci 0000:00:16.5:   bridge window [mem 0xfbf00000-0xfbffffff]
Mar 21 12:55:36 kernel: [    0.743810] pci 0000:00:16.5:   bridge window [mem 0xe6500000-0xe65fffff 64bit pref]
Mar 21 12:55:36 kernel: [    0.744057] pci 0000:00:16.6: PCI bridge to [bus 11]
Mar 21 12:55:36 kernel: [    0.744089] pci 0000:00:16.6:   bridge window [mem 0xfbb00000-0xfbbfffff]
Mar 21 12:55:36 kernel: [    0.744117] pci 0000:00:16.6:   bridge window [mem 0xe6100000-0xe61fffff 64bit pref]
Mar 21 12:55:36 kernel: [    0.744437] pci 0000:00:16.7: PCI bridge to [bus 12]
Mar 21 12:55:36 kernel: [    0.744471] pci 0000:00:16.7:   bridge window [mem 0xfb700000-0xfb7fffff]
Mar 21 12:55:36 kernel: [    0.744500] pci 0000:00:16.7:   bridge window [mem 0xe5d00000-0xe5dfffff 64bit pref]
Mar 21 12:55:36 kernel: [    0.744706] pci 0000:00:17.0: PCI bridge to [bus 13]
Mar 21 12:55:36 kernel: [    0.744723] pci 0000:00:17.0:   bridge window [io  0x6000-0x6fff]
Mar 21 12:55:36 kernel: [    0.744740] pci 0000:00:17.0:   bridge window [mem 0xfd200000-0xfd2fffff]
Mar 21 12:55:36 kernel: [    0.744771] pci 0000:00:17.0:   bridge window [mem 0xe7800000-0xe78fffff 64bit pref]
Mar 21 12:55:36 kernel: [    0.745012] pci 0000:00:17.1: PCI bridge to [bus 14]
Mar 21 12:55:36 kernel: [    0.745027] pci 0000:00:17.1:   bridge window [io  0xa000-0xafff]
Mar 21 12:55:36 kernel: [    0.745042] pci 0000:00:17.1:   bridge window [mem 0xfce00000-0xfcefffff]
Mar 21 12:55:36 kernel: [    0.745070] pci 0000:00:17.1:   bridge window [mem 0xe7400000-0xe74fffff 64bit pref]
Mar 21 12:55:36 kernel: [    0.745284] pci 0000:00:17.2: PCI bridge to [bus 15]
Mar 21 12:55:36 kernel: [    0.745298] pci 0000:00:17.2:   bridge window [io  0xe000-0xefff]
Mar 21 12:55:36 kernel: [    0.745313] pci 0000:00:17.2:   bridge window [mem 0xfca00000-0xfcafffff]
Mar 21 12:55:36 kernel: [    0.745342] pci 0000:00:17.2:   bridge window [mem 0xe7000000-0xe70fffff 64bit pref]
Mar 21 12:55:36 kernel: [    0.745555] pci 0000:00:17.3: PCI bridge to [bus 16]
Mar 21 12:55:36 kernel: [    0.745583] pci 0000:00:17.3:   bridge window [mem 0xfc600000-0xfc6fffff]
Mar 21 12:55:36 kernel: [    0.745612] pci 0000:00:17.3:   bridge window [mem 0xe6c00000-0xe6cfffff 64bit pref]
Mar 21 12:55:36 kernel: [    0.745853] pci 0000:00:17.4: PCI bridge to [bus 17]
Mar 21 12:55:36 kernel: [    0.745882] pci 0000:00:17.4:   bridge window [mem 0xfc200000-0xfc2fffff]
Mar 21 12:55:36 kernel: [    0.745910] pci 0000:00:17.4:   bridge window [mem 0xe6800000-0xe68fffff 64bit pref]
Mar 21 12:55:36 kernel: [    0.746125] pci 0000:00:17.5: PCI bridge to [bus 18]
Mar 21 12:55:36 kernel: [    0.746153] pci 0000:00:17.5:   bridge window [mem 0xfbe00000-0xfbefffff]
Mar 21 12:55:36 kernel: [    0.746182] pci 0000:00:17.5:   bridge window [mem 0xe6400000-0xe64fffff 64bit pref]
Mar 21 12:55:36 kernel: [    0.746434] pci 0000:00:17.6: PCI bridge to [bus 19]
Mar 21 12:55:36 kernel: [    0.746464] pci 0000:00:17.6:   bridge window [mem 0xfba00000-0xfbafffff]
Mar 21 12:55:36 kernel: [    0.746493] pci 0000:00:17.6:   bridge window [mem 0xe6000000-0xe60fffff 64bit pref]
Mar 21 12:55:36 kernel: [    0.746709] pci 0000:00:17.7: PCI bridge to [bus 1a]
Mar 21 12:55:36 kernel: [    0.746737] pci 0000:00:17.7:   bridge window [mem 0xfb600000-0xfb6fffff]
Mar 21 12:55:36 kernel: [    0.746764] pci 0000:00:17.7:   bridge window [mem 0xe5c00000-0xe5cfffff 64bit pref]
Mar 21 12:55:36 kernel: [    0.746970] pci 0000:00:18.0: PCI bridge to [bus 1b]
Mar 21 12:55:36 kernel: [    0.746984] pci 0000:00:18.0:   bridge window [io  0x7000-0x7fff]
Mar 21 12:55:36 kernel: [    0.746998] pci 0000:00:18.0:   bridge window [mem 0xfd100000-0xfd1fffff]
Mar 21 12:55:36 kernel: [    0.747025] pci 0000:00:18.0:   bridge window [mem 0xe7700000-0xe77fffff 64bit pref]
Mar 21 12:55:36 kernel: [    0.747257] pci 0000:00:18.1: PCI bridge to [bus 1c]
Mar 21 12:55:36 kernel: [    0.747272] pci 0000:00:18.1:   bridge window [io  0xb000-0xbfff]
Mar 21 12:55:36 kernel: [    0.747286] pci 0000:00:18.1:   bridge window [mem 0xfcd00000-0xfcdfffff]
Mar 21 12:55:36 kernel: [    0.747313] pci 0000:00:18.1:   bridge window [mem 0xe7300000-0xe73fffff 64bit pref]
Mar 21 12:55:36 kernel: [    0.747526] pci 0000:00:18.2: PCI bridge to [bus 1d]
Mar 21 12:55:36 kernel: [    0.747553] pci 0000:00:18.2:   bridge window [mem 0xfc900000-0xfc9fffff]
Mar 21 12:55:36 kernel: [    0.747581] pci 0000:00:18.2:   bridge window [mem 0xe6f00000-0xe6ffffff 64bit pref]
Mar 21 12:55:36 kernel: [    0.747846] pci 0000:00:18.3: PCI bridge to [bus 1e]
Mar 21 12:55:36 kernel: [    0.747875] pci 0000:00:18.3:   bridge window [mem 0xfc500000-0xfc5fffff]
Mar 21 12:55:36 kernel: [    0.747904] pci 0000:00:18.3:   bridge window [mem 0xe6b00000-0xe6bfffff 64bit pref]
Mar 21 12:55:36 kernel: [    0.748156] pci 0000:00:18.4: PCI bridge to [bus 1f]
Mar 21 12:55:36 kernel: [    0.748185] pci 0000:00:18.4:   bridge window [mem 0xfc100000-0xfc1fffff]
Mar 21 12:55:36 kernel: [    0.748214] pci 0000:00:18.4:   bridge window [mem 0xe6700000-0xe67fffff 64bit pref]
Mar 21 12:55:36 kernel: [    0.748429] pci 0000:00:18.5: PCI bridge to [bus 20]
Mar 21 12:55:36 kernel: [    0.748458] pci 0000:00:18.5:   bridge window [mem 0xfbd00000-0xfbdfffff]
Mar 21 12:55:36 kernel: [    0.748489] pci 0000:00:18.5:   bridge window [mem 0xe6300000-0xe63fffff 64bit pref]
Mar 21 12:55:36 kernel: [    0.748744] pci 0000:00:18.6: PCI bridge to [bus 21]
Mar 21 12:55:36 kernel: [    0.748776] pci 0000:00:18.6:   bridge window [mem 0xfb900000-0xfb9fffff]
Mar 21 12:55:36 kernel: [    0.748806] pci 0000:00:18.6:   bridge window [mem 0xe5f00000-0xe5ffffff 64bit pref]
Mar 21 12:55:36 kernel: [    0.749127] pci 0000:00:18.7: PCI bridge to [bus 22]
Mar 21 12:55:36 kernel: [    0.749155] pci 0000:00:18.7:   bridge window [mem 0xfb500000-0xfb5fffff]
Mar 21 12:55:36 kernel: [    0.749184] pci 0000:00:18.7:   bridge window [mem 0xe5b00000-0xe5bfffff 64bit pref]
Mar 21 12:55:36 kernel: [    0.750979] ACPI: PCI Interrupt Link [LNKA] (IRQs 3 4 5 6 7 *9 10 11 14 15)
Mar 21 12:55:36 kernel: [    0.751032] ACPI: PCI Interrupt Link [LNKB] (IRQs 3 4 5 6 7 9 10 *11 14 15)
Mar 21 12:55:36 kernel: [    0.751083] ACPI: PCI Interrupt Link [LNKC] (IRQs 3 4 5 6 7 9 *10 11 14 15)
Mar 21 12:55:36 kernel: [    0.751133] ACPI: PCI Interrupt Link [LNKD] (IRQs 3 4 5 6 *7 9 10 11 14 15)
Mar 21 12:55:36 kernel: [    0.758302] pci 0000:00:0f.0: vgaarb: setting as boot VGA device
Mar 21 12:55:36 kernel: [    0.758302] pci 0000:00:0f.0: vgaarb: VGA device added: decodes=io+mem,owns=io+mem,locks=none
Mar 21 12:55:36 kernel: [    0.758302] pci 0000:00:0f.0: vgaarb: bridge control possible
Mar 21 12:55:36 kernel: [    0.758302] vgaarb: loaded
Mar 21 12:55:36 kernel: [    0.758302] pps_core: LinuxPPS API ver. 1 registered
Mar 21 12:55:36 kernel: [    0.758302] pps_core: Software ver. 5.3.6 - Copyright 2005-2007 Rodolfo Giometti <giometti@linux.it>
Mar 21 12:55:36 kernel: [    0.758302] PTP clock support registered
Mar 21 12:55:36 kernel: [    0.758302] EDAC MC: Ver: 3.0.0
Mar 21 12:55:36 kernel: [    0.760362] PCI: Using ACPI for IRQ routing
Mar 21 12:55:36 kernel: [    0.762078] PCI: pci_cache_line_size set to 64 bytes
Mar 21 12:55:36 kernel: [    0.762733] e820: reserve RAM buffer [mem 0x0009ec00-0x0009ffff]
Mar 21 12:55:36 kernel: [    0.762735] e820: reserve RAM buffer [mem 0xbfee0000-0xbfffffff]
Mar 21 12:55:36 kernel: [    0.763149] hpet0: at MMIO 0xfed00000, IRQs 2, 8, 0, 0, 0, 0, 0, 0, 0, 0, 0, 0, 0, 0, 0, 0
Mar 21 12:55:36 kernel: [    0.763149] hpet0: 16 comparators, 64-bit 14.318180 MHz counter
Mar 21 12:55:36 kernel: [    0.764090] clocksource: Switched to clocksource tsc-early
Mar 21 12:55:36 kernel: [    0.790619] VFS: Disk quotas dquot_6.6.0
Mar 21 12:55:36 kernel: [    0.790659] VFS: Dquot-cache hash table entries: 512 (order 0, 4096 bytes)
Mar 21 12:55:36 kernel: [    0.791116] AppArmor: AppArmor Filesystem Enabled
Mar 21 12:55:36 kernel: [    0.791162] pnp: PnP ACPI init
Mar 21 12:55:36 kernel: [    0.791319] system 00:00: [io  0x1000-0x103f] has been reserved
Mar 21 12:55:36 kernel: [    0.791320] system 00:00: [io  0x1040-0x104f] has been reserved
Mar 21 12:55:36 kernel: [    0.791321] system 00:00: [io  0x0cf0-0x0cf1] has been reserved
Mar 21 12:55:36 kernel: [    0.791325] system 00:00: Plug and Play ACPI device, IDs PNP0c02 (active)
Mar 21 12:55:36 kernel: [    0.791339] pnp 00:01: Plug and Play ACPI device, IDs PNP0b00 (active)
Mar 21 12:55:36 kernel: [    0.791348] pnp 00:02: Plug and Play ACPI device, IDs PNP0303 (active)
Mar 21 12:55:36 kernel: [    0.791384] pnp 00:03: Plug and Play ACPI device, IDs VMW0003 PNP0f13 (active)
Mar 21 12:55:36 kernel: [    0.791517] system 00:04: [mem 0xfed00000-0xfed003ff] has been reserved
Mar 21 12:55:36 kernel: [    0.791519] system 00:04: Plug and Play ACPI device, IDs PNP0103 PNP0c01 (active)
Mar 21 12:55:36 kernel: [    0.792426] pnp 00:05: Plug and Play ACPI device, IDs PNP0501 (active)
Mar 21 12:55:36 kernel: [    0.792709] system 00:06: [io  0xfce0-0xfcff] has been reserved
Mar 21 12:55:36 kernel: [    0.792711] system 00:06: [mem 0xf0000000-0xf7ffffff] has been reserved
Mar 21 12:55:36 kernel: [    0.792711] system 00:06: [mem 0xfe800000-0xfe9fffff] has been reserved
Mar 21 12:55:36 kernel: [    0.792713] system 00:06: Plug and Play ACPI device, IDs PNP0c02 (active)
Mar 21 12:55:36 kernel: [    0.795533] pnp: PnP ACPI: found 7 devices
Mar 21 12:55:36 kernel: [    0.804591] clocksource: acpi_pm: mask: 0xffffff max_cycles: 0xffffff, max_idle_ns: 2085701024 ns
Mar 21 12:55:36 kernel: [    0.804841] pci 0000:00:15.3: bridge window [io  0x1000-0x0fff] to [bus 06] add_size 1000
Mar 21 12:55:36 kernel: [    0.804885] pci 0000:00:15.4: bridge window [io  0x1000-0x0fff] to [bus 07] add_size 1000
Mar 21 12:55:36 kernel: [    0.804929] pci 0000:00:15.5: bridge window [io  0x1000-0x0fff] to [bus 08] add_size 1000
Mar 21 12:55:36 kernel: [    0.804973] pci 0000:00:15.6: bridge window [io  0x1000-0x0fff] to [bus 09] add_size 1000
Mar 21 12:55:36 kernel: [    0.805017] pci 0000:00:15.7: bridge window [io  0x1000-0x0fff] to [bus 0a] add_size 1000
Mar 21 12:55:36 kernel: [    0.805190] pci 0000:00:16.3: bridge window [io  0x1000-0x0fff] to [bus 0e] add_size 1000
Mar 21 12:55:36 kernel: [    0.805234] pci 0000:00:16.4: bridge window [io  0x1000-0x0fff] to [bus 0f] add_size 1000
Mar 21 12:55:36 kernel: [    0.805278] pci 0000:00:16.5: bridge window [io  0x1000-0x0fff] to [bus 10] add_size 1000
Mar 21 12:55:36 kernel: [    0.805322] pci 0000:00:16.6: bridge window [io  0x1000-0x0fff] to [bus 11] add_size 1000
Mar 21 12:55:36 kernel: [    0.805366] pci 0000:00:16.7: bridge window [io  0x1000-0x0fff] to [bus 12] add_size 1000
Mar 21 12:55:36 kernel: [    0.805538] pci 0000:00:17.3: bridge window [io  0x1000-0x0fff] to [bus 16] add_size 1000
Mar 21 12:55:36 kernel: [    0.805582] pci 0000:00:17.4: bridge window [io  0x1000-0x0fff] to [bus 17] add_size 1000
Mar 21 12:55:36 kernel: [    0.805626] pci 0000:00:17.5: bridge window [io  0x1000-0x0fff] to [bus 18] add_size 1000
Mar 21 12:55:36 kernel: [    0.805670] pci 0000:00:17.6: bridge window [io  0x1000-0x0fff] to [bus 19] add_size 1000
Mar 21 12:55:36 kernel: [    0.805713] pci 0000:00:17.7: bridge window [io  0x1000-0x0fff] to [bus 1a] add_size 1000
Mar 21 12:55:36 kernel: [    0.805843] pci 0000:00:18.2: bridge window [io  0x1000-0x0fff] to [bus 1d] add_size 1000
Mar 21 12:55:36 kernel: [    0.805912] pci 0000:00:18.3: bridge window [io  0x1000-0x0fff] to [bus 1e] add_size 1000
Mar 21 12:55:36 kernel: [    0.805957] pci 0000:00:18.4: bridge window [io  0x1000-0x0fff] to [bus 1f] add_size 1000
Mar 21 12:55:36 kernel: [    0.806001] pci 0000:00:18.5: bridge window [io  0x1000-0x0fff] to [bus 20] add_size 1000
Mar 21 12:55:36 kernel: [    0.806044] pci 0000:00:18.6: bridge window [io  0x1000-0x0fff] to [bus 21] add_size 1000
Mar 21 12:55:36 kernel: [    0.806088] pci 0000:00:18.7: bridge window [io  0x1000-0x0fff] to [bus 22] add_size 1000
Mar 21 12:55:36 kernel: [    0.806112] pci 0000:00:0f.0: BAR 6: assigned [mem 0xc0000000-0xc0007fff pref]
Mar 21 12:55:36 kernel: [    0.806113] pci 0000:00:10.0: BAR 6: assigned [mem 0xc0008000-0xc000bfff pref]
Mar 21 12:55:36 kernel: [    0.806116] pci 0000:00:15.3: BAR 13: no space for [io  size 0x1000]
Mar 21 12:55:36 kernel: [    0.806116] pci 0000:00:15.3: BAR 13: failed to assign [io  size 0x1000]
Mar 21 12:55:36 kernel: [    0.806117] pci 0000:00:15.4: BAR 13: no space for [io  size 0x1000]
Mar 21 12:55:36 kernel: [    0.806118] pci 0000:00:15.4: BAR 13: failed to assign [io  size 0x1000]
Mar 21 12:55:36 kernel: [    0.806119] pci 0000:00:15.5: BAR 13: no space for [io  size 0x1000]
Mar 21 12:55:36 kernel: [    0.806119] pci 0000:00:15.5: BAR 13: failed to assign [io  size 0x1000]
Mar 21 12:55:36 kernel: [    0.806120] pci 0000:00:15.6: BAR 13: no space for [io  size 0x1000]
Mar 21 12:55:36 kernel: [    0.806121] pci 0000:00:15.6: BAR 13: failed to assign [io  size 0x1000]
Mar 21 12:55:36 kernel: [    0.806121] pci 0000:00:15.7: BAR 13: no space for [io  size 0x1000]
Mar 21 12:55:36 kernel: [    0.806122] pci 0000:00:15.7: BAR 13: failed to assign [io  size 0x1000]
Mar 21 12:55:36 kernel: [    0.806123] pci 0000:00:16.3: BAR 13: no space for [io  size 0x1000]
Mar 21 12:55:36 kernel: [    0.806123] pci 0000:00:16.3: BAR 13: failed to assign [io  size 0x1000]
Mar 21 12:55:36 kernel: [    0.806124] pci 0000:00:16.4: BAR 13: no space for [io  size 0x1000]
Mar 21 12:55:36 kernel: [    0.806125] pci 0000:00:16.4: BAR 13: failed to assign [io  size 0x1000]
Mar 21 12:55:36 kernel: [    0.806125] pci 0000:00:16.5: BAR 13: no space for [io  size 0x1000]
Mar 21 12:55:36 kernel: [    0.806126] pci 0000:00:16.5: BAR 13: failed to assign [io  size 0x1000]
Mar 21 12:55:36 kernel: [    0.806127] pci 0000:00:16.6: BAR 13: no space for [io  size 0x1000]
Mar 21 12:55:36 kernel: [    0.806127] pci 0000:00:16.6: BAR 13: failed to assign [io  size 0x1000]
Mar 21 12:55:36 kernel: [    0.806128] pci 0000:00:16.7: BAR 13: no space for [io  size 0x1000]
Mar 21 12:55:36 kernel: [    0.806129] pci 0000:00:16.7: BAR 13: failed to assign [io  size 0x1000]
Mar 21 12:55:36 kernel: [    0.806129] pci 0000:00:17.3: BAR 13: no space for [io  size 0x1000]
Mar 21 12:55:36 kernel: [    0.806130] pci 0000:00:17.3: BAR 13: failed to assign [io  size 0x1000]
Mar 21 12:55:36 kernel: [    0.806131] pci 0000:00:17.4: BAR 13: no space for [io  size 0x1000]
Mar 21 12:55:36 kernel: [    0.806131] pci 0000:00:17.4: BAR 13: failed to assign [io  size 0x1000]
Mar 21 12:55:36 kernel: [    0.806132] pci 0000:00:17.5: BAR 13: no space for [io  size 0x1000]
Mar 21 12:55:36 kernel: [    0.806133] pci 0000:00:17.5: BAR 13: failed to assign [io  size 0x1000]
Mar 21 12:55:36 kernel: [    0.806133] pci 0000:00:17.6: BAR 13: no space for [io  size 0x1000]
Mar 21 12:55:36 kernel: [    0.806134] pci 0000:00:17.6: BAR 13: failed to assign [io  size 0x1000]
Mar 21 12:55:36 kernel: [    0.806135] pci 0000:00:17.7: BAR 13: no space for [io  size 0x1000]
Mar 21 12:55:36 kernel: [    0.806135] pci 0000:00:17.7: BAR 13: failed to assign [io  size 0x1000]
Mar 21 12:55:36 kernel: [    0.806136] pci 0000:00:18.2: BAR 13: no space for [io  size 0x1000]
Mar 21 12:55:36 kernel: [    0.806137] pci 0000:00:18.2: BAR 13: failed to assign [io  size 0x1000]
Mar 21 12:55:36 kernel: [    0.806137] pci 0000:00:18.3: BAR 13: no space for [io  size 0x1000]
Mar 21 12:55:36 kernel: [    0.806138] pci 0000:00:18.3: BAR 13: failed to assign [io  size 0x1000]
Mar 21 12:55:36 kernel: [    0.806139] pci 0000:00:18.4: BAR 13: no space for [io  size 0x1000]
Mar 21 12:55:36 kernel: [    0.806139] pci 0000:00:18.4: BAR 13: failed to assign [io  size 0x1000]
Mar 21 12:55:36 kernel: [    0.806141] pci 0000:00:18.5: BAR 13: no space for [io  size 0x1000]
Mar 21 12:55:36 kernel: [    0.806160] pci 0000:00:18.5: BAR 13: failed to assign [io  size 0x1000]
Mar 21 12:55:36 kernel: [    0.806167] pci 0000:00:18.6: BAR 13: no space for [io  size 0x1000]
Mar 21 12:55:36 kernel: [    0.806168] pci 0000:00:18.6: BAR 13: failed to assign [io  size 0x1000]
Mar 21 12:55:36 kernel: [    0.806170] pci 0000:00:18.7: BAR 13: no space for [io  size 0x1000]
Mar 21 12:55:36 kernel: [    0.806170] pci 0000:00:18.7: BAR 13: failed to assign [io  size 0x1000]
Mar 21 12:55:36 kernel: [    0.806176] pci 0000:00:18.7: BAR 13: no space for [io  size 0x1000]
Mar 21 12:55:36 kernel: [    0.806177] pci 0000:00:18.7: BAR 13: failed to assign [io  size 0x1000]
Mar 21 12:55:36 kernel: [    0.806178] pci 0000:00:18.6: BAR 13: no space for [io  size 0x1000]
Mar 21 12:55:36 kernel: [    0.806178] pci 0000:00:18.6: BAR 13: failed to assign [io  size 0x1000]
Mar 21 12:55:36 kernel: [    0.806180] pci 0000:00:18.5: BAR 13: no space for [io  size 0x1000]
Mar 21 12:55:36 kernel: [    0.806180] pci 0000:00:18.5: BAR 13: failed to assign [io  size 0x1000]
Mar 21 12:55:36 kernel: [    0.806181] pci 0000:00:18.4: BAR 13: no space for [io  size 0x1000]
Mar 21 12:55:36 kernel: [    0.806182] pci 0000:00:18.4: BAR 13: failed to assign [io  size 0x1000]
Mar 21 12:55:36 kernel: [    0.806183] pci 0000:00:18.3: BAR 13: no space for [io  size 0x1000]
Mar 21 12:55:36 kernel: [    0.806183] pci 0000:00:18.3: BAR 13: failed to assign [io  size 0x1000]
Mar 21 12:55:36 kernel: [    0.806184] pci 0000:00:18.2: BAR 13: no space for [io  size 0x1000]
Mar 21 12:55:36 kernel: [    0.806185] pci 0000:00:18.2: BAR 13: failed to assign [io  size 0x1000]
Mar 21 12:55:36 kernel: [    0.806186] pci 0000:00:17.7: BAR 13: no space for [io  size 0x1000]
Mar 21 12:55:36 kernel: [    0.806187] pci 0000:00:17.7: BAR 13: failed to assign [io  size 0x1000]
Mar 21 12:55:36 kernel: [    0.806188] pci 0000:00:17.6: BAR 13: no space for [io  size 0x1000]
Mar 21 12:55:36 kernel: [    0.806188] pci 0000:00:17.6: BAR 13: failed to assign [io  size 0x1000]
Mar 21 12:55:36 kernel: [    0.806189] pci 0000:00:17.5: BAR 13: no space for [io  size 0x1000]
Mar 21 12:55:36 kernel: [    0.806190] pci 0000:00:17.5: BAR 13: failed to assign [io  size 0x1000]
Mar 21 12:55:36 kernel: [    0.806191] pci 0000:00:17.4: BAR 13: no space for [io  size 0x1000]
Mar 21 12:55:36 kernel: [    0.806191] pci 0000:00:17.4: BAR 13: failed to assign [io  size 0x1000]
Mar 21 12:55:36 kernel: [    0.806193] pci 0000:00:17.3: BAR 13: no space for [io  size 0x1000]
Mar 21 12:55:36 kernel: [    0.806193] pci 0000:00:17.3: BAR 13: failed to assign [io  size 0x1000]
Mar 21 12:55:36 kernel: [    0.806194] pci 0000:00:16.7: BAR 13: no space for [io  size 0x1000]
Mar 21 12:55:36 kernel: [    0.806195] pci 0000:00:16.7: BAR 13: failed to assign [io  size 0x1000]
Mar 21 12:55:36 kernel: [    0.806196] pci 0000:00:16.6: BAR 13: no space for [io  size 0x1000]
Mar 21 12:55:36 kernel: [    0.806196] pci 0000:00:16.6: BAR 13: failed to assign [io  size 0x1000]
Mar 21 12:55:36 kernel: [    0.806197] pci 0000:00:16.5: BAR 13: no space for [io  size 0x1000]
Mar 21 12:55:36 kernel: [    0.806198] pci 0000:00:16.5: BAR 13: failed to assign [io  size 0x1000]
Mar 21 12:55:36 kernel: [    0.806199] pci 0000:00:16.4: BAR 13: no space for [io  size 0x1000]
Mar 21 12:55:36 kernel: [    0.806200] pci 0000:00:16.4: BAR 13: failed to assign [io  size 0x1000]
Mar 21 12:55:36 kernel: [    0.806201] pci 0000:00:16.3: BAR 13: no space for [io  size 0x1000]
Mar 21 12:55:36 kernel: [    0.806201] pci 0000:00:16.3: BAR 13: failed to assign [io  size 0x1000]
Mar 21 12:55:36 kernel: [    0.806202] pci 0000:00:15.7: BAR 13: no space for [io  size 0x1000]
Mar 21 12:55:36 kernel: [    0.806203] pci 0000:00:15.7: BAR 13: failed to assign [io  size 0x1000]
Mar 21 12:55:36 kernel: [    0.806204] pci 0000:00:15.6: BAR 13: no space for [io  size 0x1000]
Mar 21 12:55:36 kernel: [    0.806204] pci 0000:00:15.6: BAR 13: failed to assign [io  size 0x1000]
Mar 21 12:55:36 kernel: [    0.806206] pci 0000:00:15.5: BAR 13: no space for [io  size 0x1000]
Mar 21 12:55:36 kernel: [    0.806206] pci 0000:00:15.5: BAR 13: failed to assign [io  size 0x1000]
Mar 21 12:55:36 kernel: [    0.806207] pci 0000:00:15.4: BAR 13: no space for [io  size 0x1000]
Mar 21 12:55:36 kernel: [    0.806208] pci 0000:00:15.4: BAR 13: failed to assign [io  size 0x1000]
Mar 21 12:55:36 kernel: [    0.806209] pci 0000:00:15.3: BAR 13: no space for [io  size 0x1000]
Mar 21 12:55:36 kernel: [    0.806209] pci 0000:00:15.3: BAR 13: failed to assign [io  size 0x1000]
Mar 21 12:55:36 kernel: [    0.806211] pci 0000:00:01.0: PCI bridge to [bus 01]
Mar 21 12:55:36 kernel: [    0.806302] pci 0000:02:01.0: BAR 6: assigned [mem 0xfd500000-0xfd50ffff pref]
Mar 21 12:55:36 kernel: [    0.806304] pci 0000:00:11.0: PCI bridge to [bus 02]
Mar 21 12:55:36 kernel: [    0.806314] pci 0000:00:11.0:   bridge window [io  0x2000-0x3fff]
Mar 21 12:55:36 kernel: [    0.806344] pci 0000:00:11.0:   bridge window [mem 0xfd500000-0xfdffffff]
Mar 21 12:55:36 kernel: [    0.806361] pci 0000:00:11.0:   bridge window [mem 0xe7b00000-0xe7ffffff 64bit pref]
Mar 21 12:55:36 kernel: [    0.806394] pci 0000:00:15.0: PCI bridge to [bus 03]
Mar 21 12:55:36 kernel: [    0.806403] pci 0000:00:15.0:   bridge window [io  0x4000-0x4fff]
Mar 21 12:55:36 kernel: [    0.806428] pci 0000:00:15.0:   bridge window [mem 0xfd400000-0xfd4fffff]
Mar 21 12:55:36 kernel: [    0.806444] pci 0000:00:15.0:   bridge window [mem 0xe7a00000-0xe7afffff 64bit pref]
Mar 21 12:55:36 kernel: [    0.806501] pci 0000:00:15.1: PCI bridge to [bus 04]
Mar 21 12:55:36 kernel: [    0.806510] pci 0000:00:15.1:   bridge window [io  0x8000-0x8fff]
Mar 21 12:55:36 kernel: [    0.806535] pci 0000:00:15.1:   bridge window [mem 0xfd000000-0xfd0fffff]
Mar 21 12:55:36 kernel: [    0.806552] pci 0000:00:15.1:   bridge window [mem 0xe7600000-0xe76fffff 64bit pref]
Mar 21 12:55:36 kernel: [    0.806592] pci 0000:00:15.2: PCI bridge to [bus 05]
Mar 21 12:55:36 kernel: [    0.806602] pci 0000:00:15.2:   bridge window [io  0xc000-0xcfff]
Mar 21 12:55:36 kernel: [    0.806626] pci 0000:00:15.2:   bridge window [mem 0xfcc00000-0xfccfffff]
Mar 21 12:55:36 kernel: [    0.806643] pci 0000:00:15.2:   bridge window [mem 0xe7200000-0xe72fffff 64bit pref]
Mar 21 12:55:36 kernel: [    0.806683] pci 0000:00:15.3: PCI bridge to [bus 06]
Mar 21 12:55:36 kernel: [    0.806708] pci 0000:00:15.3:   bridge window [mem 0xfc800000-0xfc8fffff]
Mar 21 12:55:36 kernel: [    0.806724] pci 0000:00:15.3:   bridge window [mem 0xe6e00000-0xe6efffff 64bit pref]
Mar 21 12:55:36 kernel: [    0.806770] pci 0000:00:15.4: PCI bridge to [bus 07]
Mar 21 12:55:36 kernel: [    0.806796] pci 0000:00:15.4:   bridge window [mem 0xfc400000-0xfc4fffff]
Mar 21 12:55:36 kernel: [    0.806812] pci 0000:00:15.4:   bridge window [mem 0xe6a00000-0xe6afffff 64bit pref]
Mar 21 12:55:36 kernel: [    0.806852] pci 0000:00:15.5: PCI bridge to [bus 08]
Mar 21 12:55:36 kernel: [    0.806877] pci 0000:00:15.5:   bridge window [mem 0xfc000000-0xfc0fffff]
Mar 21 12:55:36 kernel: [    0.806894] pci 0000:00:15.5:   bridge window [mem 0xe6600000-0xe66fffff 64bit pref]
Mar 21 12:55:36 kernel: [    0.806938] pci 0000:00:15.6: PCI bridge to [bus 09]
Mar 21 12:55:36 kernel: [    0.806963] pci 0000:00:15.6:   bridge window [mem 0xfbc00000-0xfbcfffff]
Mar 21 12:55:36 kernel: [    0.806979] pci 0000:00:15.6:   bridge window [mem 0xe6200000-0xe62fffff 64bit pref]
Mar 21 12:55:36 kernel: [    0.807019] pci 0000:00:15.7: PCI bridge to [bus 0a]
Mar 21 12:55:36 kernel: [    0.807044] pci 0000:00:15.7:   bridge window [mem 0xfb800000-0xfb8fffff]
Mar 21 12:55:36 kernel: [    0.807060] pci 0000:00:15.7:   bridge window [mem 0xe5e00000-0xe5efffff 64bit pref]
Mar 21 12:55:36 kernel: [    0.807100] pci 0000:00:16.0: PCI bridge to [bus 0b]
Mar 21 12:55:36 kernel: [    0.807109] pci 0000:00:16.0:   bridge window [io  0x5000-0x5fff]
Mar 21 12:55:36 kernel: [    0.807134] pci 0000:00:16.0:   bridge window [mem 0xfd300000-0xfd3fffff]
Mar 21 12:55:36 kernel: [    0.807160] pci 0000:00:16.0:   bridge window [mem 0xe7900000-0xe79fffff 64bit pref]
Mar 21 12:55:36 kernel: [    0.807201] pci 0000:00:16.1: PCI bridge to [bus 0c]
Mar 21 12:55:36 kernel: [    0.807211] pci 0000:00:16.1:   bridge window [io  0x9000-0x9fff]
Mar 21 12:55:36 kernel: [    0.807235] pci 0000:00:16.1:   bridge window [mem 0xfcf00000-0xfcffffff]
Mar 21 12:55:36 kernel: [    0.807252] pci 0000:00:16.1:   bridge window [mem 0xe7500000-0xe75fffff 64bit pref]
Mar 21 12:55:36 kernel: [    0.807292] pci 0000:00:16.2: PCI bridge to [bus 0d]
Mar 21 12:55:36 kernel: [    0.807301] pci 0000:00:16.2:   bridge window [io  0xd000-0xdfff]
Mar 21 12:55:36 kernel: [    0.807326] pci 0000:00:16.2:   bridge window [mem 0xfcb00000-0xfcbfffff]
Mar 21 12:55:36 kernel: [    0.807342] pci 0000:00:16.2:   bridge window [mem 0xe7100000-0xe71fffff 64bit pref]
Mar 21 12:55:36 kernel: [    0.807382] pci 0000:00:16.3: PCI bridge to [bus 0e]
Mar 21 12:55:36 kernel: [    0.807407] pci 0000:00:16.3:   bridge window [mem 0xfc700000-0xfc7fffff]
Mar 21 12:55:36 kernel: [    0.807423] pci 0000:00:16.3:   bridge window [mem 0xe6d00000-0xe6dfffff 64bit pref]
Mar 21 12:55:36 kernel: [    0.807463] pci 0000:00:16.4: PCI bridge to [bus 0f]
Mar 21 12:55:36 kernel: [    0.807488] pci 0000:00:16.4:   bridge window [mem 0xfc300000-0xfc3fffff]
Mar 21 12:55:36 kernel: [    0.807505] pci 0000:00:16.4:   bridge window [mem 0xe6900000-0xe69fffff 64bit pref]
Mar 21 12:55:36 kernel: [    0.807540] pci 0000:00:16.5: PCI bridge to [bus 10]
Mar 21 12:55:36 kernel: [    0.807562] pci 0000:00:16.5:   bridge window [mem 0xfbf00000-0xfbffffff]
Mar 21 12:55:36 kernel: [    0.807576] pci 0000:00:16.5:   bridge window [mem 0xe6500000-0xe65fffff 64bit pref]
Mar 21 12:55:36 kernel: [    0.807611] pci 0000:00:16.6: PCI bridge to [bus 11]
Mar 21 12:55:36 kernel: [    0.807633] pci 0000:00:16.6:   bridge window [mem 0xfbb00000-0xfbbfffff]
Mar 21 12:55:36 kernel: [    0.807648] pci 0000:00:16.6:   bridge window [mem 0xe6100000-0xe61fffff 64bit pref]
Mar 21 12:55:36 kernel: [    0.807683] pci 0000:00:16.7: PCI bridge to [bus 12]
Mar 21 12:55:36 kernel: [    0.807705] pci 0000:00:16.7:   bridge window [mem 0xfb700000-0xfb7fffff]
Mar 21 12:55:36 kernel: [    0.807719] pci 0000:00:16.7:   bridge window [mem 0xe5d00000-0xe5dfffff 64bit pref]
Mar 21 12:55:36 kernel: [    0.807754] pci 0000:00:17.0: PCI bridge to [bus 13]
Mar 21 12:55:36 kernel: [    0.807762] pci 0000:00:17.0:   bridge window [io  0x6000-0x6fff]
Mar 21 12:55:36 kernel: [    0.807784] pci 0000:00:17.0:   bridge window [mem 0xfd200000-0xfd2fffff]
Mar 21 12:55:36 kernel: [    0.807799] pci 0000:00:17.0:   bridge window [mem 0xe7800000-0xe78fffff 64bit pref]
Mar 21 12:55:36 kernel: [    0.807833] pci 0000:00:17.1: PCI bridge to [bus 14]
Mar 21 12:55:36 kernel: [    0.807841] pci 0000:00:17.1:   bridge window [io  0xa000-0xafff]
Mar 21 12:55:36 kernel: [    0.807863] pci 0000:00:17.1:   bridge window [mem 0xfce00000-0xfcefffff]
Mar 21 12:55:36 kernel: [    0.807878] pci 0000:00:17.1:   bridge window [mem 0xe7400000-0xe74fffff 64bit pref]
Mar 21 12:55:36 kernel: [    0.807913] pci 0000:00:17.2: PCI bridge to [bus 15]
Mar 21 12:55:36 kernel: [    0.807921] pci 0000:00:17.2:   bridge window [io  0xe000-0xefff]
Mar 21 12:55:36 kernel: [    0.807942] pci 0000:00:17.2:   bridge window [mem 0xfca00000-0xfcafffff]
Mar 21 12:55:36 kernel: [    0.807957] pci 0000:00:17.2:   bridge window [mem 0xe7000000-0xe70fffff 64bit pref]
Mar 21 12:55:36 kernel: [    0.807992] pci 0000:00:17.3: PCI bridge to [bus 16]
Mar 21 12:55:36 kernel: [    0.808014] pci 0000:00:17.3:   bridge window [mem 0xfc600000-0xfc6fffff]
Mar 21 12:55:36 kernel: [    0.808028] pci 0000:00:17.3:   bridge window [mem 0xe6c00000-0xe6cfffff 64bit pref]
Mar 21 12:55:36 kernel: [    0.808063] pci 0000:00:17.4: PCI bridge to [bus 17]
Mar 21 12:55:36 kernel: [    0.808085] pci 0000:00:17.4:   bridge window [mem 0xfc200000-0xfc2fffff]
Mar 21 12:55:36 kernel: [    0.808100] pci 0000:00:17.4:   bridge window [mem 0xe6800000-0xe68fffff 64bit pref]
Mar 21 12:55:36 kernel: [    0.808134] pci 0000:00:17.5: PCI bridge to [bus 18]
Mar 21 12:55:36 kernel: [    0.808185] pci 0000:00:17.5:   bridge window [mem 0xfbe00000-0xfbefffff]
Mar 21 12:55:36 kernel: [    0.808200] pci 0000:00:17.5:   bridge window [mem 0xe6400000-0xe64fffff 64bit pref]
Mar 21 12:55:36 kernel: [    0.808235] pci 0000:00:17.6: PCI bridge to [bus 19]
Mar 21 12:55:36 kernel: [    0.808257] pci 0000:00:17.6:   bridge window [mem 0xfba00000-0xfbafffff]
Mar 21 12:55:36 kernel: [    0.808272] pci 0000:00:17.6:   bridge window [mem 0xe6000000-0xe60fffff 64bit pref]
Mar 21 12:55:36 kernel: [    0.808307] pci 0000:00:17.7: PCI bridge to [bus 1a]
Mar 21 12:55:36 kernel: [    0.808329] pci 0000:00:17.7:   bridge window [mem 0xfb600000-0xfb6fffff]
Mar 21 12:55:36 kernel: [    0.808343] pci 0000:00:17.7:   bridge window [mem 0xe5c00000-0xe5cfffff 64bit pref]
Mar 21 12:55:36 kernel: [    0.808378] pci 0000:00:18.0: PCI bridge to [bus 1b]
Mar 21 12:55:36 kernel: [    0.808386] pci 0000:00:18.0:   bridge window [io  0x7000-0x7fff]
Mar 21 12:55:36 kernel: [    0.808408] pci 0000:00:18.0:   bridge window [mem 0xfd100000-0xfd1fffff]
Mar 21 12:55:36 kernel: [    0.808423] pci 0000:00:18.0:   bridge window [mem 0xe7700000-0xe77fffff 64bit pref]
Mar 21 12:55:36 kernel: [    0.808457] pci 0000:00:18.1: PCI bridge to [bus 1c]
Mar 21 12:55:36 kernel: [    0.808466] pci 0000:00:18.1:   bridge window [io  0xb000-0xbfff]
Mar 21 12:55:36 kernel: [    0.808487] pci 0000:00:18.1:   bridge window [mem 0xfcd00000-0xfcdfffff]
Mar 21 12:55:36 kernel: [    0.808502] pci 0000:00:18.1:   bridge window [mem 0xe7300000-0xe73fffff 64bit pref]
Mar 21 12:55:36 kernel: [    0.808537] pci 0000:00:18.2: PCI bridge to [bus 1d]
Mar 21 12:55:36 kernel: [    0.808559] pci 0000:00:18.2:   bridge window [mem 0xfc900000-0xfc9fffff]
Mar 21 12:55:36 kernel: [    0.808574] pci 0000:00:18.2:   bridge window [mem 0xe6f00000-0xe6ffffff 64bit pref]
Mar 21 12:55:36 kernel: [    0.808609] pci 0000:00:18.3: PCI bridge to [bus 1e]
Mar 21 12:55:36 kernel: [    0.808631] pci 0000:00:18.3:   bridge window [mem 0xfc500000-0xfc5fffff]
Mar 21 12:55:36 kernel: [    0.808645] pci 0000:00:18.3:   bridge window [mem 0xe6b00000-0xe6bfffff 64bit pref]
Mar 21 12:55:36 kernel: [    0.808680] pci 0000:00:18.4: PCI bridge to [bus 1f]
Mar 21 12:55:36 kernel: [    0.808702] pci 0000:00:18.4:   bridge window [mem 0xfc100000-0xfc1fffff]
Mar 21 12:55:36 kernel: [    0.808716] pci 0000:00:18.4:   bridge window [mem 0xe6700000-0xe67fffff 64bit pref]
Mar 21 12:55:36 kernel: [    0.808751] pci 0000:00:18.5: PCI bridge to [bus 20]
Mar 21 12:55:36 kernel: [    0.808773] pci 0000:00:18.5:   bridge window [mem 0xfbd00000-0xfbdfffff]
Mar 21 12:55:36 kernel: [    0.808788] pci 0000:00:18.5:   bridge window [mem 0xe6300000-0xe63fffff 64bit pref]
Mar 21 12:55:36 kernel: [    0.808823] pci 0000:00:18.6: PCI bridge to [bus 21]
Mar 21 12:55:36 kernel: [    0.808844] pci 0000:00:18.6:   bridge window [mem 0xfb900000-0xfb9fffff]
Mar 21 12:55:36 kernel: [    0.808859] pci 0000:00:18.6:   bridge window [mem 0xe5f00000-0xe5ffffff 64bit pref]
Mar 21 12:55:36 kernel: [    0.808894] pci 0000:00:18.7: PCI bridge to [bus 22]
Mar 21 12:55:36 kernel: [    0.808916] pci 0000:00:18.7:   bridge window [mem 0xfb500000-0xfb5fffff]
Mar 21 12:55:36 kernel: [    0.808930] pci 0000:00:18.7:   bridge window [mem 0xe5b00000-0xe5bfffff 64bit pref]
Mar 21 12:55:36 kernel: [    0.808966] pci_bus 0000:00: resource 4 [mem 0x000a0000-0x000bffff window]
Mar 21 12:55:36 kernel: [    0.808966] pci_bus 0000:00: resource 5 [mem 0x000cc000-0x000cffff window]
Mar 21 12:55:36 kernel: [    0.808967] pci_bus 0000:00: resource 6 [mem 0x000d0000-0x000d3fff window]
Mar 21 12:55:36 kernel: [    0.808967] pci_bus 0000:00: resource 7 [mem 0x000d4000-0x000d7fff window]
Mar 21 12:55:36 kernel: [    0.808968] pci_bus 0000:00: resource 8 [mem 0x000d8000-0x000dbfff window]
Mar 21 12:55:36 kernel: [    0.808968] pci_bus 0000:00: resource 9 [mem 0xc0000000-0xfebfffff window]
Mar 21 12:55:36 kernel: [    0.808969] pci_bus 0000:00: resource 10 [io  0x0000-0x0cf7 window]
Mar 21 12:55:36 kernel: [    0.808970] pci_bus 0000:00: resource 11 [io  0x0d00-0xfeff window]
Mar 21 12:55:36 kernel: [    0.808970] pci_bus 0000:02: resource 0 [io  0x2000-0x3fff]
Mar 21 12:55:36 kernel: [    0.808971] pci_bus 0000:02: resource 1 [mem 0xfd500000-0xfdffffff]
Mar 21 12:55:36 kernel: [    0.808971] pci_bus 0000:02: resource 2 [mem 0xe7b00000-0xe7ffffff 64bit pref]
Mar 21 12:55:36 kernel: [    0.808972] pci_bus 0000:02: resource 4 [mem 0x000a0000-0x000bffff window]
Mar 21 12:55:36 kernel: [    0.808973] pci_bus 0000:02: resource 5 [mem 0x000cc000-0x000cffff window]
Mar 21 12:55:36 kernel: [    0.808973] pci_bus 0000:02: resource 6 [mem 0x000d0000-0x000d3fff window]
Mar 21 12:55:36 kernel: [    0.808973] pci_bus 0000:02: resource 7 [mem 0x000d4000-0x000d7fff window]
Mar 21 12:55:36 kernel: [    0.808974] pci_bus 0000:02: resource 8 [mem 0x000d8000-0x000dbfff window]
Mar 21 12:55:36 kernel: [    0.808974] pci_bus 0000:02: resource 9 [mem 0xc0000000-0xfebfffff window]
Mar 21 12:55:36 kernel: [    0.808975] pci_bus 0000:02: resource 10 [io  0x0000-0x0cf7 window]
Mar 21 12:55:36 kernel: [    0.808975] pci_bus 0000:02: resource 11 [io  0x0d00-0xfeff window]
Mar 21 12:55:36 kernel: [    0.808976] pci_bus 0000:03: resource 0 [io  0x4000-0x4fff]
Mar 21 12:55:36 kernel: [    0.808977] pci_bus 0000:03: resource 1 [mem 0xfd400000-0xfd4fffff]
Mar 21 12:55:36 kernel: [    0.808977] pci_bus 0000:03: resource 2 [mem 0xe7a00000-0xe7afffff 64bit pref]
Mar 21 12:55:36 kernel: [    0.808978] pci_bus 0000:04: resource 0 [io  0x8000-0x8fff]
Mar 21 12:55:36 kernel: [    0.808978] pci_bus 0000:04: resource 1 [mem 0xfd000000-0xfd0fffff]
Mar 21 12:55:36 kernel: [    0.808979] pci_bus 0000:04: resource 2 [mem 0xe7600000-0xe76fffff 64bit pref]
Mar 21 12:55:36 kernel: [    0.808979] pci_bus 0000:05: resource 0 [io  0xc000-0xcfff]
Mar 21 12:55:36 kernel: [    0.808980] pci_bus 0000:05: resource 1 [mem 0xfcc00000-0xfccfffff]
Mar 21 12:55:36 kernel: [    0.808980] pci_bus 0000:05: resource 2 [mem 0xe7200000-0xe72fffff 64bit pref]
Mar 21 12:55:36 kernel: [    0.808981] pci_bus 0000:06: resource 1 [mem 0xfc800000-0xfc8fffff]
Mar 21 12:55:36 kernel: [    0.808981] pci_bus 0000:06: resource 2 [mem 0xe6e00000-0xe6efffff 64bit pref]
Mar 21 12:55:36 kernel: [    0.808982] pci_bus 0000:07: resource 1 [mem 0xfc400000-0xfc4fffff]
Mar 21 12:55:36 kernel: [    0.808982] pci_bus 0000:07: resource 2 [mem 0xe6a00000-0xe6afffff 64bit pref]
Mar 21 12:55:36 kernel: [    0.808983] pci_bus 0000:08: resource 1 [mem 0xfc000000-0xfc0fffff]
Mar 21 12:55:36 kernel: [    0.808983] pci_bus 0000:08: resource 2 [mem 0xe6600000-0xe66fffff 64bit pref]
Mar 21 12:55:36 kernel: [    0.808984] pci_bus 0000:09: resource 1 [mem 0xfbc00000-0xfbcfffff]
Mar 21 12:55:36 kernel: [    0.808984] pci_bus 0000:09: resource 2 [mem 0xe6200000-0xe62fffff 64bit pref]
Mar 21 12:55:36 kernel: [    0.808985] pci_bus 0000:0a: resource 1 [mem 0xfb800000-0xfb8fffff]
Mar 21 12:55:36 kernel: [    0.808985] pci_bus 0000:0a: resource 2 [mem 0xe5e00000-0xe5efffff 64bit pref]
Mar 21 12:55:36 kernel: [    0.808986] pci_bus 0000:0b: resource 0 [io  0x5000-0x5fff]
Mar 21 12:55:36 kernel: [    0.808986] pci_bus 0000:0b: resource 1 [mem 0xfd300000-0xfd3fffff]
Mar 21 12:55:36 kernel: [    0.808987] pci_bus 0000:0b: resource 2 [mem 0xe7900000-0xe79fffff 64bit pref]
Mar 21 12:55:36 kernel: [    0.808988] pci_bus 0000:0c: resource 0 [io  0x9000-0x9fff]
Mar 21 12:55:36 kernel: [    0.808988] pci_bus 0000:0c: resource 1 [mem 0xfcf00000-0xfcffffff]
Mar 21 12:55:36 kernel: [    0.808989] pci_bus 0000:0c: resource 2 [mem 0xe7500000-0xe75fffff 64bit pref]
Mar 21 12:55:36 kernel: [    0.808989] pci_bus 0000:0d: resource 0 [io  0xd000-0xdfff]
Mar 21 12:55:36 kernel: [    0.808990] pci_bus 0000:0d: resource 1 [mem 0xfcb00000-0xfcbfffff]
Mar 21 12:55:36 kernel: [    0.808990] pci_bus 0000:0d: resource 2 [mem 0xe7100000-0xe71fffff 64bit pref]
Mar 21 12:55:36 kernel: [    0.808991] pci_bus 0000:0e: resource 1 [mem 0xfc700000-0xfc7fffff]
Mar 21 12:55:36 kernel: [    0.808991] pci_bus 0000:0e: resource 2 [mem 0xe6d00000-0xe6dfffff 64bit pref]
Mar 21 12:55:36 kernel: [    0.808992] pci_bus 0000:0f: resource 1 [mem 0xfc300000-0xfc3fffff]
Mar 21 12:55:36 kernel: [    0.808992] pci_bus 0000:0f: resource 2 [mem 0xe6900000-0xe69fffff 64bit pref]
Mar 21 12:55:36 kernel: [    0.808993] pci_bus 0000:10: resource 1 [mem 0xfbf00000-0xfbffffff]
Mar 21 12:55:36 kernel: [    0.808993] pci_bus 0000:10: resource 2 [mem 0xe6500000-0xe65fffff 64bit pref]
Mar 21 12:55:36 kernel: [    0.808994] pci_bus 0000:11: resource 1 [mem 0xfbb00000-0xfbbfffff]
Mar 21 12:55:36 kernel: [    0.808994] pci_bus 0000:11: resource 2 [mem 0xe6100000-0xe61fffff 64bit pref]
Mar 21 12:55:36 kernel: [    0.808995] pci_bus 0000:12: resource 1 [mem 0xfb700000-0xfb7fffff]
Mar 21 12:55:36 kernel: [    0.808995] pci_bus 0000:12: resource 2 [mem 0xe5d00000-0xe5dfffff 64bit pref]
Mar 21 12:55:36 kernel: [    0.808996] pci_bus 0000:13: resource 0 [io  0x6000-0x6fff]
